Linked: (/home/nvidia/crawler_control/devel/.private/util/lib/python3/dist-packages/util/__init__.py, /home/nvidia/crawler_control/devel/lib/python3/dist-packages/util/__init__.py)
Linked: (/home/nvidia/crawler_control/devel/.private/util/lib/python3/dist-packages/util/msg/__init__.py, /home/nvidia/crawler_control/devel/lib/python3/dist-packages/util/msg/__init__.py)
Linked: (/home/nvidia/crawler_control/devel/.private/util/lib/python3/dist-packages/util/msg/_LocalPath.py, /home/nvidia/crawler_control/devel/lib/python3/dist-packages/util/msg/_LocalPath.py)
Linked: (/home/nvidia/crawler_control/devel/.private/util/lib/python3/dist-packages/util/msg/_MapPath.py, /home/nvidia/crawler_control/devel/lib/python3/dist-packages/util/msg/_MapPath.py)
Linked: (/home/nvidia/crawler_control/devel/.private/util/lib/python3/dist-packages/util/msg/_LocalPose.py, /home/nvidia/crawler_control/devel/lib/python3/dist-packages/util/msg/_LocalPose.py)
Linked: (/home/nvidia/crawler_control/devel/.private/util/lib/python3/dist-packages/util/msg/_Position.py, /home/nvidia/crawler_control/devel/lib/python3/dist-packages/util/msg/_Position.py)
Linked: (/home/nvidia/crawler_control/devel/.private/util/lib/python3/dist-packages/util/msg/_DiagnosticResult.py, /home/nvidia/crawler_control/devel/lib/python3/dist-packages/util/msg/_DiagnosticResult.py)
Linked: (/home/nvidia/crawler_control/devel/.private/util/lib/python3/dist-packages/util/msg/_PolygonWithHolesStamped.py, /home/nvidia/crawler_control/devel/lib/python3/dist-packages/util/msg/_PolygonWithHolesStamped.py)
Linked: (/home/nvidia/crawler_control/devel/.private/util/lib/python3/dist-packages/util/msg/_GpsPosition.py, /home/nvidia/crawler_control/devel/lib/python3/dist-packages/util/msg/_GpsPosition.py)
Linked: (/home/nvidia/crawler_control/devel/.private/util/lib/python3/dist-packages/util/msg/_PolygonWithHoles.py, /home/nvidia/crawler_control/devel/lib/python3/dist-packages/util/msg/_PolygonWithHoles.py)
Linked: (/home/nvidia/crawler_control/devel/.private/util/lib/python3/dist-packages/util/srv/__init__.py, /home/nvidia/crawler_control/devel/lib/python3/dist-packages/util/srv/__init__.py)
Linked: (/home/nvidia/crawler_control/devel/.private/util/lib/python3/dist-packages/util/srv/_Intervene.py, /home/nvidia/crawler_control/devel/lib/python3/dist-packages/util/srv/_Intervene.py)
Linked: (/home/nvidia/crawler_control/devel/.private/util/lib/pkgconfig/util.pc, /home/nvidia/crawler_control/devel/lib/pkgconfig/util.pc)
Linked: (/home/nvidia/crawler_control/devel/.private/util/include/util/InterveneResponse.h, /home/nvidia/crawler_control/devel/include/util/InterveneResponse.h)
Linked: (/home/nvidia/crawler_control/devel/.private/util/include/util/DiagnosticResult.h, /home/nvidia/crawler_control/devel/include/util/DiagnosticResult.h)
Linked: (/home/nvidia/crawler_control/devel/.private/util/include/util/LocalPath.h, /home/nvidia/crawler_control/devel/include/util/LocalPath.h)
Linked: (/home/nvidia/crawler_control/devel/.private/util/include/util/InterveneRequest.h, /home/nvidia/crawler_control/devel/include/util/InterveneRequest.h)
Linked: (/home/nvidia/crawler_control/devel/.private/util/include/util/LocalPose.h, /home/nvidia/crawler_control/devel/include/util/LocalPose.h)
Linked: (/home/nvidia/crawler_control/devel/.private/util/include/util/GpsPosition.h, /home/nvidia/crawler_control/devel/include/util/GpsPosition.h)
Linked: (/home/nvidia/crawler_control/devel/.private/util/include/util/Intervene.h, /home/nvidia/crawler_control/devel/include/util/Intervene.h)
Linked: (/home/nvidia/crawler_control/devel/.private/util/include/util/PolygonWithHoles.h, /home/nvidia/crawler_control/devel/include/util/PolygonWithHoles.h)
Linked: (/home/nvidia/crawler_control/devel/.private/util/include/util/Position.h, /home/nvidia/crawler_control/devel/include/util/Position.h)
Linked: (/home/nvidia/crawler_control/devel/.private/util/include/util/PolygonWithHolesStamped.h, /home/nvidia/crawler_control/devel/include/util/PolygonWithHolesStamped.h)
Linked: (/home/nvidia/crawler_control/devel/.private/util/include/util/MapPath.h, /home/nvidia/crawler_control/devel/include/util/MapPath.h)
Linked: (/home/nvidia/crawler_control/devel/.private/util/share/common-lisp/ros/util/msg/DiagnosticResult.lisp, /home/nvidia/crawler_control/devel/share/common-lisp/ros/util/msg/DiagnosticResult.lisp)
Linked: (/home/nvidia/crawler_control/devel/.private/util/share/common-lisp/ros/util/msg/PolygonWithHoles.lisp, /home/nvidia/crawler_control/devel/share/common-lisp/ros/util/msg/PolygonWithHoles.lisp)
Linked: (/home/nvidia/crawler_control/devel/.private/util/share/common-lisp/ros/util/msg/Position.lisp, /home/nvidia/crawler_control/devel/share/common-lisp/ros/util/msg/Position.lisp)
Linked: (/home/nvidia/crawler_control/devel/.private/util/share/common-lisp/ros/util/msg/LocalPath.lisp, /home/nvidia/crawler_control/devel/share/common-lisp/ros/util/msg/LocalPath.lisp)
Linked: (/home/nvidia/crawler_control/devel/.private/util/share/common-lisp/ros/util/msg/util-msg.asd, /home/nvidia/crawler_control/devel/share/common-lisp/ros/util/msg/util-msg.asd)
Linked: (/home/nvidia/crawler_control/devel/.private/util/share/common-lisp/ros/util/msg/_package_DiagnosticResult.lisp, /home/nvidia/crawler_control/devel/share/common-lisp/ros/util/msg/_package_DiagnosticResult.lisp)
Linked: (/home/nvidia/crawler_control/devel/.private/util/share/common-lisp/ros/util/msg/LocalPose.lisp, /home/nvidia/crawler_control/devel/share/common-lisp/ros/util/msg/LocalPose.lisp)
Linked: (/home/nvidia/crawler_control/devel/.private/util/share/common-lisp/ros/util/msg/_package_PolygonWithHolesStamped.lisp, /home/nvidia/crawler_control/devel/share/common-lisp/ros/util/msg/_package_PolygonWithHolesStamped.lisp)
Linked: (/home/nvidia/crawler_control/devel/.private/util/share/common-lisp/ros/util/msg/_package_Position.lisp, /home/nvidia/crawler_control/devel/share/common-lisp/ros/util/msg/_package_Position.lisp)
Linked: (/home/nvidia/crawler_control/devel/.private/util/share/common-lisp/ros/util/msg/GpsPosition.lisp, /home/nvidia/crawler_control/devel/share/common-lisp/ros/util/msg/GpsPosition.lisp)
Linked: (/home/nvidia/crawler_control/devel/.private/util/share/common-lisp/ros/util/msg/_package.lisp, /home/nvidia/crawler_control/devel/share/common-lisp/ros/util/msg/_package.lisp)
Linked: (/home/nvidia/crawler_control/devel/.private/util/share/common-lisp/ros/util/msg/_package_MapPath.lisp, /home/nvidia/crawler_control/devel/share/common-lisp/ros/util/msg/_package_MapPath.lisp)
Linked: (/home/nvidia/crawler_control/devel/.private/util/share/common-lisp/ros/util/msg/PolygonWithHolesStamped.lisp, /home/nvidia/crawler_control/devel/share/common-lisp/ros/util/msg/PolygonWithHolesStamped.lisp)
Linked: (/home/nvidia/crawler_control/devel/.private/util/share/common-lisp/ros/util/msg/_package_LocalPath.lisp, /home/nvidia/crawler_control/devel/share/common-lisp/ros/util/msg/_package_LocalPath.lisp)
Linked: (/home/nvidia/crawler_control/devel/.private/util/share/common-lisp/ros/util/msg/MapPath.lisp, /home/nvidia/crawler_control/devel/share/common-lisp/ros/util/msg/MapPath.lisp)
Linked: (/home/nvidia/crawler_control/devel/.private/util/share/common-lisp/ros/util/msg/_package_LocalPose.lisp, /home/nvidia/crawler_control/devel/share/common-lisp/ros/util/msg/_package_LocalPose.lisp)
Linked: (/home/nvidia/crawler_control/devel/.private/util/share/common-lisp/ros/util/msg/_package_PolygonWithHoles.lisp, /home/nvidia/crawler_control/devel/share/common-lisp/ros/util/msg/_package_PolygonWithHoles.lisp)
Linked: (/home/nvidia/crawler_control/devel/.private/util/share/common-lisp/ros/util/msg/_package_GpsPosition.lisp, /home/nvidia/crawler_control/devel/share/common-lisp/ros/util/msg/_package_GpsPosition.lisp)
Linked: (/home/nvidia/crawler_control/devel/.private/util/share/common-lisp/ros/util/srv/_package.lisp, /home/nvidia/crawler_control/devel/share/common-lisp/ros/util/srv/_package.lisp)
Linked: (/home/nvidia/crawler_control/devel/.private/util/share/common-lisp/ros/util/srv/Intervene.lisp, /home/nvidia/crawler_control/devel/share/common-lisp/ros/util/srv/Intervene.lisp)
Linked: (/home/nvidia/crawler_control/devel/.private/util/share/common-lisp/ros/util/srv/util-srv.asd, /home/nvidia/crawler_control/devel/share/common-lisp/ros/util/srv/util-srv.asd)
Linked: (/home/nvidia/crawler_control/devel/.private/util/share/common-lisp/ros/util/srv/_package_Intervene.lisp, /home/nvidia/crawler_control/devel/share/common-lisp/ros/util/srv/_package_Intervene.lisp)
Linked: (/home/nvidia/crawler_control/devel/.private/util/share/roseus/ros/util/manifest.l, /home/nvidia/crawler_control/devel/share/roseus/ros/util/manifest.l)
Linked: (/home/nvidia/crawler_control/devel/.private/util/share/roseus/ros/util/msg/MapPath.l, /home/nvidia/crawler_control/devel/share/roseus/ros/util/msg/MapPath.l)
Linked: (/home/nvidia/crawler_control/devel/.private/util/share/roseus/ros/util/msg/Position.l, /home/nvidia/crawler_control/devel/share/roseus/ros/util/msg/Position.l)
Linked: (/home/nvidia/crawler_control/devel/.private/util/share/roseus/ros/util/msg/DiagnosticResult.l, /home/nvidia/crawler_control/devel/share/roseus/ros/util/msg/DiagnosticResult.l)
Linked: (/home/nvidia/crawler_control/devel/.private/util/share/roseus/ros/util/msg/PolygonWithHoles.l, /home/nvidia/crawler_control/devel/share/roseus/ros/util/msg/PolygonWithHoles.l)
Linked: (/home/nvidia/crawler_control/devel/.private/util/share/roseus/ros/util/msg/LocalPose.l, /home/nvidia/crawler_control/devel/share/roseus/ros/util/msg/LocalPose.l)
Linked: (/home/nvidia/crawler_control/devel/.private/util/share/roseus/ros/util/msg/LocalPath.l, /home/nvidia/crawler_control/devel/share/roseus/ros/util/msg/LocalPath.l)
Linked: (/home/nvidia/crawler_control/devel/.private/util/share/roseus/ros/util/msg/PolygonWithHolesStamped.l, /home/nvidia/crawler_control/devel/share/roseus/ros/util/msg/PolygonWithHolesStamped.l)
Linked: (/home/nvidia/crawler_control/devel/.private/util/share/roseus/ros/util/msg/GpsPosition.l, /home/nvidia/crawler_control/devel/share/roseus/ros/util/msg/GpsPosition.l)
Linked: (/home/nvidia/crawler_control/devel/.private/util/share/roseus/ros/util/srv/Intervene.l, /home/nvidia/crawler_control/devel/share/roseus/ros/util/srv/Intervene.l)
Linked: (/home/nvidia/crawler_control/devel/.private/util/share/util/cmake/util-msg-paths.cmake, /home/nvidia/crawler_control/devel/share/util/cmake/util-msg-paths.cmake)
Linked: (/home/nvidia/crawler_control/devel/.private/util/share/util/cmake/utilConfig-version.cmake, /home/nvidia/crawler_control/devel/share/util/cmake/utilConfig-version.cmake)
Linked: (/home/nvidia/crawler_control/devel/.private/util/share/util/cmake/utilConfig.cmake, /home/nvidia/crawler_control/devel/share/util/cmake/utilConfig.cmake)
Linked: (/home/nvidia/crawler_control/devel/.private/util/share/util/cmake/util-msg-extras.cmake, /home/nvidia/crawler_control/devel/share/util/cmake/util-msg-extras.cmake)
Linked: (/home/nvidia/crawler_control/devel/.private/util/share/gennodejs/ros/util/_index.js, /home/nvidia/crawler_control/devel/share/gennodejs/ros/util/_index.js)
Linked: (/home/nvidia/crawler_control/devel/.private/util/share/gennodejs/ros/util/msg/PolygonWithHolesStamped.js, /home/nvidia/crawler_control/devel/share/gennodejs/ros/util/msg/PolygonWithHolesStamped.js)
Linked: (/home/nvidia/crawler_control/devel/.private/util/share/gennodejs/ros/util/msg/MapPath.js, /home/nvidia/crawler_control/devel/share/gennodejs/ros/util/msg/MapPath.js)
Linked: (/home/nvidia/crawler_control/devel/.private/util/share/gennodejs/ros/util/msg/PolygonWithHoles.js, /home/nvidia/crawler_control/devel/share/gennodejs/ros/util/msg/PolygonWithHoles.js)
Linked: (/home/nvidia/crawler_control/devel/.private/util/share/gennodejs/ros/util/msg/_index.js, /home/nvidia/crawler_control/devel/share/gennodejs/ros/util/msg/_index.js)
Linked: (/home/nvidia/crawler_control/devel/.private/util/share/gennodejs/ros/util/msg/DiagnosticResult.js, /home/nvidia/crawler_control/devel/share/gennodejs/ros/util/msg/DiagnosticResult.js)
Linked: (/home/nvidia/crawler_control/devel/.private/util/share/gennodejs/ros/util/msg/LocalPath.js, /home/nvidia/crawler_control/devel/share/gennodejs/ros/util/msg/LocalPath.js)
Linked: (/home/nvidia/crawler_control/devel/.private/util/share/gennodejs/ros/util/msg/Position.js, /home/nvidia/crawler_control/devel/share/gennodejs/ros/util/msg/Position.js)
Linked: (/home/nvidia/crawler_control/devel/.private/util/share/gennodejs/ros/util/msg/GpsPosition.js, /home/nvidia/crawler_control/devel/share/gennodejs/ros/util/msg/GpsPosition.js)
Linked: (/home/nvidia/crawler_control/devel/.private/util/share/gennodejs/ros/util/msg/LocalPose.js, /home/nvidia/crawler_control/devel/share/gennodejs/ros/util/msg/LocalPose.js)
Linked: (/home/nvidia/crawler_control/devel/.private/util/share/gennodejs/ros/util/srv/_index.js, /home/nvidia/crawler_control/devel/share/gennodejs/ros/util/srv/_index.js)
Linked: (/home/nvidia/crawler_control/devel/.private/util/share/gennodejs/ros/util/srv/Intervene.js, /home/nvidia/crawler_control/devel/share/gennodejs/ros/util/srv/Intervene.js)
