[  0%] Built target rosgraph_msgs_generate_messages_py
[  0%] Built target rosgraph_msgs_generate_messages_eus
[  0%] Built target rosgraph_msgs_generate_messages_nodejs
[  0%] Built target roscpp_generate_messages_lisp
[  0%] Built target rosgraph_msgs_generate_messages_cpp
[  0%] Built target std_msgs_generate_messages_eus
[  0%] Built target roscpp_generate_messages_eus
[  0%] Built target rosgraph_msgs_generate_messages_lisp
[  0%] Built target std_msgs_generate_messages_nodejs
[  0%] Built target roscpp_generate_messages_cpp
[  0%] Built target std_msgs_generate_messages_py
[35m[1mScanning dependencies of target can_msgs_generate_messages_nodejs[0m
[  0%] Built target can_msgs_generate_messages_py
[  0%] Built target can_msgs_generate_messages_nodejs
[  0%] Built target std_msgs_generate_messages_cpp
[  0%] Built target can_msgs_generate_messages_eus
[  0%] Built target can_msgs_generate_messages_lisp
[  0%] Built target can_msgs_generate_messages_cpp
[  0%] Built target std_msgs_generate_messages_lisp
[  0%] Built target roscpp_generate_messages_nodejs
[  0%] Built target roscpp_generate_messages_py
[35m[1mScanning dependencies of target socketcan_to_topic[0m
[35m[1mScanning dependencies of target topic_to_socketcan[0m
[35m[1mScanning dependencies of target socketcan_recover_ctrl[0m
[ 14%] [32mBuilding CXX object CMakeFiles/topic_to_socketcan.dir/src/rosconsole_bridge.cpp.o[0m
[ 14%] [32mBuilding CXX object CMakeFiles/topic_to_socketcan.dir/src/topic_to_socketcan.cpp.o[0m
[ 21%] [32mBuilding CXX object CMakeFiles/socketcan_to_topic.dir/src/rosconsole_bridge.cpp.o[0m
[ 28%] [32mBuilding CXX object CMakeFiles/socketcan_to_topic.dir/src/socketcan_to_topic.cpp.o[0m
[ 35%] [32mBuilding CXX object CMakeFiles/socketcan_recover_ctrl.dir/src/socketcan_recover_ctrl.cpp.o[0m
[ 42%] [32m[1mLinking CXX shared library /home/nvidia/crawler_control/devel/.private/socketcan_bridge/lib/libsocketcan_recover_ctrl.so[0m
[ 42%] Built target socketcan_recover_ctrl
[ 50%] [32m[1mLinking CXX shared library /home/nvidia/crawler_control/devel/.private/socketcan_bridge/lib/libsocketcan_to_topic.so[0m
[ 57%] [32m[1mLinking CXX shared library /home/nvidia/crawler_control/devel/.private/socketcan_bridge/lib/libtopic_to_socketcan.so[0m
[ 57%] Built target socketcan_to_topic
[35m[1mScanning dependencies of target socketcan_to_topic_node[0m
[ 57%] Built target topic_to_socketcan
[ 64%] [32mBuilding CXX object CMakeFiles/socketcan_to_topic_node.dir/src/socketcan_to_topic_node.cpp.o[0m
[35m[1mScanning dependencies of target socketcan_bridge_node[0m
[ 71%] [32mBuilding CXX object CMakeFiles/socketcan_bridge_node.dir/src/socketcan_bridge_node.cpp.o[0m
[35m[1mScanning dependencies of target topic_to_socketcan_node[0m
[ 78%] [32mBuilding CXX object CMakeFiles/topic_to_socketcan_node.dir/src/topic_to_socketcan_node.cpp.o[0m
[ 85%] [32m[1mLinking CXX executable /home/nvidia/crawler_control/devel/.private/socketcan_bridge/lib/socketcan_bridge/socketcan_bridge_node[0m
[ 92%] [32m[1mLinking CXX executable /home/nvidia/crawler_control/devel/.private/socketcan_bridge/lib/socketcan_bridge/socketcan_to_topic_node[0m
[100%] [32m[1mLinking CXX executable /home/nvidia/crawler_control/devel/.private/socketcan_bridge/lib/socketcan_bridge/topic_to_socketcan_node[0m
/usr/bin/ld: warning: libboost_thread.so.1.72.0, needed by /home/nvidia/crawler_control/devel/.private/socketcan_bridge/lib/libtopic_to_socketcan.so, may conflict with libboost_thread.so.1.71.0
[100%] Built target socketcan_bridge_node
/usr/bin/ld: warning: libboost_thread.so.1.72.0, needed by /home/nvidia/crawler_control/devel/.private/socketcan_bridge/lib/libsocketcan_to_topic.so, may conflict with libboost_thread.so.1.71.0
[100%] Built target socketcan_to_topic_node
/usr/bin/ld: warning: libboost_thread.so.1.72.0, needed by /home/nvidia/crawler_control/devel/.private/socketcan_bridge/lib/libtopic_to_socketcan.so, may conflict with libboost_thread.so.1.71.0
[100%] Built target topic_to_socketcan_node
