Scanning dependencies of target roscpp_generate_messages_nodejs
Scanning dependencies of target util_generate_messages_nodejs
Scanning dependencies of target mower_msgs_generate_messages_py
Scanning dependencies of target mower_msgs_generate_messages_lisp
Scanning dependencies of target rosgraph_msgs_generate_messages_eus
Scanning dependencies of target std_msgs_generate_messages_eus
Scanning dependencies of target rosgraph_msgs_generate_messages_cpp
[  0%] Built target mower_msgs_generate_messages_lisp
[  0%] Built target mower_msgs_generate_messages_py
[  0%] Built target roscpp_generate_messages_nodejs
[  0%] Built target rosgraph_msgs_generate_messages_eus
[  0%] Built target util_generate_messages_nodejs
[  0%] Built target rosgraph_msgs_generate_messages_cpp
Scanning dependencies of target roscpp_generate_messages_eus
[  0%] Built target std_msgs_generate_messages_eus
Scanning dependencies of target util_generate_messages_py
Scanning dependencies of target roscpp_generate_messages_cpp
Scanning dependencies of target roscpp_generate_messages_py
Scanning dependencies of target rosgraph_msgs_generate_messages_py
Scanning dependencies of target rosgraph_msgs_generate_messages_lisp
[  0%] Built target util_generate_messages_py
[  0%] Built target roscpp_generate_messages_py
Scanning dependencies of target roscpp_generate_messages_lisp
[  0%] Built target roscpp_generate_messages_eus
[  0%] Built target roscpp_generate_messages_cpp
[  0%] Built target rosgraph_msgs_generate_messages_py
[  0%] Built target roscpp_generate_messages_lisp
[  0%] Built target rosgraph_msgs_generate_messages_lisp
Scanning dependencies of target rosgraph_msgs_generate_messages_nodejs
Scanning dependencies of target mower_msgs_generate_messages_nodejs
Scanning dependencies of target std_msgs_generate_messages_py
Scanning dependencies of target std_msgs_generate_messages_cpp
Scanning dependencies of target mower_msgs_generate_messages_cpp
Scanning dependencies of target std_msgs_generate_messages_lisp
[  0%] Built target rosgraph_msgs_generate_messages_nodejs
Scanning dependencies of target mower_msgs_generate_messages_eus
[  0%] Built target std_msgs_generate_messages_cpp
[  0%] Built target std_msgs_generate_messages_py
[  0%] Built target mower_msgs_generate_messages_nodejs
[  0%] Built target std_msgs_generate_messages_lisp
[  0%] Built target mower_msgs_generate_messages_cpp
Scanning dependencies of target util_generate_messages_cpp
Scanning dependencies of target util_generate_messages_eus
Scanning dependencies of target std_msgs_generate_messages_nodejs
[  0%] Built target mower_msgs_generate_messages_eus
Scanning dependencies of target util_generate_messages_lisp
[  0%] Built target util_generate_messages_cpp
[  0%] Built target util_generate_messages_eus
[  0%] Built target std_msgs_generate_messages_nodejs
[  0%] Built target util_generate_messages_lisp
Scanning dependencies of target sysid_recorder_node
[ 50%] Building CXX object CMakeFiles/sysid_recorder_node.dir/src/sysid_recorder_node.cpp.o
[100%] Linking CXX executable /home/huilian/hc26_6_30/crawler_control/devel/lib/sysid_recorder/sysid_recorder_node
[100%] Built target sysid_recorder_node
