[0m[ INFO] [1789877213.448095581]: Global path planning node started[0m
[2026-09-20 12:12:19] 全局规划器重置成功！
[2026-09-20 12:12:19] 割草任务停止
[0m[ INFO] [1789878550.848187450]: [2026-09-20 12:29:10] 等待全覆盖弓型轨迹......[0m
[0m[ INFO] [1789878550.948114628]: [2026-09-20 12:29:10] 等待全覆盖弓型轨迹......[0m
[0m[ INFO] [1789878551.048105902]: [2026-09-20 12:29:11] 等待全覆盖弓型轨迹......[0m
[0m[ INFO] [1789878551.148082456]: [2026-09-20 12:29:11] 等待全覆盖弓型轨迹......[0m
[0m[ INFO] [1789878551.248091778]: [2026-09-20 12:29:11] 等待全覆盖弓型轨迹......[0m
[0m[ INFO] [1789878551.348085196]: [2026-09-20 12:29:11] 等待全覆盖弓型轨迹......[0m
[0m[ INFO] [1789878551.448102679]: [2026-09-20 12:29:11] 等待全覆盖弓型轨迹......[0m
[0m[ INFO] [1789878551.548095425]: [2026-09-20 12:29:11] 等待全覆盖弓型轨迹......[0m
[0m[ INFO] [1789878551.648106188]: [2026-09-20 12:29:11] 等待全覆盖弓型轨迹......[0m
[0m[ INFO] [1789878551.748115994]: [2026-09-20 12:29:11] 等待全覆盖弓型轨迹......[0m
[0m[ INFO] [1789878551.848110216]: [2026-09-20 12:29:11] 等待全覆盖弓型轨迹......[0m
[0m[ INFO] [1789878551.948085141]: [2026-09-20 12:29:11] 等待全覆盖弓型轨迹......[0m
[0m[ INFO] [1789878552.048110211]: [2026-09-20 12:29:12] 等待全覆盖弓型轨迹......[0m
[0m[ INFO] [1789878552.148086001]: [2026-09-20 12:29:12] 等待全覆盖弓型轨迹......[0m
[0m[ INFO] [1789878552.248090398]: [2026-09-20 12:29:12] 等待全覆盖弓型轨迹......[0m
[0m[ INFO] [1789878552.348086412]: [2026-09-20 12:29:12] 等待全覆盖弓型轨迹......[0m
[0m[ INFO] [1789878552.448110330]: [2026-09-20 12:29:12] 等待全覆盖弓型轨迹......[0m
[0m[ INFO] [1789878552.548103208]: [2026-09-20 12:29:12] 等待全覆盖弓型轨迹......[0m
[0m[ INFO] [1789878552.648093845]: [2026-09-20 12:29:12] 等待全覆盖弓型轨迹......[0m
[0m[ INFO] [1789878552.748095971]: [2026-09-20 12:29:12] 等待全覆盖弓型轨迹......[0m
[0m[ INFO] [1789878552.848087569]: [2026-09-20 12:29:12] 等待全覆盖弓型轨迹......[0m
[0m[ INFO] [1789878552.948079806]: [2026-09-20 12:29:12] 等待全覆盖弓型轨迹......[0m
[0m[ INFO] [1789878553.048091564]: [2026-09-20 12:29:13] 等待全覆盖弓型轨迹......[0m
[0m[ INFO] [1789878553.148094618]: [2026-09-20 12:29:13] 等待全覆盖弓型轨迹......[0m
[0m[ INFO] [1789878553.248084264]: [2026-09-20 12:29:13] 等待全覆盖弓型轨迹......[0m
[0m[ INFO] [1789878553.348085653]: [2026-09-20 12:29:13] 等待全覆盖弓型轨迹......[0m
[0m[ INFO] [1789878553.448104195]: [2026-09-20 12:29:13] 等待全覆盖弓型轨迹......[0m
[0m[ INFO] [1789878553.548098961]: [2026-09-20 12:29:13] 等待全覆盖弓型轨迹......[0m
[0m[ INFO] [1789878553.648093407]: [2026-09-20 12:29:13] 等待全覆盖弓型轨迹......[0m
[0m[ INFO] [1789878553.748122829]: [2026-09-20 12:29:13] 等待全覆盖弓型轨迹......[0m
[0m[ INFO] [1789878553.848096730]: [2026-09-20 12:29:13] 等待全覆盖弓型轨迹......[0m
[0m[ INFO] [1789878553.948098344]: [2026-09-20 12:29:13] 等待全覆盖弓型轨迹......[0m
[0m[ INFO] [1789878554.048095478]: [2026-09-20 12:29:14] 等待全覆盖弓型轨迹......[0m
[0m[ INFO] [1789878554.148075427]: [2026-09-20 12:29:14] 等待全覆盖弓型轨迹......[0m
[0m[ INFO] [1789878554.248080241]: [2026-09-20 12:29:14] 等待全覆盖弓型轨迹......[0m
[0m[ INFO] [1789878554.348090431]: [2026-09-20 12:29:14] 等待全覆盖弓型轨迹......[0m
[0m[ INFO] [1789878554.448105869]: [2026-09-20 12:29:14] 等待全覆盖弓型轨迹......[0m
[0m[ INFO] [1789878554.548104922]: [2026-09-20 12:29:14] 等待全覆盖弓型轨迹......[0m
[0m[ INFO] [1789878554.648102344]: [2026-09-20 12:29:14] 等待全覆盖弓型轨迹......[0m
[0m[ INFO] [1789878554.748115862]: [2026-09-20 12:29:14] 等待全覆盖弓型轨迹......[0m
[0m[ INFO] [1789878554.848098083]: [2026-09-20 12:29:14] 等待全覆盖弓型轨迹......[0m
[0m[ INFO] [1789878554.948124753]: [2026-09-20 12:29:14] 等待全覆盖弓型轨迹......[0m
[0m[ INFO] [1789878555.048102271]: [2026-09-20 12:29:15] 等待全覆盖弓型轨迹......[0m
[0m[ INFO] [1789878555.148100045]: [2026-09-20 12:29:15] 等待全覆盖弓型轨迹......[0m
[0m[ INFO] [1789878555.248090394]: [2026-09-20 12:29:15] 等待全覆盖弓型轨迹......[0m
[0m[ INFO] [1789878555.348086408]: [2026-09-20 12:29:15] 等待全覆盖弓型轨迹......[0m
[0m[ INFO] [1789878555.448086774]: [2026-09-20 12:29:15] 等待全覆盖弓型轨迹......[0m
[0m[ INFO] [1789878555.548175844]: [2026-09-20 12:29:15] 等待全覆盖弓型轨迹......[0m
[0m[ INFO] [1789878555.648115953]: [2026-09-20 12:29:15] 等待全覆盖弓型轨迹......[0m
[0m[ INFO] [1789878555.748083611]: [2026-09-20 12:29:15] 等待全覆盖弓型轨迹......[0m
[0m[ INFO] [1789878555.848100646]: [2026-09-20 12:29:15] 等待全覆盖弓型轨迹......[0m
[0m[ INFO] [1789878555.948106001]: [2026-09-20 12:29:15] 等待全覆盖弓型轨迹......[0m
[0m[ INFO] [1789878556.048130683]: [2026-09-20 12:29:16] 等待全覆盖弓型轨迹......[0m
[0m[ INFO] [1789878556.148112806]: [2026-09-20 12:29:16] 等待全覆盖弓型轨迹......[0m
[0m[ INFO] [1789878556.248095857]: [2026-09-20 12:29:16] 等待全覆盖弓型轨迹......[0m
[0m[ INFO] [1789878556.348088347]: [2026-09-20 12:29:16] 等待全覆盖弓型轨迹......[0m
[0m[ INFO] [1789878556.448109606]: [2026-09-20 12:29:16] 等待全覆盖弓型轨迹......[0m
[0m[ INFO] [1789878556.548114161]: [2026-09-20 12:29:16] 等待全覆盖弓型轨迹......[0m
[0m[ INFO] [1789878556.648100123]: [2026-09-20 12:29:16] 等待全覆盖弓型轨迹......[0m
[0m[ INFO] [1789878556.748084198]: [2026-09-20 12:29:16] 等待全覆盖弓型轨迹......[0m
[0m[ INFO] [1789878556.848092017]: [2026-09-20 12:29:16] 等待全覆盖弓型轨迹......[0m
[0m[ INFO] [1789878556.948108987]: [2026-09-20 12:29:16] 等待全覆盖弓型轨迹......[0m
[0m[ INFO] [1789878557.048163111]: [2026-09-20 12:29:17] 等待全覆盖弓型轨迹......[0m
[0m[ INFO] [1789878557.148128753]: [2026-09-20 12:29:17] 等待全覆盖弓型轨迹......[0m
[0m[ INFO] [1789878557.248104859]: [2026-09-20 12:29:17] 等待全覆盖弓型轨迹......[0m
[0m[ INFO] [1789878557.348089606]: [2026-09-20 12:29:17] 等待全覆盖弓型轨迹......[0m
[0m[ INFO] [1789878557.448097713]: [2026-09-20 12:29:17] 等待全覆盖弓型轨迹......[0m
[0m[ INFO] [1789878607.648091805]: [2026-09-20 12:30:07] 等待全覆盖弓型轨迹......[0m
[0m[ INFO] [1789878607.748093317]: [2026-09-20 12:30:07] 等待全覆盖弓型轨迹......[0m
[0m[ INFO] [1789878607.848139917]: [2026-09-20 12:30:07] 等待全覆盖弓型轨迹......[0m
[0m[ INFO] [1789878607.948115636]: [2026-09-20 12:30:07] 等待全覆盖弓型轨迹......[0m
[0m[ INFO] [1789878608.048137275]: [2026-09-20 12:30:08] 等待全覆盖弓型轨迹......[0m
[0m[ INFO] [1789878608.148101986]: [2026-09-20 12:30:08] 等待全覆盖弓型轨迹......[0m
[0m[ INFO] [1789878608.248095977]: [2026-09-20 12:30:08] 等待全覆盖弓型轨迹......[0m
[0m[ INFO] [1789878608.348127505]: [2026-09-20 12:30:08] 等待全覆盖弓型轨迹......[0m
[0m[ INFO] [1789878608.448112056]: [2026-09-20 12:30:08] 等待全覆盖弓型轨迹......[0m
[0m[ INFO] [1789878608.548115359]: [2026-09-20 12:30:08] 等待全覆盖弓型轨迹......[0m
[0m[ INFO] [1789878608.648125478]: [2026-09-20 12:30:08] 等待全覆盖弓型轨迹......[0m
[0m[ INFO] [1789878608.748114957]: [2026-09-20 12:30:08] 等待全覆盖弓型轨迹......[0m
[0m[ INFO] [1789878608.848118741]: [2026-09-20 12:30:08] 等待全覆盖弓型轨迹......[0m
[0m[ INFO] [1789878608.948175804]: [2026-09-20 12:30:08] 等待全覆盖弓型轨迹......[0m
[0m[ INFO] [1789878609.048108611]: [2026-09-20 12:30:09] 等待全覆盖弓型轨迹......[0m
[0m[ INFO] [1789878609.148126122]: [2026-09-20 12:30:09] 等待全覆盖弓型轨迹......[0m
[0m[ INFO] [1789878609.248119633]: [2026-09-20 12:30:09] 等待全覆盖弓型轨迹......[0m
[0m[ INFO] [1789878609.348097080]: [2026-09-20 12:30:09] 等待全覆盖弓型轨迹......[0m
[0m[ INFO] [1789878609.448129312]: [2026-09-20 12:30:09] 等待全覆盖弓型轨迹......[0m
[0m[ INFO] [1789878609.548120263]: [2026-09-20 12:30:09] 等待全覆盖弓型轨迹......[0m
[0m[ INFO] [1789878609.648121230]: [2026-09-20 12:30:09] 等待全覆盖弓型轨迹......[0m
[0m[ INFO] [1789878609.748139286]: [2026-09-20 12:30:09] 等待全覆盖弓型轨迹......[0m
[0m[ INFO] [1789878609.848105788]: [2026-09-20 12:30:09] 等待全覆盖弓型轨迹......[0m
[0m[ INFO] [1789878609.948120868]: [2026-09-20 12:30:09] 等待全覆盖弓型轨迹......[0m
[0m[ INFO] [1789878610.048151947]: [2026-09-20 12:30:10] 等待全覆盖弓型轨迹......[0m
[0m[ INFO] [1789878610.148674519]: [2026-09-20 12:30:10] 等待全覆盖弓型轨迹......[0m
[0m[ INFO] [1789878610.248120441]: [2026-09-20 12:30:10] 等待全覆盖弓型轨迹......[0m
[0m[ INFO] [1789878610.348154689]: [2026-09-20 12:30:10] 等待全覆盖弓型轨迹......[0m
[0m[ INFO] [1789878610.448069767]: [2026-09-20 12:30:10] 等待全覆盖弓型轨迹......[0m
[0m[ INFO] [1789878610.548067246]: [2026-09-20 12:30:10] 等待全覆盖弓型轨迹......[0m
[0m[ INFO] [1789878610.648120310]: [2026-09-20 12:30:10] 等待全覆盖弓型轨迹......[0m
[0m[ INFO] [1789878610.748116765]: [2026-09-20 12:30:10] 等待全覆盖弓型轨迹......[0m
[0m[ INFO] [1789878610.848116452]: [2026-09-20 12:30:10] 等待全覆盖弓型轨迹......[0m
[0m[ INFO] [1789878610.948093771]: [2026-09-20 12:30:10] 等待全覆盖弓型轨迹......[0m
[0m[ INFO] [1789878611.048132947]: [2026-09-20 12:30:11] 等待全覆盖弓型轨迹......[0m
[0m[ INFO] [1789878611.148105690]: [2026-09-20 12:30:11] 等待全覆盖弓型轨迹......[0m
[0m[ INFO] [1789878611.248088161]: [2026-09-20 12:30:11] 等待全覆盖弓型轨迹......[0m
[0m[ INFO] [1789878611.348093928]: [2026-09-20 12:30:11] 等待全覆盖弓型轨迹......[0m
[0m[ INFO] [1789878611.448089007]: [2026-09-20 12:30:11] 等待全覆盖弓型轨迹......[0m
[0m[ INFO] [1789878611.548085910]: [2026-09-20 12:30:11] 等待全覆盖弓型轨迹......[0m
[0m[ INFO] [1789878611.648077598]: [2026-09-20 12:30:11] 等待全覆盖弓型轨迹......[0m
[0m[ INFO] [1789878611.748085998]: [2026-09-20 12:30:11] 等待全覆盖弓型轨迹......[0m
[0m[ INFO] [1789878611.848105569]: [2026-09-20 12:30:11] 等待全覆盖弓型轨迹......[0m
[0m[ INFO] [1789878611.948085140]: [2026-09-20 12:30:11] 等待全覆盖弓型轨迹......[0m
[0m[ INFO] [1789878612.048129831]: [2026-09-20 12:30:12] 等待全覆盖弓型轨迹......[0m
[0m[ INFO] [1789878612.148075834]: [2026-09-20 12:30:12] 等待全覆盖弓型轨迹......[0m
[0m[ INFO] [1789878612.248099597]: [2026-09-20 12:30:12] 等待全覆盖弓型轨迹......[0m
[0m[ INFO] [1789878612.348088159]: [2026-09-20 12:30:12] 等待全覆盖弓型轨迹......[0m
[0m[ INFO] [1789878612.448127603]: [2026-09-20 12:30:12] 等待全覆盖弓型轨迹......[0m
[0m[ INFO] [1789878612.548130725]: [2026-09-20 12:30:12] 等待全覆盖弓型轨迹......[0m
[0m[ INFO] [1789878612.648132984]: [2026-09-20 12:30:12] 等待全覆盖弓型轨迹......[0m
[0m[ INFO] [1789878612.748139211]: [2026-09-20 12:30:12] 等待全覆盖弓型轨迹......[0m
[0m[ INFO] [1789878612.848145214]: [2026-09-20 12:30:12] 等待全覆盖弓型轨迹......[0m
[0m[ INFO] [1789878612.948086192]: [2026-09-20 12:30:12] 等待全覆盖弓型轨迹......[0m
[0m[ INFO] [1789878613.048150532]: [2026-09-20 12:30:13] 等待全覆盖弓型轨迹......[0m
[0m[ INFO] [1789878613.148108278]: [2026-09-20 12:30:13] 等待全覆盖弓型轨迹......[0m
[0m[ INFO] [1789878613.248060968]: [2026-09-20 12:30:13] 等待全覆盖弓型轨迹......[0m
[0m[ INFO] [1789878613.348084635]: [2026-09-20 12:30:13] 等待全覆盖弓型轨迹......[0m
[0m[ INFO] [1789878613.448097614]: [2026-09-20 12:30:13] 等待全覆盖弓型轨迹......[0m
[0m[ INFO] [1789878613.548090433]: [2026-09-20 12:30:13] 等待全覆盖弓型轨迹......[0m
[0m[ INFO] [1789878613.648090740]: [2026-09-20 12:30:13] 等待全覆盖弓型轨迹......[0m
[0m[ INFO] [1789878613.748090247]: [2026-09-20 12:30:13] 等待全覆盖弓型轨迹......[0m
[0m[ INFO] [1789878613.848057433]: [2026-09-20 12:30:13] 等待全覆盖弓型轨迹......[0m
[0m[ INFO] [1789878613.948079276]: [2026-09-20 12:30:13] 等待全覆盖弓型轨迹......[0m
[0m[ INFO] [1789878614.048095999]: [2026-09-20 12:30:14] 等待全覆盖弓型轨迹......[0m
[0m[ INFO] [1789878614.148095762]: [2026-09-20 12:30:14] 等待全覆盖弓型轨迹......[0m
[0m[ INFO] [1789878614.248077477]: [2026-09-20 12:30:14] 等待全覆盖弓型轨迹......[0m
[0m[ INFO] [1789878614.348045111]: [2026-09-20 12:30:14] 等待全覆盖弓型轨迹......[0m
[0m[ INFO] [1789878614.448086282]: [2026-09-20 12:30:14] 等待全覆盖弓型轨迹......[0m
[0m[ INFO] [1789878614.548086397]: [2026-09-20 12:30:14] 等待全覆盖弓型轨迹......[0m
[0m[ INFO] [1789878614.648094832]: [2026-09-20 12:30:14] 等待全覆盖弓型轨迹......[0m
[0m[ INFO] [1789878614.748093027]: [2026-09-20 12:30:14] 等待全覆盖弓型轨迹......[0m
[0m[ INFO] [1789878614.848095894]: [2026-09-20 12:30:14] 等待全覆盖弓型轨迹......[0m
[0m[ INFO] [1789878614.948079752]: [2026-09-20 12:30:14] 等待全覆盖弓型轨迹......[0m
[0m[ INFO] [1789878615.048092859]: [2026-09-20 12:30:15] 等待全覆盖弓型轨迹......[0m
[0m[ INFO] [1789878615.148081742]: [2026-09-20 12:30:15] 等待全覆盖弓型轨迹......[0m
[0m[ INFO] [1789878615.248082689]: [2026-09-20 12:30:15] 等待全覆盖弓型轨迹......[0m
[0m[ INFO] [1789878615.348076275]: [2026-09-20 12:30:15] 等待全覆盖弓型轨迹......[0m
[0m[ INFO] [1789878615.448114439]: [2026-09-20 12:30:15] 等待全覆盖弓型轨迹......[0m
[0m[ INFO] [1789878615.548092441]: [2026-09-20 12:30:15] 等待全覆盖弓型轨迹......[0m
[0m[ INFO] [1789878615.648104588]: [2026-09-20 12:30:15] 等待全覆盖弓型轨迹......[0m
[0m[ INFO] [1789878615.748114664]: [2026-09-20 12:30:15] 等待全覆盖弓型轨迹......[0m
[0m[ INFO] [1789878615.848126943]: [2026-09-20 12:30:15] 等待全覆盖弓型轨迹......[0m
[0m[ INFO] [1789878615.948085333]: [2026-09-20 12:30:15] 等待全覆盖弓型轨迹......[0m
[0m[ INFO] [1789878616.048139180]: [2026-09-20 12:30:16] 等待全覆盖弓型轨迹......[0m
[0m[ INFO] [1789878616.148034817]: [2026-09-20 12:30:16] 等待全覆盖弓型轨迹......[0m
[0m[ INFO] [1789878616.248088536]: [2026-09-20 12:30:16] 等待全覆盖弓型轨迹......[0m
[0m[ INFO] [1789878616.348087887]: [2026-09-20 12:30:16] 等待全覆盖弓型轨迹......[0m
[0m[ INFO] [1789878616.448106245]: [2026-09-20 12:30:16] 等待全覆盖弓型轨迹......[0m
[0m[ INFO] [1789878616.548089148]: [2026-09-20 12:30:16] 等待全覆盖弓型轨迹......[0m
[0m[ INFO] [1789878616.648099122]: [2026-09-20 12:30:16] 等待全覆盖弓型轨迹......[0m
[0m[ INFO] [1789878616.748112009]: [2026-09-20 12:30:16] 等待全覆盖弓型轨迹......[0m
[0m[ INFO] [1789878616.848106783]: [2026-09-20 12:30:16] 等待全覆盖弓型轨迹......[0m
[0m[ INFO] [1789878616.948079093]: [2026-09-20 12:30:16] 等待全覆盖弓型轨迹......[0m
[0m[ INFO] [1789878617.148082658]: [2026-09-20 12:30:17] 等待全覆盖弓型轨迹......[0m
[0m[ INFO] [1789878617.248077625]: [2026-09-20 12:30:17] 等待全覆盖弓型轨迹......[0m
[0m[ INFO] [1789878617.348077807]: [2026-09-20 12:30:17] 等待全覆盖弓型轨迹......[0m
[0m[ INFO] [1789878617.448106086]: [2026-09-20 12:30:17] 等待全覆盖弓型轨迹......[0m
[0m[ INFO] [1789878617.548091644]: [2026-09-20 12:30:17] 等待全覆盖弓型轨迹......[0m
[0m[ INFO] [1789878617.648104531]: [2026-09-20 12:30:17] 等待全覆盖弓型轨迹......[0m
[0m[ INFO] [1789878617.748061673]: [2026-09-20 12:30:17] 等待全覆盖弓型轨迹......[0m
[0m[ INFO] [1789878617.848123616]: [2026-09-20 12:30:17] 等待全覆盖弓型轨迹......[0m
[0m[ INFO] [1789878617.948083766]: [2026-09-20 12:30:17] 等待全覆盖弓型轨迹......[0m
[0m[ INFO] [1789878618.048106060]: [2026-09-20 12:30:18] 等待全覆盖弓型轨迹......[0m
[0m[ INFO] [1789878618.148077506]: [2026-09-20 12:30:18] 等待全覆盖弓型轨迹......[0m
[0m[ INFO] [1789878618.248077625]: [2026-09-20 12:30:18] 等待全覆盖弓型轨迹......[0m
[0m[ INFO] [1789878618.348084751]: [2026-09-20 12:30:18] 等待全覆盖弓型轨迹......[0m
[0m[ INFO] [1789878618.448097382]: [2026-09-20 12:30:18] 等待全覆盖弓型轨迹......[0m
[0m[ INFO] [1789878618.548090076]: [2026-09-20 12:30:18] 等待全覆盖弓型轨迹......[0m
[0m[ INFO] [1789878618.648210484]: [2026-09-20 12:30:18] 等待全覆盖弓型轨迹......[0m
[0m[ INFO] [1789878618.748149642]: [2026-09-20 12:30:18] 等待全覆盖弓型轨迹......[0m
[0m[ INFO] [1789878618.848092384]: [2026-09-20 12:30:18] 等待全覆盖弓型轨迹......[0m
[0m[ INFO] [1789878618.948089974]: [2026-09-20 12:30:18] 等待全覆盖弓型轨迹......[0m
[0m[ INFO] [1789878619.048086798]: [2026-09-20 12:30:19] 等待全覆盖弓型轨迹......[0m
[0m[ INFO] [1789878619.148090722]: [2026-09-20 12:30:19] 等待全覆盖弓型轨迹......[0m
[0m[ INFO] [1789878619.248088310]: [2026-09-20 12:30:19] 等待全覆盖弓型轨迹......[0m
[0m[ INFO] [1789878619.348084842]: [2026-09-20 12:30:19] 等待全覆盖弓型轨迹......[0m
[0m[ INFO] [1789878619.448106911]: [2026-09-20 12:30:19] 等待全覆盖弓型轨迹......[0m
[0m[ INFO] [1789878619.548102707]: [2026-09-20 12:30:19] 等待全覆盖弓型轨迹......[0m
[0m[ INFO] [1789878619.648093063]: [2026-09-20 12:30:19] 等待全覆盖弓型轨迹......[0m
[0m[ INFO] [1789878619.748089819]: [2026-09-20 12:30:19] 等待全覆盖弓型轨迹......[0m
[0m[ INFO] [1789878619.848101583]: [2026-09-20 12:30:19] 等待全覆盖弓型轨迹......[0m
[0m[ INFO] [1789878619.948081475]: [2026-09-20 12:30:19] 等待全覆盖弓型轨迹......[0m
[0m[ INFO] [1789878620.048087831]: [2026-09-20 12:30:20] 等待全覆盖弓型轨迹......[0m
[0m[ INFO] [1789878620.148104523]: [2026-09-20 12:30:20] 等待全覆盖弓型轨迹......[0m
[0m[ INFO] [1789878620.248065630]: [2026-09-20 12:30:20] 等待全覆盖弓型轨迹......[0m
[0m[ INFO] [1789878620.348076018]: [2026-09-20 12:30:20] 等待全覆盖弓型轨迹......[0m
[0m[ INFO] [1789878620.448089127]: [2026-09-20 12:30:20] 等待全覆盖弓型轨迹......[0m
[0m[ INFO] [1789878620.548084666]: [2026-09-20 12:30:20] 等待全覆盖弓型轨迹......[0m
[0m[ INFO] [1789878620.648085646]: [2026-09-20 12:30:20] 等待全覆盖弓型轨迹......[0m
[0m[ INFO] [1789878620.748092482]: [2026-09-20 12:30:20] 等待全覆盖弓型轨迹......[0m
[0m[ INFO] [1789878620.848089558]: [2026-09-20 12:30:20] 等待全覆盖弓型轨迹......[0m
[0m[ INFO] [1789878620.948086762]: [2026-09-20 12:30:20] 等待全覆盖弓型轨迹......[0m
[0m[ INFO] [1789878621.048087614]: [2026-09-20 12:30:21] 等待全覆盖弓型轨迹......[0m
[0m[ INFO] [1789878621.148086962]: [2026-09-20 12:30:21] 等待全覆盖弓型轨迹......[0m
[0m[ INFO] [1789878621.248090598]: [2026-09-20 12:30:21] 等待全覆盖弓型轨迹......[0m
[0m[ INFO] [1789878621.348092122]: [2026-09-20 12:30:21] 等待全覆盖弓型轨迹......[0m
[0m[ INFO] [1789878621.448097166]: [2026-09-20 12:30:21] 等待全覆盖弓型轨迹......[0m
[0m[ INFO] [1789878621.548093794]: [2026-09-20 12:30:21] 等待全覆盖弓型轨迹......[0m
[0m[ INFO] [1789878621.648105782]: [2026-09-20 12:30:21] 等待全覆盖弓型轨迹......[0m
[0m[ INFO] [1789878621.748101834]: [2026-09-20 12:30:21] 等待全覆盖弓型轨迹......[0m
[0m[ INFO] [1789878621.848092126]: [2026-09-20 12:30:21] 等待全覆盖弓型轨迹......[0m
[0m[ INFO] [1789878621.948074098]: [2026-09-20 12:30:21] 等待全覆盖弓型轨迹......[0m
[0m[ INFO] [1789878622.048119558]: [2026-09-20 12:30:22] 等待全覆盖弓型轨迹......[0m
[0m[ INFO] [1789878622.148111642]: [2026-09-20 12:30:22] 等待全覆盖弓型轨迹......[0m
[0m[ INFO] [1789878622.248127054]: [2026-09-20 12:30:22] 等待全覆盖弓型轨迹......[0m
[0m[ INFO] [1789878622.348096994]: [2026-09-20 12:30:22] 等待全覆盖弓型轨迹......[0m
[0m[ INFO] [1789878622.448112054]: [2026-09-20 12:30:22] 等待全覆盖弓型轨迹......[0m
[0m[ INFO] [1789878622.548095562]: [2026-09-20 12:30:22] 等待全覆盖弓型轨迹......[0m
[0m[ INFO] [1789878622.648093342]: [2026-09-20 12:30:22] 等待全覆盖弓型轨迹......[0m
[0m[ INFO] [1789878622.748093970]: [2026-09-20 12:30:22] 等待全覆盖弓型轨迹......[0m
[0m[ INFO] [1789878622.848113638]: [2026-09-20 12:30:22] 等待全覆盖弓型轨迹......[0m
[0m[ INFO] [1789878622.948092026]: [2026-09-20 12:30:22] 等待全覆盖弓型轨迹......[0m
[0m[ INFO] [1789878623.148084098]: [2026-09-20 12:30:23] 等待全覆盖弓型轨迹......[0m
[0m[ INFO] [1789878623.248090838]: [2026-09-20 12:30:23] 等待全覆盖弓型轨迹......[0m
[0m[ INFO] [1789878623.348073609]: [2026-09-20 12:30:23] 等待全覆盖弓型轨迹......[0m
[0m[ INFO] [1789878623.448132254]: [2026-09-20 12:30:23] 等待全覆盖弓型轨迹......[0m
[0m[ INFO] [1789878623.548177298]: [2026-09-20 12:30:23] 等待全覆盖弓型轨迹......[0m
[0m[ INFO] [1789878623.648183206]: [2026-09-20 12:30:23] 等待全覆盖弓型轨迹......[0m
[0m[ INFO] [1789878623.748070075]: [2026-09-20 12:30:23] 等待全覆盖弓型轨迹......[0m
[0m[ INFO] [1789878623.848096017]: [2026-09-20 12:30:23] 等待全覆盖弓型轨迹......[0m
[0m[ INFO] [1789878623.948055271]: [2026-09-20 12:30:23] 等待全覆盖弓型轨迹......[0m
[0m[ INFO] [1789878624.048108286]: [2026-09-20 12:30:24] 等待全覆盖弓型轨迹......[0m
[0m[ INFO] [1789878624.148085972]: [2026-09-20 12:30:24] 等待全覆盖弓型轨迹......[0m
[0m[ INFO] [1789878624.248081450]: [2026-09-20 12:30:24] 等待全覆盖弓型轨迹......[0m
[0m[ INFO] [1789878624.348084256]: [2026-09-20 12:30:24] 等待全覆盖弓型轨迹......[0m
[0m[ INFO] [1789878624.448062646]: [2026-09-20 12:30:24] 等待全覆盖弓型轨迹......[0m
[0m[ INFO] [1789878624.548086732]: [2026-09-20 12:30:24] 等待全覆盖弓型轨迹......[0m
[0m[ INFO] [1789878624.648085218]: [2026-09-20 12:30:24] 等待全覆盖弓型轨迹......[0m
[0m[ INFO] [1789878624.748084216]: [2026-09-20 12:30:24] 等待全覆盖弓型轨迹......[0m
[0m[ INFO] [1789878624.848156143]: [2026-09-20 12:30:24] 等待全覆盖弓型轨迹......[0m
[0m[ INFO] [1789878624.948096773]: [2026-09-20 12:30:24] 等待全覆盖弓型轨迹......[0m
[0m[ INFO] [1789878625.048194236]: [2026-09-20 12:30:25] 等待全覆盖弓型轨迹......[0m
[0m[ INFO] [1789878625.148119153]: [2026-09-20 12:30:25] 等待全覆盖弓型轨迹......[0m
[0m[ INFO] [1789878625.248108999]: [2026-09-20 12:30:25] 等待全覆盖弓型轨迹......[0m
[0m[ INFO] [1789878625.348107678]: [2026-09-20 12:30:25] 等待全覆盖弓型轨迹......[0m
[0m[ INFO] [1789878625.448143732]: [2026-09-20 12:30:25] 等待全覆盖弓型轨迹......[0m
[0m[ INFO] [1789878625.548180811]: [2026-09-20 12:30:25] 等待全覆盖弓型轨迹......[0m
[0m[ INFO] [1789878625.648100000]: [2026-09-20 12:30:25] 等待全覆盖弓型轨迹......[0m
[0m[ INFO] [1789878625.748186903]: [2026-09-20 12:30:25] 等待全覆盖弓型轨迹......[0m
[0m[ INFO] [1789878625.848171981]: [2026-09-20 12:30:25] 等待全覆盖弓型轨迹......[0m
[0m[ INFO] [1789878625.948104546]: [2026-09-20 12:30:25] 等待全覆盖弓型轨迹......[0m
[0m[ INFO] [1789878626.048213146]: [2026-09-20 12:30:26] 等待全覆盖弓型轨迹......[0m
[0m[ INFO] [1789878626.148089774]: [2026-09-20 12:30:26] 等待全覆盖弓型轨迹......[0m
[0m[ INFO] [1789878626.248098693]: [2026-09-20 12:30:26] 等待全覆盖弓型轨迹......[0m
[0m[ INFO] [1789878626.348116859]: [2026-09-20 12:30:26] 等待全覆盖弓型轨迹......[0m
[0m[ INFO] [1789878626.448062769]: [2026-09-20 12:30:26] 等待全覆盖弓型轨迹......[0m
[0m[ INFO] [1789878626.548095687]: [2026-09-20 12:30:26] 等待全覆盖弓型轨迹......[0m
[0m[ INFO] [1789878626.648100637]: [2026-09-20 12:30:26] 等待全覆盖弓型轨迹......[0m
[0m[ INFO] [1789878626.748107187]: [2026-09-20 12:30:26] 等待全覆盖弓型轨迹......[0m
[0m[ INFO] [1789878626.848114058]: [2026-09-20 12:30:26] 等待全覆盖弓型轨迹......[0m
[0m[ INFO] [1789878626.948082912]: [2026-09-20 12:30:26] 等待全覆盖弓型轨迹......[0m
[0m[ INFO] [1789878627.048157750]: [2026-09-20 12:30:27] 等待全覆盖弓型轨迹......[0m
[0m[ INFO] [1789878627.148089036]: [2026-09-20 12:30:27] 等待全覆盖弓型轨迹......[0m
[0m[ INFO] [1789878627.248082274]: [2026-09-20 12:30:27] 等待全覆盖弓型轨迹......[0m
[0m[ INFO] [1789878627.348080920]: [2026-09-20 12:30:27] 等待全覆盖弓型轨迹......[0m
[0m[ INFO] [1789878627.448107630]: [2026-09-20 12:30:27] 等待全覆盖弓型轨迹......[0m
[0m[ INFO] [1789878627.548102693]: [2026-09-20 12:30:27] 等待全覆盖弓型轨迹......[0m
[0m[ INFO] [1789878627.648089435]: [2026-09-20 12:30:27] 等待全覆盖弓型轨迹......[0m
[0m[ INFO] [1789878627.748080079]: [2026-09-20 12:30:27] 等待全覆盖弓型轨迹......[0m
[0m[ INFO] [1789878627.848079812]: [2026-09-20 12:30:27] 等待全覆盖弓型轨迹......[0m
[0m[ INFO] [1789878627.948088024]: [2026-09-20 12:30:27] 等待全覆盖弓型轨迹......[0m
[0m[ INFO] [1789878628.048094764]: [2026-09-20 12:30:28] 等待全覆盖弓型轨迹......[0m
[0m[ INFO] [1789878628.148073280]: [2026-09-20 12:30:28] 等待全覆盖弓型轨迹......[0m
[0m[ INFO] [1789878628.248082037]: [2026-09-20 12:30:28] 等待全覆盖弓型轨迹......[0m
[0m[ INFO] [1789878628.348074441]: [2026-09-20 12:30:28] 等待全覆盖弓型轨迹......[0m
[0m[ INFO] [1789878628.448097374]: [2026-09-20 12:30:28] 等待全覆盖弓型轨迹......[0m
[0m[ INFO] [1789878628.548093490]: [2026-09-20 12:30:28] 等待全覆盖弓型轨迹......[0m
[0m[ INFO] [1789878628.648091206]: [2026-09-20 12:30:28] 等待全覆盖弓型轨迹......[0m
[0m[ INFO] [1789878628.748098011]: [2026-09-20 12:30:28] 等待全覆盖弓型轨迹......[0m
[0m[ INFO] [1789878628.848090255]: [2026-09-20 12:30:28] 等待全覆盖弓型轨迹......[0m
[0m[ INFO] [1789878628.948075683]: [2026-09-20 12:30:28] 等待全覆盖弓型轨迹......[0m
[0m[ INFO] [1789878629.048103832]: [2026-09-20 12:30:29] 等待全覆盖弓型轨迹......[0m
[0m[ INFO] [1789878629.148086540]: [2026-09-20 12:30:29] 等待全覆盖弓型轨迹......[0m
[0m[ INFO] [1789878629.248076256]: [2026-09-20 12:30:29] 等待全覆盖弓型轨迹......[0m
[0m[ INFO] [1789878629.348077172]: [2026-09-20 12:30:29] 等待全覆盖弓型轨迹......[0m
[0m[ INFO] [1789878629.448082953]: [2026-09-20 12:30:29] 等待全覆盖弓型轨迹......[0m
[0m[ INFO] [1789878629.548142045]: [2026-09-20 12:30:29] 等待全覆盖弓型轨迹......[0m
[0m[ INFO] [1789878629.648157650]: [2026-09-20 12:30:29] 等待全覆盖弓型轨迹......[0m
[0m[ INFO] [1789878629.748106150]: [2026-09-20 12:30:29] 等待全覆盖弓型轨迹......[0m
[0m[ INFO] [1789878629.848108506]: [2026-09-20 12:30:29] 等待全覆盖弓型轨迹......[0m
[0m[ INFO] [1789878629.948077390]: [2026-09-20 12:30:29] 等待全覆盖弓型轨迹......[0m
[0m[ INFO] [1789878630.048108163]: [2026-09-20 12:30:30] 等待全覆盖弓型轨迹......[0m
[0m[ INFO] [1789878630.148083383]: [2026-09-20 12:30:30] 等待全覆盖弓型轨迹......[0m
[0m[ INFO] [1789878630.248078315]: [2026-09-20 12:30:30] 等待全覆盖弓型轨迹......[0m
[0m[ INFO] [1789878630.348086239]: [2026-09-20 12:30:30] 等待全覆盖弓型轨迹......[0m
[0m[ INFO] [1789878630.448102292]: [2026-09-20 12:30:30] 等待全覆盖弓型轨迹......[0m
[0m[ INFO] [1789878630.548099176]: [2026-09-20 12:30:30] 等待全覆盖弓型轨迹......[0m
[0m[ INFO] [1789878630.648094940]: [2026-09-20 12:30:30] 等待全覆盖弓型轨迹......[0m
[0m[ INFO] [1789878630.748105009]: [2026-09-20 12:30:30] 等待全覆盖弓型轨迹......[0m
[0m[ INFO] [1789878630.848111461]: [2026-09-20 12:30:30] 等待全覆盖弓型轨迹......[0m
[0m[ INFO] [1789878630.948080537]: [2026-09-20 12:30:30] 等待全覆盖弓型轨迹......[0m
[0m[ INFO] [1789878631.048104526]: [2026-09-20 12:30:31] 等待全覆盖弓型轨迹......[0m
[0m[ INFO] [1789878631.148077378]: [2026-09-20 12:30:31] 等待全覆盖弓型轨迹......[0m
[0m[ INFO] [1789878631.248081814]: [2026-09-20 12:30:31] 等待全覆盖弓型轨迹......[0m
[0m[ INFO] [1789878631.348086410]: [2026-09-20 12:30:31] 等待全覆盖弓型轨迹......[0m
[0m[ INFO] [1789878631.448098847]: [2026-09-20 12:30:31] 等待全覆盖弓型轨迹......[0m
[0m[ INFO] [1789878631.548082963]: [2026-09-20 12:30:31] 等待全覆盖弓型轨迹......[0m
[0m[ INFO] [1789878631.648065831]: [2026-09-20 12:30:31] 等待全覆盖弓型轨迹......[0m
[0m[ INFO] [1789878631.748089693]: [2026-09-20 12:30:31] 等待全覆盖弓型轨迹......[0m
[0m[ INFO] [1789878631.848085714]: [2026-09-20 12:30:31] 等待全覆盖弓型轨迹......[0m
[0m[ INFO] [1789878631.948088552]: [2026-09-20 12:30:31] 等待全覆盖弓型轨迹......[0m
[0m[ INFO] [1789878632.048028988]: [2026-09-20 12:30:32] 等待全覆盖弓型轨迹......[0m
[0m[ INFO] [1789878632.148081266]: [2026-09-20 12:30:32] 等待全覆盖弓型轨迹......[0m
[0m[ INFO] [1789878632.248086536]: [2026-09-20 12:30:32] 等待全覆盖弓型轨迹......[0m
[0m[ INFO] [1789878632.348125022]: [2026-09-20 12:30:32] 等待全覆盖弓型轨迹......[0m
[0m[ INFO] [1789878632.448108243]: [2026-09-20 12:30:32] 等待全覆盖弓型轨迹......[0m
[0m[ INFO] [1789878632.548073672]: [2026-09-20 12:30:32] 等待全覆盖弓型轨迹......[0m
[0m[ INFO] [1789878632.648092382]: [2026-09-20 12:30:32] 等待全覆盖弓型轨迹......[0m
[0m[ INFO] [1789878632.748094611]: [2026-09-20 12:30:32] 等待全覆盖弓型轨迹......[0m
[0m[ INFO] [1789878632.848110057]: [2026-09-20 12:30:32] 等待全覆盖弓型轨迹......[0m
[0m[ INFO] [1789878632.948083806]: [2026-09-20 12:30:32] 等待全覆盖弓型轨迹......[0m
[0m[ INFO] [1789878633.048102676]: [2026-09-20 12:30:33] 等待全覆盖弓型轨迹......[0m
[0m[ INFO] [1789878633.148096937]: [2026-09-20 12:30:33] 等待全覆盖弓型轨迹......[0m
[0m[ INFO] [1789878633.248090079]: [2026-09-20 12:30:33] 等待全覆盖弓型轨迹......[0m
[0m[ INFO] [1789878633.348086676]: [2026-09-20 12:30:33] 等待全覆盖弓型轨迹......[0m
[0m[ INFO] [1789878633.448094026]: [2026-09-20 12:30:33] 等待全覆盖弓型轨迹......[0m
[0m[ INFO] [1789878633.548083807]: [2026-09-20 12:30:33] 等待全覆盖弓型轨迹......[0m
[0m[ INFO] [1789878633.648100821]: [2026-09-20 12:30:33] 等待全覆盖弓型轨迹......[0m
[0m[ INFO] [1789878633.748108010]: [2026-09-20 12:30:33] 等待全覆盖弓型轨迹......[0m
[0m[ INFO] [1789878633.848097344]: [2026-09-20 12:30:33] 等待全覆盖弓型轨迹......[0m
[0m[ INFO] [1789878633.948095477]: [2026-09-20 12:30:33] 等待全覆盖弓型轨迹......[0m
[0m[ INFO] [1789878634.048092011]: [2026-09-20 12:30:34] 等待全覆盖弓型轨迹......[0m
[0m[ INFO] [1789878634.148116512]: [2026-09-20 12:30:34] 等待全覆盖弓型轨迹......[0m
[0m[ INFO] [1789878634.248087318]: [2026-09-20 12:30:34] 等待全覆盖弓型轨迹......[0m
[0m[ INFO] [1789878634.348091371]: [2026-09-20 12:30:34] 等待全覆盖弓型轨迹......[0m
[0m[ INFO] [1789878634.448122433]: [2026-09-20 12:30:34] 等待全覆盖弓型轨迹......[0m
[0m[ INFO] [1789878634.548102006]: [2026-09-20 12:30:34] 等待全覆盖弓型轨迹......[0m
[0m[ INFO] [1789878634.648096908]: [2026-09-20 12:30:34] 等待全覆盖弓型轨迹......[0m
[0m[ INFO] [1789878634.748102721]: [2026-09-20 12:30:34] 等待全覆盖弓型轨迹......[0m
[0m[ INFO] [1789878634.848112375]: [2026-09-20 12:30:34] 等待全覆盖弓型轨迹......[0m
[0m[ INFO] [1789878634.948088716]: [2026-09-20 12:30:34] 等待全覆盖弓型轨迹......[0m
[0m[ INFO] [1789878635.048094977]: [2026-09-20 12:30:35] 等待全覆盖弓型轨迹......[0m
[0m[ INFO] [1789878635.148091479]: [2026-09-20 12:30:35] 等待全覆盖弓型轨迹......[0m
[0m[ INFO] [1789878635.248092076]: [2026-09-20 12:30:35] 等待全覆盖弓型轨迹......[0m
[0m[ INFO] [1789878635.348094722]: [2026-09-20 12:30:35] 等待全覆盖弓型轨迹......[0m
[0m[ INFO] [1789878635.448109400]: [2026-09-20 12:30:35] 等待全覆盖弓型轨迹......[0m
[0m[ INFO] [1789878635.548101325]: [2026-09-20 12:30:35] 等待全覆盖弓型轨迹......[0m
[0m[ INFO] [1789878635.648112194]: [2026-09-20 12:30:35] 等待全覆盖弓型轨迹......[0m
[0m[ INFO] [1789878635.748121047]: [2026-09-20 12:30:35] 等待全覆盖弓型轨迹......[0m
[0m[ INFO] [1789878635.848071883]: [2026-09-20 12:30:35] 等待全覆盖弓型轨迹......[0m
[0m[ INFO] [1789878635.948174080]: [2026-09-20 12:30:35] 等待全覆盖弓型轨迹......[0m
[0m[ INFO] [1789878636.048187829]: [2026-09-20 12:30:36] 等待全覆盖弓型轨迹......[0m
[0m[ INFO] [1789878636.148061064]: [2026-09-20 12:30:36] 等待全覆盖弓型轨迹......[0m
[0m[ INFO] [1789878636.248090717]: [2026-09-20 12:30:36] 等待全覆盖弓型轨迹......[0m
[0m[ INFO] [1789878636.348096401]: [2026-09-20 12:30:36] 等待全覆盖弓型轨迹......[0m
[0m[ INFO] [1789878636.448113093]: [2026-09-20 12:30:36] 等待全覆盖弓型轨迹......[0m
[0m[ INFO] [1789878636.548106330]: [2026-09-20 12:30:36] 等待全覆盖弓型轨迹......[0m
[0m[ INFO] [1789878636.648102414]: [2026-09-20 12:30:36] 等待全覆盖弓型轨迹......[0m
[0m[ INFO] [1789878636.748100770]: [2026-09-20 12:30:36] 等待全覆盖弓型轨迹......[0m
[0m[ INFO] [1789878636.848107671]: [2026-09-20 12:30:36] 等待全覆盖弓型轨迹......[0m
[0m[ INFO] [1789878636.948113387]: [2026-09-20 12:30:36] 等待全覆盖弓型轨迹......[0m
[0m[ INFO] [1789878637.048083487]: [2026-09-20 12:30:37] 等待全覆盖弓型轨迹......[0m
[0m[ INFO] [1789878637.148114196]: [2026-09-20 12:30:37] 等待全覆盖弓型轨迹......[0m
[0m[ INFO] [1789878637.248100328]: [2026-09-20 12:30:37] 等待全覆盖弓型轨迹......[0m
[0m[ INFO] [1789878637.348098780]: [2026-09-20 12:30:37] 等待全覆盖弓型轨迹......[0m
[0m[ INFO] [1789878637.448092016]: [2026-09-20 12:30:37] 等待全覆盖弓型轨迹......[0m
[0m[ INFO] [1789878637.548084005]: [2026-09-20 12:30:37] 等待全覆盖弓型轨迹......[0m
[0m[ INFO] [1789878637.648103513]: [2026-09-20 12:30:37] 等待全覆盖弓型轨迹......[0m
[0m[ INFO] [1789878637.748124430]: [2026-09-20 12:30:37] 等待全覆盖弓型轨迹......[0m
[0m[ INFO] [1789878637.848104610]: [2026-09-20 12:30:37] 等待全覆盖弓型轨迹......[0m
[0m[ INFO] [1789878637.948127446]: [2026-09-20 12:30:37] 等待全覆盖弓型轨迹......[0m
[0m[ INFO] [1789878638.048084746]: [2026-09-20 12:30:38] 等待全覆盖弓型轨迹......[0m
[0m[ INFO] [1789878638.148082462]: [2026-09-20 12:30:38] 等待全覆盖弓型轨迹......[0m
[0m[ INFO] [1789878638.248083923]: [2026-09-20 12:30:38] 等待全覆盖弓型轨迹......[0m
[0m[ INFO] [1789878638.348066663]: [2026-09-20 12:30:38] 等待全覆盖弓型轨迹......[0m
[0m[ INFO] [1789878638.448095067]: [2026-09-20 12:30:38] 等待全覆盖弓型轨迹......[0m
[0m[ INFO] [1789878638.548079408]: [2026-09-20 12:30:38] 等待全覆盖弓型轨迹......[0m
[0m[ INFO] [1789878638.648096164]: [2026-09-20 12:30:38] 等待全覆盖弓型轨迹......[0m
[0m[ INFO] [1789878638.748099256]: [2026-09-20 12:30:38] 等待全覆盖弓型轨迹......[0m
[0m[ INFO] [1789878638.848105389]: [2026-09-20 12:30:38] 等待全覆盖弓型轨迹......[0m
[0m[ INFO] [1789878638.948089153]: [2026-09-20 12:30:38] 等待全覆盖弓型轨迹......[0m
[0m[ INFO] [1789878639.048099541]: [2026-09-20 12:30:39] 等待全覆盖弓型轨迹......[0m
[0m[ INFO] [1789878639.148090122]: [2026-09-20 12:30:39] 等待全覆盖弓型轨迹......[0m
[0m[ INFO] [1789878639.248086334]: [2026-09-20 12:30:39] 等待全覆盖弓型轨迹......[0m
[0m[ INFO] [1789878639.348135251]: [2026-09-20 12:30:39] 等待全覆盖弓型轨迹......[0m
[0m[ INFO] [1789878639.448163047]: [2026-09-20 12:30:39] 等待全覆盖弓型轨迹......[0m
[0m[ INFO] [1789878639.548067931]: [2026-09-20 12:30:39] 等待全覆盖弓型轨迹......[0m
[0m[ INFO] [1789878639.648094383]: [2026-09-20 12:30:39] 等待全覆盖弓型轨迹......[0m
[0m[ INFO] [1789878639.748094306]: [2026-09-20 12:30:39] 等待全覆盖弓型轨迹......[0m
[0m[ INFO] [1789878639.848097909]: [2026-09-20 12:30:39] 等待全覆盖弓型轨迹......[0m
[0m[ INFO] [1789878639.948093959]: [2026-09-20 12:30:39] 等待全覆盖弓型轨迹......[0m
[0m[ INFO] [1789878640.048091162]: [2026-09-20 12:30:40] 等待全覆盖弓型轨迹......[0m
[0m[ INFO] [1789878640.148087788]: [2026-09-20 12:30:40] 等待全覆盖弓型轨迹......[0m
[0m[ INFO] [1789878640.248087999]: [2026-09-20 12:30:40] 等待全覆盖弓型轨迹......[0m
[0m[ INFO] [1789878640.348088369]: [2026-09-20 12:30:40] 等待全覆盖弓型轨迹......[0m
[0m[ INFO] [1789878640.448115012]: [2026-09-20 12:30:40] 等待全覆盖弓型轨迹......[0m
[0m[ INFO] [1789878640.548079670]: [2026-09-20 12:30:40] 等待全覆盖弓型轨迹......[0m
[0m[ INFO] [1789878640.648090857]: [2026-09-20 12:30:40] 等待全覆盖弓型轨迹......[0m
[0m[ INFO] [1789878640.748094971]: [2026-09-20 12:30:40] 等待全覆盖弓型轨迹......[0m
[0m[ INFO] [1789878640.848074222]: [2026-09-20 12:30:40] 等待全覆盖弓型轨迹......[0m
[0m[ INFO] [1789878640.948084544]: [2026-09-20 12:30:40] 等待全覆盖弓型轨迹......[0m
[0m[ INFO] [1789878641.048096563]: [2026-09-20 12:30:41] 等待全覆盖弓型轨迹......[0m
[0m[ INFO] [1789878641.148090117]: [2026-09-20 12:30:41] 等待全覆盖弓型轨迹......[0m
[0m[ INFO] [1789878641.248092024]: [2026-09-20 12:30:41] 等待全覆盖弓型轨迹......[0m
[0m[ INFO] [1789878641.348152939]: [2026-09-20 12:30:41] 等待全覆盖弓型轨迹......[0m
[0m[ INFO] [1789878641.448099133]: [2026-09-20 12:30:41] 等待全覆盖弓型轨迹......[0m
[0m[ INFO] [1789878641.548141808]: [2026-09-20 12:30:41] 等待全覆盖弓型轨迹......[0m
[0m[ INFO] [1789878641.648092738]: [2026-09-20 12:30:41] 等待全覆盖弓型轨迹......[0m
[0m[ INFO] [1789878641.748093685]: [2026-09-20 12:30:41] 等待全覆盖弓型轨迹......[0m
[0m[ INFO] [1789878641.848086119]: [2026-09-20 12:30:41] 等待全覆盖弓型轨迹......[0m
[0m[ INFO] [1789878641.948044185]: [2026-09-20 12:30:41] 等待全覆盖弓型轨迹......[0m
[0m[ INFO] [1789878642.048111148]: [2026-09-20 12:30:42] 等待全覆盖弓型轨迹......[0m
[0m[ INFO] [1789878642.148098271]: [2026-09-20 12:30:42] 等待全覆盖弓型轨迹......[0m
[0m[ INFO] [1789878642.248086801]: [2026-09-20 12:30:42] 等待全覆盖弓型轨迹......[0m
[0m[ INFO] [1789878642.348088324]: [2026-09-20 12:30:42] 等待全覆盖弓型轨迹......[0m
[0m[ INFO] [1789878642.448122582]: [2026-09-20 12:30:42] 等待全覆盖弓型轨迹......[0m
[0m[ INFO] [1789878642.548093865]: [2026-09-20 12:30:42] 等待全覆盖弓型轨迹......[0m
[0m[ INFO] [1789878642.648095419]: [2026-09-20 12:30:42] 等待全覆盖弓型轨迹......[0m
[0m[ INFO] [1789878642.748096238]: [2026-09-20 12:30:42] 等待全覆盖弓型轨迹......[0m
[0m[ INFO] [1789878642.848106400]: [2026-09-20 12:30:42] 等待全覆盖弓型轨迹......[0m
[0m[ INFO] [1789878642.948102419]: [2026-09-20 12:30:42] 等待全覆盖弓型轨迹......[0m
[0m[ INFO] [1789878643.048097445]: [2026-09-20 12:30:43] 等待全覆盖弓型轨迹......[0m
[0m[ INFO] [1789878643.148115640]: [2026-09-20 12:30:43] 等待全覆盖弓型轨迹......[0m
[0m[ INFO] [1789878643.248098698]: [2026-09-20 12:30:43] 等待全覆盖弓型轨迹......[0m
[0m[ INFO] [1789878643.348089085]: [2026-09-20 12:30:43] 等待全覆盖弓型轨迹......[0m
[0m[ INFO] [1789878643.448095023]: [2026-09-20 12:30:43] 等待全覆盖弓型轨迹......[0m
[0m[ INFO] [1789878643.548097602]: [2026-09-20 12:30:43] 等待全覆盖弓型轨迹......[0m
[0m[ INFO] [1789878643.648089748]: [2026-09-20 12:30:43] 等待全覆盖弓型轨迹......[0m
[0m[ INFO] [1789878643.748096615]: [2026-09-20 12:30:43] 等待全覆盖弓型轨迹......[0m
[0m[ INFO] [1789878643.848088346]: [2026-09-20 12:30:43] 等待全覆盖弓型轨迹......[0m
[0m[ INFO] [1789878643.948092014]: [2026-09-20 12:30:43] 等待全覆盖弓型轨迹......[0m
[0m[ INFO] [1789878644.048094913]: [2026-09-20 12:30:44] 等待全覆盖弓型轨迹......[0m
[0m[ INFO] [1789878644.148082964]: [2026-09-20 12:30:44] 等待全覆盖弓型轨迹......[0m
[0m[ INFO] [1789878644.248079975]: [2026-09-20 12:30:44] 等待全覆盖弓型轨迹......[0m
[0m[ INFO] [1789878644.348081370]: [2026-09-20 12:30:44] 等待全覆盖弓型轨迹......[0m
[0m[ INFO] [1789878644.448095181]: [2026-09-20 12:30:44] 等待全覆盖弓型轨迹......[0m
[0m[ INFO] [1789878644.548092641]: [2026-09-20 12:30:44] 等待全覆盖弓型轨迹......[0m
[0m[ INFO] [1789878644.648103700]: [2026-09-20 12:30:44] 等待全覆盖弓型轨迹......[0m
[0m[ INFO] [1789878644.748104231]: [2026-09-20 12:30:44] 等待全覆盖弓型轨迹......[0m
[0m[ INFO] [1789878644.848089754]: [2026-09-20 12:30:44] 等待全覆盖弓型轨迹......[0m
[0m[ INFO] [1789878644.948089197]: [2026-09-20 12:30:44] 等待全覆盖弓型轨迹......[0m
[0m[ INFO] [1789878645.048084448]: [2026-09-20 12:30:45] 等待全覆盖弓型轨迹......[0m
[0m[ INFO] [1789878645.148134548]: [2026-09-20 12:30:45] 等待全覆盖弓型轨迹......[0m
[0m[ INFO] [1789878645.248151464]: [2026-09-20 12:30:45] 等待全覆盖弓型轨迹......[0m
[0m[ INFO] [1789878645.348134267]: [2026-09-20 12:30:45] 等待全覆盖弓型轨迹......[0m
[0m[ INFO] [1789878645.448194254]: [2026-09-20 12:30:45] 等待全覆盖弓型轨迹......[0m
[0m[ INFO] [1789878645.548117505]: [2026-09-20 12:30:45] 等待全覆盖弓型轨迹......[0m
[0m[ INFO] [1789878645.648073203]: [2026-09-20 12:30:45] 等待全覆盖弓型轨迹......[0m
[0m[ INFO] [1789878645.748110023]: [2026-09-20 12:30:45] 等待全覆盖弓型轨迹......[0m
[0m[ INFO] [1789878645.848069146]: [2026-09-20 12:30:45] 等待全覆盖弓型轨迹......[0m
[0m[ INFO] [1789878645.948086125]: [2026-09-20 12:30:45] 等待全覆盖弓型轨迹......[0m
[0m[ INFO] [1789878646.048101505]: [2026-09-20 12:30:46] 等待全覆盖弓型轨迹......[0m
[0m[ INFO] [1789878646.148094004]: [2026-09-20 12:30:46] 等待全覆盖弓型轨迹......[0m
[0m[ INFO] [1789878646.248089927]: [2026-09-20 12:30:46] 等待全覆盖弓型轨迹......[0m
[0m[ INFO] [1789878646.348089690]: [2026-09-20 12:30:46] 等待全覆盖弓型轨迹......[0m
[0m[ INFO] [1789878646.448093453]: [2026-09-20 12:30:46] 等待全覆盖弓型轨迹......[0m
[0m[ INFO] [1789878646.548102496]: [2026-09-20 12:30:46] 等待全覆盖弓型轨迹......[0m
[0m[ INFO] [1789878646.648108180]: [2026-09-20 12:30:46] 等待全覆盖弓型轨迹......[0m
[0m[ INFO] [1789878646.748123175]: [2026-09-20 12:30:46] 等待全覆盖弓型轨迹......[0m
[0m[ INFO] [1789878646.848102682]: [2026-09-20 12:30:46] 等待全覆盖弓型轨迹......[0m
[0m[ INFO] [1789878646.948087245]: [2026-09-20 12:30:46] 等待全覆盖弓型轨迹......[0m
[0m[ INFO] [1789878647.048097408]: [2026-09-20 12:30:47] 等待全覆盖弓型轨迹......[0m
[0m[ INFO] [1789878647.148096948]: [2026-09-20 12:30:47] 等待全覆盖弓型轨迹......[0m
[0m[ INFO] [1789878647.248099335]: [2026-09-20 12:30:47] 等待全覆盖弓型轨迹......[0m
[0m[ INFO] [1789878647.348084730]: [2026-09-20 12:30:47] 等待全覆盖弓型轨迹......[0m
[0m[ INFO] [1789878647.448110893]: [2026-09-20 12:30:47] 等待全覆盖弓型轨迹......[0m
[0m[ INFO] [1789878647.548172737]: [2026-09-20 12:30:47] 等待全覆盖弓型轨迹......[0m
[0m[ INFO] [1789878647.648196308]: [2026-09-20 12:30:47] 等待全覆盖弓型轨迹......[0m
[0m[ INFO] [1789878647.748162311]: [2026-09-20 12:30:47] 等待全覆盖弓型轨迹......[0m
[0m[ INFO] [1789878647.848126138]: [2026-09-20 12:30:47] 等待全覆盖弓型轨迹......[0m
[0m[ INFO] [1789878647.948150478]: [2026-09-20 12:30:47] 等待全覆盖弓型轨迹......[0m
[0m[ INFO] [1789878648.048107073]: [2026-09-20 12:30:48] 等待全覆盖弓型轨迹......[0m
[0m[ INFO] [1789878648.148083380]: [2026-09-20 12:30:48] 等待全覆盖弓型轨迹......[0m
[0m[ INFO] [1789878648.248077479]: [2026-09-20 12:30:48] 等待全覆盖弓型轨迹......[0m
[0m[ INFO] [1789878648.348093659]: [2026-09-20 12:30:48] 等待全覆盖弓型轨迹......[0m
[0m[ INFO] [1789878648.448062350]: [2026-09-20 12:30:48] 等待全覆盖弓型轨迹......[0m
[0m[ INFO] [1789878648.548101570]: [2026-09-20 12:30:48] 等待全覆盖弓型轨迹......[0m
[0m[ INFO] [1789878648.648103669]: [2026-09-20 12:30:48] 等待全覆盖弓型轨迹......[0m
[0m[ INFO] [1789878648.748112904]: [2026-09-20 12:30:48] 等待全覆盖弓型轨迹......[0m
[0m[ INFO] [1789878648.848114172]: [2026-09-20 12:30:48] 等待全覆盖弓型轨迹......[0m
[0m[ INFO] [1789878648.948104527]: [2026-09-20 12:30:48] 等待全覆盖弓型轨迹......[0m
[0m[ INFO] [1789878649.048086786]: [2026-09-20 12:30:49] 等待全覆盖弓型轨迹......[0m
[0m[ INFO] [1789878649.148092790]: [2026-09-20 12:30:49] 等待全覆盖弓型轨迹......[0m
[0m[ INFO] [1789878649.248081417]: [2026-09-20 12:30:49] 等待全覆盖弓型轨迹......[0m
[0m[ INFO] [1789878649.348149245]: [2026-09-20 12:30:49] 等待全覆盖弓型轨迹......[0m
[0m[ INFO] [1789878649.448405587]: [2026-09-20 12:30:49] 等待全覆盖弓型轨迹......[0m
[0m[ INFO] [1789878649.548144260]: [2026-09-20 12:30:49] 等待全覆盖弓型轨迹......[0m
[0m[ INFO] [1789878649.648450170]: [2026-09-20 12:30:49] 等待全覆盖弓型轨迹......[0m
[0m[ INFO] [1789878649.748177835]: [2026-09-20 12:30:49] 等待全覆盖弓型轨迹......[0m
[0m[ INFO] [1789878649.848115293]: [2026-09-20 12:30:49] 等待全覆盖弓型轨迹......[0m
[0m[ INFO] [1789878649.948090064]: [2026-09-20 12:30:49] 等待全覆盖弓型轨迹......[0m
[0m[ INFO] [1789878650.048141156]: [2026-09-20 12:30:50] 等待全覆盖弓型轨迹......[0m
[0m[ INFO] [1789878650.148098039]: [2026-09-20 12:30:50] 等待全覆盖弓型轨迹......[0m
[0m[ INFO] [1789878650.251049415]: [2026-09-20 12:30:50] 等待全覆盖弓型轨迹......[0m
[0m[ INFO] [1789878650.348126078]: [2026-09-20 12:30:50] 等待全覆盖弓型轨迹......[0m
[0m[ INFO] [1789878650.448068817]: [2026-09-20 12:30:50] 等待全覆盖弓型轨迹......[0m
[0m[ INFO] [1789878650.548129253]: [2026-09-20 12:30:50] 等待全覆盖弓型轨迹......[0m
[0m[ INFO] [1789878650.648087800]: [2026-09-20 12:30:50] 等待全覆盖弓型轨迹......[0m
[0m[ INFO] [1789878650.748109835]: [2026-09-20 12:30:50] 等待全覆盖弓型轨迹......[0m
[0m[ INFO] [1789878650.848110751]: [2026-09-20 12:30:50] 等待全覆盖弓型轨迹......[0m
[0m[ INFO] [1789878650.948137458]: [2026-09-20 12:30:50] 等待全覆盖弓型轨迹......[0m
[0m[ INFO] [1789878651.048211910]: [2026-09-20 12:30:51] 等待全覆盖弓型轨迹......[0m
[0m[ INFO] [1789878651.148052184]: [2026-09-20 12:30:51] 等待全覆盖弓型轨迹......[0m
[0m[ INFO] [1789878651.248099404]: [2026-09-20 12:30:51] 等待全覆盖弓型轨迹......[0m
[0m[ INFO] [1789878651.348123104]: [2026-09-20 12:30:51] 等待全覆盖弓型轨迹......[0m
[0m[ INFO] [1789878651.448114931]: [2026-09-20 12:30:51] 等待全覆盖弓型轨迹......[0m
[0m[ INFO] [1789878651.548102118]: [2026-09-20 12:30:51] 等待全覆盖弓型轨迹......[0m
[0m[ INFO] [1789878651.648099001]: [2026-09-20 12:30:51] 等待全覆盖弓型轨迹......[0m
[0m[ INFO] [1789878651.748098029]: [2026-09-20 12:30:51] 等待全覆盖弓型轨迹......[0m
[0m[ INFO] [1789878651.848109345]: [2026-09-20 12:30:51] 等待全覆盖弓型轨迹......[0m
[0m[ INFO] [1789878651.948098709]: [2026-09-20 12:30:51] 等待全覆盖弓型轨迹......[0m
[0m[ INFO] [1789878652.048109705]: [2026-09-20 12:30:52] 等待全覆盖弓型轨迹......[0m
[0m[ INFO] [1789878652.148036668]: [2026-09-20 12:30:52] 等待全覆盖弓型轨迹......[0m
[0m[ INFO] [1789878652.248116176]: [2026-09-20 12:30:52] 等待全覆盖弓型轨迹......[0m
[0m[ INFO] [1789878652.348155461]: [2026-09-20 12:30:52] 等待全覆盖弓型轨迹......[0m
[0m[ INFO] [1789878652.448166905]: [2026-09-20 12:30:52] 等待全覆盖弓型轨迹......[0m
[0m[ INFO] [1789878652.548099980]: [2026-09-20 12:30:52] 等待全覆盖弓型轨迹......[0m
[0m[ INFO] [1789878652.648090495]: [2026-09-20 12:30:52] 等待全覆盖弓型轨迹......[0m
[0m[ INFO] [1789878652.748094003]: [2026-09-20 12:30:52] 等待全覆盖弓型轨迹......[0m
[0m[ INFO] [1789878652.848088871]: [2026-09-20 12:30:52] 等待全覆盖弓型轨迹......[0m
[0m[ INFO] [1789878652.948091771]: [2026-09-20 12:30:52] 等待全覆盖弓型轨迹......[0m
[0m[ INFO] [1789878653.048092783]: [2026-09-20 12:30:53] 等待全覆盖弓型轨迹......[0m
[0m[ INFO] [1789878653.148094531]: [2026-09-20 12:30:53] 等待全覆盖弓型轨迹......[0m
[0m[ INFO] [1789878653.248090998]: [2026-09-20 12:30:53] 等待全覆盖弓型轨迹......[0m
[0m[ INFO] [1789878653.348089962]: [2026-09-20 12:30:53] 等待全覆盖弓型轨迹......[0m
[0m[ INFO] [1789878653.448116606]: [2026-09-20 12:30:53] 等待全覆盖弓型轨迹......[0m
[0m[ INFO] [1789878653.548105330]: [2026-09-20 12:30:53] 等待全覆盖弓型轨迹......[0m
[0m[ INFO] [1789878653.648102054]: [2026-09-20 12:30:53] 等待全覆盖弓型轨迹......[0m
[0m[ INFO] [1789878653.748104794]: [2026-09-20 12:30:53] 等待全覆盖弓型轨迹......[0m
[0m[ INFO] [1789878653.848106893]: [2026-09-20 12:30:53] 等待全覆盖弓型轨迹......[0m
[0m[ INFO] [1789878653.948053633]: [2026-09-20 12:30:53] 等待全覆盖弓型轨迹......[0m
[0m[ INFO] [1789878654.048111893]: [2026-09-20 12:30:54] 等待全覆盖弓型轨迹......[0m
[0m[ INFO] [1789878654.148080553]: [2026-09-20 12:30:54] 等待全覆盖弓型轨迹......[0m
[0m[ INFO] [1789878654.248091101]: [2026-09-20 12:30:54] 等待全覆盖弓型轨迹......[0m
[0m[ INFO] [1789878654.348087152]: [2026-09-20 12:30:54] 等待全覆盖弓型轨迹......[0m
[0m[ INFO] [1789878654.448094340]: [2026-09-20 12:30:54] 等待全覆盖弓型轨迹......[0m
[0m[ INFO] [1789878654.548096280]: [2026-09-20 12:30:54] 等待全覆盖弓型轨迹......[0m
[0m[ INFO] [1789878654.648099084]: [2026-09-20 12:30:54] 等待全覆盖弓型轨迹......[0m
[0m[ INFO] [1789878654.748099872]: [2026-09-20 12:30:54] 等待全覆盖弓型轨迹......[0m
[0m[ INFO] [1789878654.848092403]: [2026-09-20 12:30:54] 等待全覆盖弓型轨迹......[0m
[0m[ INFO] [1789878654.948097543]: [2026-09-20 12:30:54] 等待全覆盖弓型轨迹......[0m
[0m[ INFO] [1789878655.048091803]: [2026-09-20 12:30:55] 等待全覆盖弓型轨迹......[0m
[0m[ INFO] [1789878655.148085487]: [2026-09-20 12:30:55] 等待全覆盖弓型轨迹......[0m
[0m[ INFO] [1789878655.248080003]: [2026-09-20 12:30:55] 等待全覆盖弓型轨迹......[0m
[0m[ INFO] [1789878655.348050646]: [2026-09-20 12:30:55] 等待全覆盖弓型轨迹......[0m
[0m[ INFO] [1789878655.448077226]: [2026-09-20 12:30:55] 等待全覆盖弓型轨迹......[0m
[0m[ INFO] [1789878655.548061278]: [2026-09-20 12:30:55] 等待全覆盖弓型轨迹......[0m
[0m[ INFO] [1789878655.648094514]: [2026-09-20 12:30:55] 等待全覆盖弓型轨迹......[0m
[0m[ INFO] [1789878655.748091620]: [2026-09-20 12:30:55] 等待全覆盖弓型轨迹......[0m
[0m[ INFO] [1789878655.848087061]: [2026-09-20 12:30:55] 等待全覆盖弓型轨迹......[0m
[0m[ INFO] [1789878655.948049093]: [2026-09-20 12:30:55] 等待全覆盖弓型轨迹......[0m
[0m[ INFO] [1789878656.048115798]: [2026-09-20 12:30:56] 等待全覆盖弓型轨迹......[0m
[0m[ INFO] [1789878656.148084487]: [2026-09-20 12:30:56] 等待全覆盖弓型轨迹......[0m
[0m[ INFO] [1789878656.248081559]: [2026-09-20 12:30:56] 等待全覆盖弓型轨迹......[0m
[0m[ INFO] [1789878656.348090984]: [2026-09-20 12:30:56] 等待全覆盖弓型轨迹......[0m
[0m[ INFO] [1789878656.448089753]: [2026-09-20 12:30:56] 等待全覆盖弓型轨迹......[0m
[0m[ INFO] [1789878656.548106505]: [2026-09-20 12:30:56] 等待全覆盖弓型轨迹......[0m
[0m[ INFO] [1789878656.648123770]: [2026-09-20 12:30:56] 等待全覆盖弓型轨迹......[0m
[0m[ INFO] [1789878656.748108203]: [2026-09-20 12:30:56] 等待全覆盖弓型轨迹......[0m
[0m[ INFO] [1789878656.848164380]: [2026-09-20 12:30:56] 等待全覆盖弓型轨迹......[0m
[0m[ INFO] [1789878656.948039691]: [2026-09-20 12:30:56] 等待全覆盖弓型轨迹......[0m
[0m[ INFO] [1789878657.048107101]: [2026-09-20 12:30:57] 等待全覆盖弓型轨迹......[0m
[0m[ INFO] [1789878657.148089613]: [2026-09-20 12:30:57] 等待全覆盖弓型轨迹......[0m
[0m[ INFO] [1789878657.248083294]: [2026-09-20 12:30:57] 等待全覆盖弓型轨迹......[0m
[0m[ INFO] [1789878657.348090318]: [2026-09-20 12:30:57] 等待全覆盖弓型轨迹......[0m
[0m[ INFO] [1789878657.448067871]: [2026-09-20 12:30:57] 等待全覆盖弓型轨迹......[0m
[0m[ INFO] [1789878657.548104720]: [2026-09-20 12:30:57] 等待全覆盖弓型轨迹......[0m
[0m[ INFO] [1789878657.648102944]: [2026-09-20 12:30:57] 等待全覆盖弓型轨迹......[0m
[0m[ INFO] [1789878657.748112977]: [2026-09-20 12:30:57] 等待全覆盖弓型轨迹......[0m
[0m[ INFO] [1789878657.848110754]: [2026-09-20 12:30:57] 等待全覆盖弓型轨迹......[0m
[0m[ INFO] [1789878657.948087218]: [2026-09-20 12:30:57] 等待全覆盖弓型轨迹......[0m
[0m[ INFO] [1789878658.048093347]: [2026-09-20 12:30:58] 等待全覆盖弓型轨迹......[0m
[0m[ INFO] [1789878658.148082547]: [2026-09-20 12:30:58] 等待全覆盖弓型轨迹......[0m
[0m[ INFO] [1789878658.248083268]: [2026-09-20 12:30:58] 等待全覆盖弓型轨迹......[0m
[0m[ INFO] [1789878658.348083093]: [2026-09-20 12:30:58] 等待全覆盖弓型轨迹......[0m
[0m[ INFO] [1789878658.448101669]: [2026-09-20 12:30:58] 等待全覆盖弓型轨迹......[0m
[0m[ INFO] [1789878658.548108566]: [2026-09-20 12:30:58] 等待全覆盖弓型轨迹......[0m
[0m[ INFO] [1789878658.648097831]: [2026-09-20 12:30:58] 等待全覆盖弓型轨迹......[0m
[0m[ INFO] [1789878658.748088119]: [2026-09-20 12:30:58] 等待全覆盖弓型轨迹......[0m
[0m[ INFO] [1789878658.848078536]: [2026-09-20 12:30:58] 等待全覆盖弓型轨迹......[0m
[0m[ INFO] [1789878658.948095480]: [2026-09-20 12:30:58] 等待全覆盖弓型轨迹......[0m
[0m[ INFO] [1789878659.048080297]: [2026-09-20 12:30:59] 等待全覆盖弓型轨迹......[0m
[0m[ INFO] [1789878659.148106682]: [2026-09-20 12:30:59] 等待全覆盖弓型轨迹......[0m
[0m[ INFO] [1789878659.248063978]: [2026-09-20 12:30:59] 等待全覆盖弓型轨迹......[0m
[0m[ INFO] [1789878659.348088731]: [2026-09-20 12:30:59] 等待全覆盖弓型轨迹......[0m
[0m[ INFO] [1789878659.448113484]: [2026-09-20 12:30:59] 等待全覆盖弓型轨迹......[0m
[0m[ INFO] [1789878659.548097820]: [2026-09-20 12:30:59] 等待全覆盖弓型轨迹......[0m
[0m[ INFO] [1789878659.648081133]: [2026-09-20 12:30:59] 等待全覆盖弓型轨迹......[0m
[0m[ INFO] [1789878659.748106497]: [2026-09-20 12:30:59] 等待全覆盖弓型轨迹......[0m
[0m[ INFO] [1789878659.848103031]: [2026-09-20 12:30:59] 等待全覆盖弓型轨迹......[0m
[0m[ INFO] [1789878659.948070606]: [2026-09-20 12:30:59] 等待全覆盖弓型轨迹......[0m
[0m[ INFO] [1789878660.048097284]: [2026-09-20 12:31:00] 等待全覆盖弓型轨迹......[0m
[0m[ INFO] [1789878660.148075675]: [2026-09-20 12:31:00] 等待全覆盖弓型轨迹......[0m
[0m[ INFO] [1789878660.248088978]: [2026-09-20 12:31:00] 等待全覆盖弓型轨迹......[0m
[0m[ INFO] [1789878660.348088584]: [2026-09-20 12:31:00] 等待全覆盖弓型轨迹......[0m
[0m[ INFO] [1789878660.448102655]: [2026-09-20 12:31:00] 等待全覆盖弓型轨迹......[0m
[0m[ INFO] [1789878660.548097878]: [2026-09-20 12:31:00] 等待全覆盖弓型轨迹......[0m
[0m[ INFO] [1789878660.648109452]: [2026-09-20 12:31:00] 等待全覆盖弓型轨迹......[0m
[0m[ INFO] [1789878660.748090915]: [2026-09-20 12:31:00] 等待全覆盖弓型轨迹......[0m
[0m[ INFO] [1789878660.848129466]: [2026-09-20 12:31:00] 等待全覆盖弓型轨迹......[0m
[0m[ INFO] [1789878660.948182769]: [2026-09-20 12:31:00] 等待全覆盖弓型轨迹......[0m
[0m[ INFO] [1789878661.048146599]: [2026-09-20 12:31:01] 等待全覆盖弓型轨迹......[0m
[0m[ INFO] [1789878661.148104477]: [2026-09-20 12:31:01] 等待全覆盖弓型轨迹......[0m
[0m[ INFO] [1789878661.248096756]: [2026-09-20 12:31:01] 等待全覆盖弓型轨迹......[0m
[0m[ INFO] [1789878661.348100907]: [2026-09-20 12:31:01] 等待全覆盖弓型轨迹......[0m
[0m[ INFO] [1789878661.448075937]: [2026-09-20 12:31:01] 等待全覆盖弓型轨迹......[0m
[0m[ INFO] [1789878661.548091576]: [2026-09-20 12:31:01] 等待全覆盖弓型轨迹......[0m
[0m[ INFO] [1789878661.648091598]: [2026-09-20 12:31:01] 等待全覆盖弓型轨迹......[0m
[0m[ INFO] [1789878661.748087269]: [2026-09-20 12:31:01] 等待全覆盖弓型轨迹......[0m
[0m[ INFO] [1789878661.848127868]: [2026-09-20 12:31:01] 等待全覆盖弓型轨迹......[0m
[0m[ INFO] [1789878661.948094898]: [2026-09-20 12:31:01] 等待全覆盖弓型轨迹......[0m
[0m[ INFO] [1789878662.048123625]: [2026-09-20 12:31:02] 等待全覆盖弓型轨迹......[0m
[0m[ INFO] [1789878662.248087446]: [2026-09-20 12:31:02] 等待全覆盖弓型轨迹......[0m
[0m[ INFO] [1789878662.348080685]: [2026-09-20 12:31:02] 等待全覆盖弓型轨迹......[0m
[0m[ INFO] [1789878662.448061827]: [2026-09-20 12:31:02] 等待全覆盖弓型轨迹......[0m
[0m[ INFO] [1789878662.548089530]: [2026-09-20 12:31:02] 等待全覆盖弓型轨迹......[0m
[0m[ INFO] [1789878662.648087024]: [2026-09-20 12:31:02] 等待全覆盖弓型轨迹......[0m
[0m[ INFO] [1789878662.748100007]: [2026-09-20 12:31:02] 等待全覆盖弓型轨迹......[0m
[0m[ INFO] [1789878662.848096766]: [2026-09-20 12:31:02] 等待全覆盖弓型轨迹......[0m
[0m[ INFO] [1789878662.948101012]: [2026-09-20 12:31:02] 等待全覆盖弓型轨迹......[0m
[0m[ INFO] [1789878663.048071243]: [2026-09-20 12:31:03] 等待全覆盖弓型轨迹......[0m
[0m[ INFO] [1789878663.148116162]: [2026-09-20 12:31:03] 等待全覆盖弓型轨迹......[0m
[0m[ INFO] [1789878663.248097848]: [2026-09-20 12:31:03] 等待全覆盖弓型轨迹......[0m
[0m[ INFO] [1789878663.348082191]: [2026-09-20 12:31:03] 等待全覆盖弓型轨迹......[0m
[0m[ INFO] [1789878663.448068997]: [2026-09-20 12:31:03] 等待全覆盖弓型轨迹......[0m
[0m[ INFO] [1789878663.548096924]: [2026-09-20 12:31:03] 等待全覆盖弓型轨迹......[0m
[0m[ INFO] [1789878663.648091315]: [2026-09-20 12:31:03] 等待全覆盖弓型轨迹......[0m
[0m[ INFO] [1789878663.748122058]: [2026-09-20 12:31:03] 等待全覆盖弓型轨迹......[0m
[0m[ INFO] [1789878663.851072735]: [2026-09-20 12:31:03] 等待全覆盖弓型轨迹......[0m
[0m[ INFO] [1789878663.948118202]: [2026-09-20 12:31:03] 等待全覆盖弓型轨迹......[0m
[0m[ INFO] [1789878664.048135154]: [2026-09-20 12:31:04] 等待全覆盖弓型轨迹......[0m
[0m[ INFO] [1789878664.148091370]: [2026-09-20 12:31:04] 等待全覆盖弓型轨迹......[0m
[0m[ INFO] [1789878664.248074082]: [2026-09-20 12:31:04] 等待全覆盖弓型轨迹......[0m
[0m[ INFO] [1789878664.348087930]: [2026-09-20 12:31:04] 等待全覆盖弓型轨迹......[0m
[0m[ INFO] [1789878664.448097490]: [2026-09-20 12:31:04] 等待全覆盖弓型轨迹......[0m
[0m[ INFO] [1789878664.548087786]: [2026-09-20 12:31:04] 等待全覆盖弓型轨迹......[0m
[0m[ INFO] [1789878664.648099330]: [2026-09-20 12:31:04] 等待全覆盖弓型轨迹......[0m
[0m[ INFO] [1789878664.748090362]: [2026-09-20 12:31:04] 等待全覆盖弓型轨迹......[0m
[0m[ INFO] [1789878664.848083058]: [2026-09-20 12:31:04] 等待全覆盖弓型轨迹......[0m
[0m[ INFO] [1789878664.948081802]: [2026-09-20 12:31:04] 等待全覆盖弓型轨迹......[0m
[0m[ INFO] [1789878665.048128066]: [2026-09-20 12:31:05] 等待全覆盖弓型轨迹......[0m
[0m[ INFO] [1789878665.148186427]: [2026-09-20 12:31:05] 等待全覆盖弓型轨迹......[0m
[0m[ INFO] [1789878665.248100850]: [2026-09-20 12:31:05] 等待全覆盖弓型轨迹......[0m
[0m[ INFO] [1789878665.348129066]: [2026-09-20 12:31:05] 等待全覆盖弓型轨迹......[0m
[0m[ INFO] [1789878665.448129346]: [2026-09-20 12:31:05] 等待全覆盖弓型轨迹......[0m
[0m[ INFO] [1789878665.548139194]: [2026-09-20 12:31:05] 等待全覆盖弓型轨迹......[0m
[0m[ INFO] [1789878665.648153618]: [2026-09-20 12:31:05] 等待全覆盖弓型轨迹......[0m
[0m[ INFO] [1789878665.748073897]: [2026-09-20 12:31:05] 等待全覆盖弓型轨迹......[0m
[0m[ INFO] [1789878665.848092418]: [2026-09-20 12:31:05] 等待全覆盖弓型轨迹......[0m
[0m[ INFO] [1789878665.948098490]: [2026-09-20 12:31:05] 等待全覆盖弓型轨迹......[0m
[0m[ INFO] [1789878666.048107890]: [2026-09-20 12:31:06] 等待全覆盖弓型轨迹......[0m
[0m[ INFO] [1789878666.148089322]: [2026-09-20 12:31:06] 等待全覆盖弓型轨迹......[0m
[0m[ INFO] [1789878666.248071265]: [2026-09-20 12:31:06] 等待全覆盖弓型轨迹......[0m
[0m[ INFO] [1789878666.348081081]: [2026-09-20 12:31:06] 等待全覆盖弓型轨迹......[0m
[0m[ INFO] [1789878666.448091474]: [2026-09-20 12:31:06] 等待全覆盖弓型轨迹......[0m
[0m[ INFO] [1789878666.548077513]: [2026-09-20 12:31:06] 等待全覆盖弓型轨迹......[0m
[0m[ INFO] [1789878666.648081185]: [2026-09-20 12:31:06] 等待全覆盖弓型轨迹......[0m
[0m[ INFO] [1789878666.748089817]: [2026-09-20 12:31:06] 等待全覆盖弓型轨迹......[0m
[0m[ INFO] [1789878666.848083793]: [2026-09-20 12:31:06] 等待全覆盖弓型轨迹......[0m
[0m[ INFO] [1789878666.948090985]: [2026-09-20 12:31:06] 等待全覆盖弓型轨迹......[0m
[0m[ INFO] [1789878667.048084321]: [2026-09-20 12:31:07] 等待全覆盖弓型轨迹......[0m
[0m[ INFO] [1789878667.148074137]: [2026-09-20 12:31:07] 等待全覆盖弓型轨迹......[0m
[0m[ INFO] [1789878667.248082289]: [2026-09-20 12:31:07] 等待全覆盖弓型轨迹......[0m
[0m[ INFO] [1789878667.348079273]: [2026-09-20 12:31:07] 等待全覆盖弓型轨迹......[0m
[0m[ INFO] [1789878667.448089793]: [2026-09-20 12:31:07] 等待全覆盖弓型轨迹......[0m
[0m[ INFO] [1789878667.548084889]: [2026-09-20 12:31:07] 等待全覆盖弓型轨迹......[0m
[0m[ INFO] [1789878667.648081713]: [2026-09-20 12:31:07] 等待全覆盖弓型轨迹......[0m
[0m[ INFO] [1789878667.748095660]: [2026-09-20 12:31:07] 等待全覆盖弓型轨迹......[0m
[0m[ INFO] [1789878667.848084233]: [2026-09-20 12:31:07] 等待全覆盖弓型轨迹......[0m
[0m[ INFO] [1789878667.948103430]: [2026-09-20 12:31:07] 等待全覆盖弓型轨迹......[0m
[0m[ INFO] [1789878668.048106947]: [2026-09-20 12:31:08] 等待全覆盖弓型轨迹......[0m
[0m[ INFO] [1789878668.148083232]: [2026-09-20 12:31:08] 等待全覆盖弓型轨迹......[0m
[0m[ INFO] [1789878668.248082877]: [2026-09-20 12:31:08] 等待全覆盖弓型轨迹......[0m
[0m[ INFO] [1789878668.348085626]: [2026-09-20 12:31:08] 等待全覆盖弓型轨迹......[0m
[0m[ INFO] [1789878668.448102008]: [2026-09-20 12:31:08] 等待全覆盖弓型轨迹......[0m
[0m[ INFO] [1789878668.548097205]: [2026-09-20 12:31:08] 等待全覆盖弓型轨迹......[0m
[0m[ INFO] [1789878668.648101330]: [2026-09-20 12:31:08] 等待全覆盖弓型轨迹......[0m
[0m[ INFO] [1789878668.748112463]: [2026-09-20 12:31:08] 等待全覆盖弓型轨迹......[0m
[0m[ INFO] [1789878668.848069740]: [2026-09-20 12:31:08] 等待全覆盖弓型轨迹......[0m
[0m[ INFO] [1789878668.948093065]: [2026-09-20 12:31:08] 等待全覆盖弓型轨迹......[0m
[0m[ INFO] [1789878669.048081670]: [2026-09-20 12:31:09] 等待全覆盖弓型轨迹......[0m
[0m[ INFO] [1789878669.148097412]: [2026-09-20 12:31:09] 等待全覆盖弓型轨迹......[0m
[0m[ INFO] [1789878669.248103489]: [2026-09-20 12:31:09] 等待全覆盖弓型轨迹......[0m
[0m[ INFO] [1789878669.348078750]: [2026-09-20 12:31:09] 等待全覆盖弓型轨迹......[0m
[0m[ INFO] [1789878669.448100283]: [2026-09-20 12:31:09] 等待全覆盖弓型轨迹......[0m
[0m[ INFO] [1789878669.548083480]: [2026-09-20 12:31:09] 等待全覆盖弓型轨迹......[0m
[0m[ INFO] [1789878669.648114869]: [2026-09-20 12:31:09] 等待全覆盖弓型轨迹......[0m
[0m[ INFO] [1789878669.748132499]: [2026-09-20 12:31:09] 等待全覆盖弓型轨迹......[0m
[0m[ INFO] [1789878669.848140656]: [2026-09-20 12:31:09] 等待全覆盖弓型轨迹......[0m
[0m[ INFO] [1789878669.948112525]: [2026-09-20 12:31:09] 等待全覆盖弓型轨迹......[0m
[0m[ INFO] [1789878670.048161034]: [2026-09-20 12:31:10] 等待全覆盖弓型轨迹......[0m
[0m[ INFO] [1789878670.148153383]: [2026-09-20 12:31:10] 等待全覆盖弓型轨迹......[0m
[0m[ INFO] [1789878670.248107236]: [2026-09-20 12:31:10] 等待全覆盖弓型轨迹......[0m
[0m[ INFO] [1789878670.348117761]: [2026-09-20 12:31:10] 等待全覆盖弓型轨迹......[0m
[0m[ INFO] [1789878670.448116895]: [2026-09-20 12:31:10] 等待全覆盖弓型轨迹......[0m
[0m[ INFO] [1789878670.548092219]: [2026-09-20 12:31:10] 等待全覆盖弓型轨迹......[0m
[0m[ INFO] [1789878670.648091481]: [2026-09-20 12:31:10] 等待全覆盖弓型轨迹......[0m
[0m[ INFO] [1789878670.748116374]: [2026-09-20 12:31:10] 等待全覆盖弓型轨迹......[0m
[0m[ INFO] [1789878670.848092659]: [2026-09-20 12:31:10] 等待全覆盖弓型轨迹......[0m
[0m[ INFO] [1789878670.948082320]: [2026-09-20 12:31:10] 等待全覆盖弓型轨迹......[0m
[0m[ INFO] [1789878671.048103757]: [2026-09-20 12:31:11] 等待全覆盖弓型轨迹......[0m
[0m[ INFO] [1789878671.148078794]: [2026-09-20 12:31:11] 等待全覆盖弓型轨迹......[0m
[0m[ INFO] [1789878671.248079143]: [2026-09-20 12:31:11] 等待全覆盖弓型轨迹......[0m
[0m[ INFO] [1789878671.348082020]: [2026-09-20 12:31:11] 等待全覆盖弓型轨迹......[0m
[0m[ INFO] [1789878671.448104098]: [2026-09-20 12:31:11] 等待全覆盖弓型轨迹......[0m
[0m[ INFO] [1789878671.548096383]: [2026-09-20 12:31:11] 等待全覆盖弓型轨迹......[0m
[0m[ INFO] [1789878671.648117276]: [2026-09-20 12:31:11] 等待全覆盖弓型轨迹......[0m
[0m[ INFO] [1789878671.748121564]: [2026-09-20 12:31:11] 等待全覆盖弓型轨迹......[0m
[0m[ INFO] [1789878671.848149471]: [2026-09-20 12:31:11] 等待全覆盖弓型轨迹......[0m
[0m[ INFO] [1789878671.948088225]: [2026-09-20 12:31:11] 等待全覆盖弓型轨迹......[0m
[0m[ INFO] [1789878672.148094151]: [2026-09-20 12:31:12] 等待全覆盖弓型轨迹......[0m
[0m[ INFO] [1789878672.248115850]: [2026-09-20 12:31:12] 等待全覆盖弓型轨迹......[0m
[0m[ INFO] [1789878672.348101933]: [2026-09-20 12:31:12] 等待全覆盖弓型轨迹......[0m
[0m[ INFO] [1789878672.448106960]: [2026-09-20 12:31:12] 等待全覆盖弓型轨迹......[0m
[0m[ INFO] [1789878672.548094515]: [2026-09-20 12:31:12] 等待全覆盖弓型轨迹......[0m
[0m[ INFO] [1789878672.648104438]: [2026-09-20 12:31:12] 等待全覆盖弓型轨迹......[0m
[0m[ INFO] [1789878672.748091705]: [2026-09-20 12:31:12] 等待全覆盖弓型轨迹......[0m
[0m[ INFO] [1789878672.848085052]: [2026-09-20 12:31:12] 等待全覆盖弓型轨迹......[0m
[0m[ INFO] [1789878672.948087455]: [2026-09-20 12:31:12] 等待全覆盖弓型轨迹......[0m
[0m[ INFO] [1789878673.048090146]: [2026-09-20 12:31:13] 等待全覆盖弓型轨迹......[0m
[0m[ INFO] [1789878673.148092581]: [2026-09-20 12:31:13] 等待全覆盖弓型轨迹......[0m
[0m[ INFO] [1789878673.248095880]: [2026-09-20 12:31:13] 等待全覆盖弓型轨迹......[0m
[0m[ INFO] [1789878673.348078154]: [2026-09-20 12:31:13] 等待全覆盖弓型轨迹......[0m
[0m[ INFO] [1789878673.448126926]: [2026-09-20 12:31:13] 等待全覆盖弓型轨迹......[0m
[0m[ INFO] [1789878673.548082992]: [2026-09-20 12:31:13] 等待全覆盖弓型轨迹......[0m
[0m[ INFO] [1789878673.648092563]: [2026-09-20 12:31:13] 等待全覆盖弓型轨迹......[0m
[0m[ INFO] [1789878673.748098486]: [2026-09-20 12:31:13] 等待全覆盖弓型轨迹......[0m
[0m[ INFO] [1789878673.848096825]: [2026-09-20 12:31:13] 等待全覆盖弓型轨迹......[0m
[0m[ INFO] [1789878673.948079772]: [2026-09-20 12:31:13] 等待全覆盖弓型轨迹......[0m
[0m[ INFO] [1789878674.048107967]: [2026-09-20 12:31:14] 等待全覆盖弓型轨迹......[0m
[0m[ INFO] [1789878674.148076130]: [2026-09-20 12:31:14] 等待全覆盖弓型轨迹......[0m
[0m[ INFO] [1789878674.248098693]: [2026-09-20 12:31:14] 等待全覆盖弓型轨迹......[0m
[0m[ INFO] [1789878674.348082952]: [2026-09-20 12:31:14] 等待全覆盖弓型轨迹......[0m
[0m[ INFO] [1789878674.448092043]: [2026-09-20 12:31:14] 等待全覆盖弓型轨迹......[0m
[0m[ INFO] [1789878674.548070126]: [2026-09-20 12:31:14] 等待全覆盖弓型轨迹......[0m
[0m[ INFO] [1789878674.648092945]: [2026-09-20 12:31:14] 等待全覆盖弓型轨迹......[0m
[0m[ INFO] [1789878674.748108820]: [2026-09-20 12:31:14] 等待全覆盖弓型轨迹......[0m
[0m[ INFO] [1789878674.848104055]: [2026-09-20 12:31:14] 等待全覆盖弓型轨迹......[0m
[0m[ INFO] [1789878674.948088026]: [2026-09-20 12:31:14] 等待全覆盖弓型轨迹......[0m
[0m[ INFO] [1789878675.048107293]: [2026-09-20 12:31:15] 等待全覆盖弓型轨迹......[0m
[0m[ INFO] [1789878675.148083327]: [2026-09-20 12:31:15] 等待全覆盖弓型轨迹......[0m
[0m[ INFO] [1789878675.248055234]: [2026-09-20 12:31:15] 等待全覆盖弓型轨迹......[0m
[0m[ INFO] [1789878675.348075909]: [2026-09-20 12:31:15] 等待全覆盖弓型轨迹......[0m
[0m[ INFO] [1789878675.448105513]: [2026-09-20 12:31:15] 等待全覆盖弓型轨迹......[0m
[0m[ INFO] [1789878675.548086091]: [2026-09-20 12:31:15] 等待全覆盖弓型轨迹......[0m
[0m[ INFO] [1789878675.648087816]: [2026-09-20 12:31:15] 等待全覆盖弓型轨迹......[0m
[0m[ INFO] [1789878675.748087186]: [2026-09-20 12:31:15] 等待全覆盖弓型轨迹......[0m
[0m[ INFO] [1789878675.848100757]: [2026-09-20 12:31:15] 等待全覆盖弓型轨迹......[0m
[0m[ INFO] [1789878675.948082040]: [2026-09-20 12:31:15] 等待全覆盖弓型轨迹......[0m
[0m[ INFO] [1789878676.048117308]: [2026-09-20 12:31:16] 等待全覆盖弓型轨迹......[0m
[0m[ INFO] [1789878676.148082014]: [2026-09-20 12:31:16] 等待全覆盖弓型轨迹......[0m
[0m[ INFO] [1789878676.248080066]: [2026-09-20 12:31:16] 等待全覆盖弓型轨迹......[0m
[0m[ INFO] [1789878676.348080037]: [2026-09-20 12:31:16] 等待全覆盖弓型轨迹......[0m
[0m[ INFO] [1789878676.448089000]: [2026-09-20 12:31:16] 等待全覆盖弓型轨迹......[0m
[0m[ INFO] [1789878676.548080811]: [2026-09-20 12:31:16] 等待全覆盖弓型轨迹......[0m
[0m[ INFO] [1789878676.648085806]: [2026-09-20 12:31:16] 等待全覆盖弓型轨迹......[0m
[0m[ INFO] [1789878676.748082290]: [2026-09-20 12:31:16] 等待全覆盖弓型轨迹......[0m
[0m[ INFO] [1789878676.848122165]: [2026-09-20 12:31:16] 等待全覆盖弓型轨迹......[0m
[0m[ INFO] [1789878676.948090424]: [2026-09-20 12:31:16] 等待全覆盖弓型轨迹......[0m
[0m[ INFO] [1789878677.048107451]: [2026-09-20 12:31:17] 等待全覆盖弓型轨迹......[0m
[0m[ INFO] [1789878677.148100094]: [2026-09-20 12:31:17] 等待全覆盖弓型轨迹......[0m
[0m[ INFO] [1789878677.248080685]: [2026-09-20 12:31:17] 等待全覆盖弓型轨迹......[0m
[0m[ INFO] [1789878677.348079971]: [2026-09-20 12:31:17] 等待全覆盖弓型轨迹......[0m
[0m[ INFO] [1789878677.448093209]: [2026-09-20 12:31:17] 等待全覆盖弓型轨迹......[0m
[0m[ INFO] [1789878677.548145584]: [2026-09-20 12:31:17] 等待全覆盖弓型轨迹......[0m
[0m[ INFO] [1789878677.648138663]: [2026-09-20 12:31:17] 等待全覆盖弓型轨迹......[0m
[0m[ INFO] [1789878677.748138717]: [2026-09-20 12:31:17] 等待全覆盖弓型轨迹......[0m
[0m[ INFO] [1789878677.848144371]: [2026-09-20 12:31:17] 等待全覆盖弓型轨迹......[0m
[0m[ INFO] [1789878677.948106377]: [2026-09-20 12:31:17] 等待全覆盖弓型轨迹......[0m
[0m[ INFO] [1789878678.048136096]: [2026-09-20 12:31:18] 等待全覆盖弓型轨迹......[0m
[0m[ INFO] [1789878678.148120502]: [2026-09-20 12:31:18] 等待全覆盖弓型轨迹......[0m
[0m[ INFO] [1789878678.248108844]: [2026-09-20 12:31:18] 等待全覆盖弓型轨迹......[0m
[0m[ INFO] [1789878678.348127171]: [2026-09-20 12:31:18] 等待全覆盖弓型轨迹......[0m
[0m[ INFO] [1789878678.448113209]: [2026-09-20 12:31:18] 等待全覆盖弓型轨迹......[0m
[0m[ INFO] [1789878678.548105263]: [2026-09-20 12:31:18] 等待全覆盖弓型轨迹......[0m
[0m[ INFO] [1789878678.648092389]: [2026-09-20 12:31:18] 等待全覆盖弓型轨迹......[0m
[0m[ INFO] [1789878678.748096892]: [2026-09-20 12:31:18] 等待全覆盖弓型轨迹......[0m
[0m[ INFO] [1789878678.848096338]: [2026-09-20 12:31:18] 等待全覆盖弓型轨迹......[0m
[0m[ INFO] [1789878678.948080424]: [2026-09-20 12:31:18] 等待全覆盖弓型轨迹......[0m
[0m[ INFO] [1789878679.048109439]: [2026-09-20 12:31:19] 等待全覆盖弓型轨迹......[0m
[0m[ INFO] [1789878679.148083893]: [2026-09-20 12:31:19] 等待全覆盖弓型轨迹......[0m
[0m[ INFO] [1789878679.248083531]: [2026-09-20 12:31:19] 等待全覆盖弓型轨迹......[0m
[0m[ INFO] [1789878679.348076833]: [2026-09-20 12:31:19] 等待全覆盖弓型轨迹......[0m
[0m[ INFO] [1789878679.448109080]: [2026-09-20 12:31:19] 等待全覆盖弓型轨迹......[0m
[0m[ INFO] [1789878679.548093646]: [2026-09-20 12:31:19] 等待全覆盖弓型轨迹......[0m
[0m[ INFO] [1789878679.648083301]: [2026-09-20 12:31:19] 等待全覆盖弓型轨迹......[0m
[0m[ INFO] [1789878679.748100259]: [2026-09-20 12:31:19] 等待全覆盖弓型轨迹......[0m
[0m[ INFO] [1789878679.848078640]: [2026-09-20 12:31:19] 等待全覆盖弓型轨迹......[0m
[0m[ INFO] [1789878679.948077406]: [2026-09-20 12:31:19] 等待全覆盖弓型轨迹......[0m
[0m[ INFO] [1789878680.048089964]: [2026-09-20 12:31:20] 等待全覆盖弓型轨迹......[0m
[0m[ INFO] [1789878680.148079194]: [2026-09-20 12:31:20] 等待全覆盖弓型轨迹......[0m
[0m[ INFO] [1789878680.248077063]: [2026-09-20 12:31:20] 等待全覆盖弓型轨迹......[0m
[0m[ INFO] [1789878680.348100373]: [2026-09-20 12:31:20] 等待全覆盖弓型轨迹......[0m
[0m[ INFO] [1789878680.448292325]: [2026-09-20 12:31:20] 等待全覆盖弓型轨迹......[0m
[0m[ INFO] [1789878680.548138065]: [2026-09-20 12:31:20] 等待全覆盖弓型轨迹......[0m
[0m[ INFO] [1789878680.648077279]: [2026-09-20 12:31:20] 等待全覆盖弓型轨迹......[0m
[0m[ INFO] [1789878680.748093421]: [2026-09-20 12:31:20] 等待全覆盖弓型轨迹......[0m
[0m[ INFO] [1789878680.848084442]: [2026-09-20 12:31:20] 等待全覆盖弓型轨迹......[0m
[0m[ INFO] [1789878680.948076552]: [2026-09-20 12:31:20] 等待全覆盖弓型轨迹......[0m
[0m[ INFO] [1789878681.048095126]: [2026-09-20 12:31:21] 等待全覆盖弓型轨迹......[0m
[0m[ INFO] [1789878681.148079780]: [2026-09-20 12:31:21] 等待全覆盖弓型轨迹......[0m
[0m[ INFO] [1789878681.248075889]: [2026-09-20 12:31:21] 等待全覆盖弓型轨迹......[0m
[0m[ INFO] [1789878681.348092063]: [2026-09-20 12:31:21] 等待全覆盖弓型轨迹......[0m
[0m[ INFO] [1789878681.448113581]: [2026-09-20 12:31:21] 等待全覆盖弓型轨迹......[0m
[0m[ INFO] [1789878681.548063098]: [2026-09-20 12:31:21] 等待全覆盖弓型轨迹......[0m
[0m[ INFO] [1789878681.648095273]: [2026-09-20 12:31:21] 等待全覆盖弓型轨迹......[0m
[0m[ INFO] [1789878681.748104438]: [2026-09-20 12:31:21] 等待全覆盖弓型轨迹......[0m
[0m[ INFO] [1789878681.848095652]: [2026-09-20 12:31:21] 等待全覆盖弓型轨迹......[0m
[0m[ INFO] [1789878681.948087954]: [2026-09-20 12:31:21] 等待全覆盖弓型轨迹......[0m
[0m[ INFO] [1789878682.048085888]: [2026-09-20 12:31:22] 等待全覆盖弓型轨迹......[0m
[0m[ INFO] [1789878682.148093677]: [2026-09-20 12:31:22] 等待全覆盖弓型轨迹......[0m
[0m[ INFO] [1789878682.248079163]: [2026-09-20 12:31:22] 等待全覆盖弓型轨迹......[0m
[0m[ INFO] [1789878682.348076937]: [2026-09-20 12:31:22] 等待全覆盖弓型轨迹......[0m
[0m[ INFO] [1789878682.448118903]: [2026-09-20 12:31:22] 等待全覆盖弓型轨迹......[0m
[0m[ INFO] [1789878682.548115973]: [2026-09-20 12:31:22] 等待全覆盖弓型轨迹......[0m
[0m[ INFO] [1789878682.648158099]: [2026-09-20 12:31:22] 等待全覆盖弓型轨迹......[0m
[0m[ INFO] [1789878682.748139649]: [2026-09-20 12:31:22] 等待全覆盖弓型轨迹......[0m
[0m[ INFO] [1789878682.848149071]: [2026-09-20 12:31:22] 等待全覆盖弓型轨迹......[0m
[0m[ INFO] [1789878682.948042843]: [2026-09-20 12:31:22] 等待全覆盖弓型轨迹......[0m
[0m[ INFO] [1789878683.048111562]: [2026-09-20 12:31:23] 等待全覆盖弓型轨迹......[0m
[0m[ INFO] [1789878683.148106135]: [2026-09-20 12:31:23] 等待全覆盖弓型轨迹......[0m
[0m[ INFO] [1789878683.248073957]: [2026-09-20 12:31:23] 等待全覆盖弓型轨迹......[0m
[0m[ INFO] [1789878683.348097235]: [2026-09-20 12:31:23] 等待全覆盖弓型轨迹......[0m
[0m[ INFO] [1789878683.448086589]: [2026-09-20 12:31:23] 等待全覆盖弓型轨迹......[0m
[0m[ INFO] [1789878683.548118715]: [2026-09-20 12:31:23] 等待全覆盖弓型轨迹......[0m
[0m[ INFO] [1789878683.648109271]: [2026-09-20 12:31:23] 等待全覆盖弓型轨迹......[0m
[0m[ INFO] [1789878683.748059989]: [2026-09-20 12:31:23] 等待全覆盖弓型轨迹......[0m
[0m[ INFO] [1789878683.848098072]: [2026-09-20 12:31:23] 等待全覆盖弓型轨迹......[0m
[0m[ INFO] [1789878683.948079899]: [2026-09-20 12:31:23] 等待全覆盖弓型轨迹......[0m
[0m[ INFO] [1789878684.048086621]: [2026-09-20 12:31:24] 等待全覆盖弓型轨迹......[0m
[0m[ INFO] [1789878684.148107328]: [2026-09-20 12:31:24] 等待全覆盖弓型轨迹......[0m
[0m[ INFO] [1789878684.248091363]: [2026-09-20 12:31:24] 等待全覆盖弓型轨迹......[0m
[0m[ INFO] [1789878684.348096709]: [2026-09-20 12:31:24] 等待全覆盖弓型轨迹......[0m
[0m[ INFO] [1789878684.448189961]: [2026-09-20 12:31:24] 等待全覆盖弓型轨迹......[0m
[0m[ INFO] [1789878684.548121387]: [2026-09-20 12:31:24] 等待全覆盖弓型轨迹......[0m
[0m[ INFO] [1789878684.648088717]: [2026-09-20 12:31:24] 等待全覆盖弓型轨迹......[0m
[0m[ INFO] [1789878684.748151408]: [2026-09-20 12:31:24] 等待全覆盖弓型轨迹......[0m
[0m[ INFO] [1789878684.848126610]: [2026-09-20 12:31:24] 等待全覆盖弓型轨迹......[0m
[0m[ INFO] [1789878684.948126613]: [2026-09-20 12:31:24] 等待全覆盖弓型轨迹......[0m
[0m[ INFO] [1789878685.048090167]: [2026-09-20 12:31:25] 等待全覆盖弓型轨迹......[0m
[0m[ INFO] [1789878685.148098170]: [2026-09-20 12:31:25] 等待全覆盖弓型轨迹......[0m
[0m[ INFO] [1789878685.248096700]: [2026-09-20 12:31:25] 等待全覆盖弓型轨迹......[0m
[0m[ INFO] [1789878685.348094975]: [2026-09-20 12:31:25] 等待全覆盖弓型轨迹......[0m
[0m[ INFO] [1789878685.448105281]: [2026-09-20 12:31:25] 等待全覆盖弓型轨迹......[0m
[0m[ INFO] [1789878685.548130564]: start_point: (6.19, 1.03), second_point: (1.72, 0.74), second_last_point: (6.86, 2.49)[0m
[2026-09-20 12:31:25] 路径顺序已调整（倒序）
[0m[ INFO] [1789878685.548315366]: === Received waypoints callback ===[0m
[0m[ INFO] [1789878685.548339782]: Current waypoints count: 122[0m
[0m[ INFO] [1789878685.548352166]: Last waypoints count: 0[0m
[0m[ INFO] [1789878685.548363143]: Multi-map mode: NO[0m
[0m[ INFO] [1789878685.548379431]: Processing new waypoints data with 122 points[0m
[2026-09-20 12:31:25] 单地图路径已发布, 路径点数122
[33m[ WARN] [1789878685.551096354]: the have 119 turn point[0m
[0m[ INFO] [1789878685.552717874]: [2026-09-20 12:31:25] 已收到全覆盖弓型轨迹并生成了全局轨迹，等待小车位置确认全局轨迹起点......[0m
[0m[ INFO] [1789878685.552748434]: Single map mode: waypoints processed[0m
no link path is generated! OR Too FEW points
