[0m[ INFO] [1789877208.099052171]: START LOAD VSLAM LOCATION[0m
[0m[ INFO] [1789877209.250688886]: The saved map list: 091801/0601/0918/cctv/12121/0617/0603/1017008888/1017001/[0m
[0m[ INFO] [1789877209.252734499]: LocationMap initialized with interactive multi-map support[0m
[0m[ INFO] [1789877209.252758563]: Listening for planning ready signals on topic: /planning_ready[0m
[2026-09-20 12:12:17] string->data:stop_execution
[2026-09-20 12:12:19] string->data:stop
[2026-09-20 12:12:19] 割草任务停止
[2026-09-20 12:12:27] string->data:init_location
[2026-09-20 12:12:28] string->data:true
[2026-09-20 12:14:01] string->data:init_location
[2026-09-20 12:14:04] string->data:true
[2026-09-20 12:15:44] string->data:false
[2026-09-20 12:29:12] string->data:init_location
[2026-09-20 12:29:15] string->data:true
[2026-09-20 12:31:02] string->data:p_mode
[0m[ INFO] [1789878662.628532144]: p_mode![0m
[0m[ INFO] [1789878662.728851562]: The saved map list: 091801/0601/0918/cctv/12121/0617/0603/1017008888/1017001/[0m
[2026-09-20 12:31:09] string->data:use_map/0918
[33m[ WARN] [1789878669.196318049]: No path data found for map 1[0m
[0m[ INFO] [1789878669.194258220]: use_map![0m
[0m[ INFO] [1789878669.196398817]: The map contains polygons: 1[0m
[0m[ INFO] [1789878669.196516770]: load Map success: 0918.yaml[0m
[2026-09-20 12:31:09] string->data:single_map
[0m[ INFO] [1789878669.604985899]: single_map![0m
[2026-09-20 12:31:23] string->data:start_work
[33m[ WARN] [1789878683.124403337]: Single_map mode confirm, now in map_hull: 1[0m
[0m[ INFO] [1789878683.049191509]: Start work![0m
[0m[ INFO] [1789878683.124345032]: single_map selected[0m
[2026-09-20 12:31:23] 发布割草区域给UI显示, 地图编号: 1
[2026-09-20 12:31:37] string->data:start_execution
