[  0%] Built target _util_generate_messages_check_deps_LocalPose
[  0%] Built target _util_generate_messages_check_deps_Intervene
[  0%] Built target _util_generate_messages_check_deps_PolygonWithHolesStamped
[  0%] Built target _util_generate_messages_check_deps_PolygonWithHoles
[  0%] Built target geometry_msgs_generate_messages_nodejs
[  0%] Built target _util_generate_messages_check_deps_MapPath
[  0%] Built target std_msgs_generate_messages_nodejs
[  0%] Built target _util_generate_messages_check_deps_Position
[  0%] Built target _util_generate_messages_check_deps_DiagnosticResult
[  0%] Built target geometry_msgs_generate_messages_lisp
[  0%] Built target _util_generate_messages_check_deps_LocalPath
[  0%] Built target std_msgs_generate_messages_lisp
[  0%] Built target _util_generate_messages_check_deps_GpsPosition
[  0%] Built target geometry_msgs_generate_messages_cpp
[  0%] Built target std_msgs_generate_messages_cpp
[  0%] Built target geometry_msgs_generate_messages_py
[  0%] Built target std_msgs_generate_messages_py
[  0%] Built target std_msgs_generate_messages_eus
[  0%] Built target geometry_msgs_generate_messages_eus
[ 18%] Built target util_generate_messages_nodejs
[ 37%] Built target util_generate_messages_lisp
[ 56%] Built target util_generate_messages_cpp
[ 77%] Built target util_generate_messages_eus
[100%] Built target util_generate_messages_py
[100%] Built target util_generate_messages
