[35m[1mScanning dependencies of target _util_generate_messages_check_deps_LocalPose[0m
[  0%] Built target _util_generate_messages_check_deps_LocalPose
[35m[1mScanning dependencies of target _util_generate_messages_check_deps_Intervene[0m
[35m[1mScanning dependencies of target _util_generate_messages_check_deps_PolygonWithHolesStamped[0m
[  0%] Built target _util_generate_messages_check_deps_Intervene
[35m[1mScanning dependencies of target _util_generate_messages_check_deps_PolygonWithHoles[0m
[35m[1mScanning dependencies of target _util_generate_messages_check_deps_MapPath[0m
[  0%] Built target _util_generate_messages_check_deps_PolygonWithHolesStamped
[35m[1mScanning dependencies of target geometry_msgs_generate_messages_nodejs[0m
[  0%] Built target _util_generate_messages_check_deps_PolygonWithHoles
[  0%] Built target _util_generate_messages_check_deps_MapPath
[  0%] Built target geometry_msgs_generate_messages_nodejs
[35m[1mScanning dependencies of target _util_generate_messages_check_deps_Position[0m
[35m[1mScanning dependencies of target std_msgs_generate_messages_nodejs[0m
[  0%] Built target std_msgs_generate_messages_nodejs
[35m[1mScanning dependencies of target _util_generate_messages_check_deps_DiagnosticResult[0m
[  0%] Built target _util_generate_messages_check_deps_Position
[35m[1mScanning dependencies of target _util_generate_messages_check_deps_LocalPath[0m
[  0%] Built target _util_generate_messages_check_deps_DiagnosticResult
[35m[1mScanning dependencies of target _util_generate_messages_check_deps_GpsPosition[0m
[  0%] Built target _util_generate_messages_check_deps_LocalPath
[35m[1mScanning dependencies of target geometry_msgs_generate_messages_lisp[0m
[  0%] Built target geometry_msgs_generate_messages_lisp
[  0%] Built target _util_generate_messages_check_deps_GpsPosition
[35m[1mScanning dependencies of target std_msgs_generate_messages_lisp[0m
[  0%] Built target std_msgs_generate_messages_lisp
[35m[1mScanning dependencies of target std_msgs_generate_messages_cpp[0m
[35m[1mScanning dependencies of target geometry_msgs_generate_messages_cpp[0m
[  0%] Built target std_msgs_generate_messages_cpp
[35m[1mScanning dependencies of target geometry_msgs_generate_messages_py[0m
[  0%] Built target geometry_msgs_generate_messages_cpp
[  0%] Built target geometry_msgs_generate_messages_py
[35m[1mScanning dependencies of target std_msgs_generate_messages_py[0m
[  0%] Built target std_msgs_generate_messages_py
[35m[1mScanning dependencies of target std_msgs_generate_messages_eus[0m
[  0%] Built target std_msgs_generate_messages_eus
[35m[1mScanning dependencies of target util_generate_messages_nodejs[0m
[35m[1mScanning dependencies of target geometry_msgs_generate_messages_eus[0m
[  2%] [34m[1mGenerating Javascript code from util/LocalPath.msg[0m
[  2%] Built target geometry_msgs_generate_messages_eus
[35m[1mScanning dependencies of target util_generate_messages_lisp[0m
[  4%] [34m[1mGenerating Lisp code from util/LocalPath.msg[0m
[  6%] [34m[1mGenerating Javascript code from util/LocalPose.msg[0m
[  8%] [34m[1mGenerating Lisp code from util/LocalPose.msg[0m
[ 10%] [34m[1mGenerating Javascript code from util/GpsPosition.msg[0m
[ 12%] [34m[1mGenerating Lisp code from util/GpsPosition.msg[0m
[ 14%] [34m[1mGenerating Lisp code from util/Position.msg[0m
[ 16%] [34m[1mGenerating Javascript code from util/Position.msg[0m
[ 18%] [34m[1mGenerating Javascript code from util/DiagnosticResult.msg[0m
[ 20%] [34m[1mGenerating Javascript code from util/PolygonWithHoles.msg[0m
[ 22%] [34m[1mGenerating Lisp code from util/DiagnosticResult.msg[0m
[ 25%] [34m[1mGenerating Javascript code from util/PolygonWithHolesStamped.msg[0m
[ 27%] [34m[1mGenerating Javascript code from util/MapPath.msg[0m
[ 29%] [34m[1mGenerating Lisp code from util/PolygonWithHoles.msg[0m
[ 31%] [34m[1mGenerating Javascript code from util/Intervene.srv[0m
[ 33%] [34m[1mGenerating Lisp code from util/PolygonWithHolesStamped.msg[0m
[ 33%] Built target util_generate_messages_nodejs
[ 35%] [34m[1mGenerating Lisp code from util/MapPath.msg[0m
[35m[1mScanning dependencies of target util_generate_messages_cpp[0m
[ 37%] [34m[1mGenerating C++ code from util/LocalPath.msg[0m
[ 39%] [34m[1mGenerating Lisp code from util/Intervene.srv[0m
[ 41%] [34m[1mGenerating C++ code from util/LocalPose.msg[0m
[ 43%] [34m[1mGenerating C++ code from util/GpsPosition.msg[0m
[ 43%] Built target util_generate_messages_lisp
[35m[1mScanning dependencies of target util_generate_messages_py[0m
[ 45%] [34m[1mGenerating C++ code from util/Position.msg[0m
[ 47%] [34m[1mGenerating Python from MSG util/LocalPath[0m
[ 50%] [34m[1mGenerating Python from MSG util/LocalPose[0m
[ 52%] [34m[1mGenerating C++ code from util/DiagnosticResult.msg[0m
[ 54%] [34m[1mGenerating C++ code from util/PolygonWithHoles.msg[0m
[ 56%] [34m[1mGenerating C++ code from util/PolygonWithHolesStamped.msg[0m
[ 58%] [34m[1mGenerating C++ code from util/MapPath.msg[0m
[ 60%] [34m[1mGenerating Python from MSG util/GpsPosition[0m
[ 62%] [34m[1mGenerating Python from MSG util/Position[0m
[ 64%] [34m[1mGenerating C++ code from util/Intervene.srv[0m
[ 66%] [34m[1mGenerating Python from MSG util/DiagnosticResult[0m
[ 68%] [34m[1mGenerating Python from MSG util/PolygonWithHoles[0m
[ 70%] [34m[1mGenerating Python from MSG util/PolygonWithHolesStamped[0m
[ 72%] [34m[1mGenerating Python from MSG util/MapPath[0m
[ 75%] [34m[1mGenerating Python code from SRV util/Intervene[0m
[ 75%] Built target util_generate_messages_cpp
[35m[1mScanning dependencies of target util_generate_messages_eus[0m
[ 77%] [34m[1mGenerating EusLisp code from util/LocalPath.msg[0m
[ 79%] [34m[1mGenerating EusLisp code from util/LocalPose.msg[0m
[ 81%] [34m[1mGenerating EusLisp code from util/GpsPosition.msg[0m
[ 83%] [34m[1mGenerating Python msg __init__.py for util[0m
[ 85%] [34m[1mGenerating EusLisp code from util/Position.msg[0m
[ 87%] [34m[1mGenerating EusLisp code from util/DiagnosticResult.msg[0m
[ 89%] [34m[1mGenerating Python srv __init__.py for util[0m
[ 91%] [34m[1mGenerating EusLisp code from util/PolygonWithHoles.msg[0m
[ 93%] [34m[1mGenerating EusLisp code from util/PolygonWithHolesStamped.msg[0m
[ 95%] [34m[1mGenerating EusLisp code from util/MapPath.msg[0m
[ 97%] [34m[1mGenerating EusLisp code from util/Intervene.srv[0m
[100%] [34m[1mGenerating EusLisp manifest code for util[0m
[100%] Built target util_generate_messages_py
[100%] Built target util_generate_messages_eus
[35m[1mScanning dependencies of target util_generate_messages[0m
[100%] Built target util_generate_messages
