[35m[1mScanning dependencies of target _mower_msgs_generate_messages_check_deps_Monitor[0m
[35m[1mScanning dependencies of target _mower_msgs_generate_messages_check_deps_PerceptionSelfDetect[0m
[35m[1mScanning dependencies of target _mower_msgs_generate_messages_check_deps_MultiMapSelfDetect[0m
[35m[1mScanning dependencies of target _mower_msgs_generate_messages_check_deps_LidarSelfDtect[0m
[35m[1mScanning dependencies of target _mower_msgs_generate_messages_check_deps_CheckResult[0m
[35m[1mScanning dependencies of target std_msgs_generate_messages_py[0m
[  0%] Built target _mower_msgs_generate_messages_check_deps_Monitor
[  0%] Built target std_msgs_generate_messages_py
[  0%] Built target _mower_msgs_generate_messages_check_deps_PerceptionSelfDetect
[  0%] Built target _mower_msgs_generate_messages_check_deps_MultiMapSelfDetect
[35m[1mScanning dependencies of target _mower_msgs_generate_messages_check_deps_VslamState[0m
[35m[1mScanning dependencies of target _mower_msgs_generate_messages_check_deps_Intervene[0m
[  0%] Built target _mower_msgs_generate_messages_check_deps_LidarSelfDtect
[35m[1mScanning dependencies of target _mower_msgs_generate_messages_check_deps_Manual_Driving_Cmd[0m
[  0%] Built target _mower_msgs_generate_messages_check_deps_CheckResult
[35m[1mScanning dependencies of target _mower_msgs_generate_messages_check_deps_TaskStatus[0m
[35m[1mScanning dependencies of target _mower_msgs_generate_messages_check_deps_ControlState[0m
[35m[1mScanning dependencies of target _mower_msgs_generate_messages_check_deps_SegState[0m
[  0%] Built target _mower_msgs_generate_messages_check_deps_VslamState
[35m[1mScanning dependencies of target _mower_msgs_generate_messages_check_deps_Manual_Set[0m
[  0%] Built target _mower_msgs_generate_messages_check_deps_Manual_Driving_Cmd
[  0%] Built target _mower_msgs_generate_messages_check_deps_SegState
[  0%] Built target _mower_msgs_generate_messages_check_deps_ControlState
[  0%] Built target _mower_msgs_generate_messages_check_deps_Intervene
[  0%] Built target _mower_msgs_generate_messages_check_deps_TaskStatus
[35m[1mScanning dependencies of target _mower_msgs_generate_messages_check_deps_LocalPath[0m
[35m[1mScanning dependencies of target _mower_msgs_generate_messages_check_deps_Direct_Control[0m
[35m[1mScanning dependencies of target _mower_msgs_generate_messages_check_deps_Fault_Code[0m
[35m[1mScanning dependencies of target _mower_msgs_generate_messages_check_deps_VehicleCmd[0m
[  0%] Built target _mower_msgs_generate_messages_check_deps_Manual_Set
[  0%] Built target _mower_msgs_generate_messages_check_deps_LocalPath
[  0%] Built target _mower_msgs_generate_messages_check_deps_VehicleCmd
[35m[1mScanning dependencies of target _mower_msgs_generate_messages_check_deps_VehicleStatus[0m
[  0%] Built target _mower_msgs_generate_messages_check_deps_Direct_Control
[  0%] Built target _mower_msgs_generate_messages_check_deps_Fault_Code
[35m[1mScanning dependencies of target _mower_msgs_generate_messages_check_deps_ControlOk[0m
[35m[1mScanning dependencies of target _mower_msgs_generate_messages_check_deps_PlaningOK[0m
[35m[1mScanning dependencies of target _mower_msgs_generate_messages_check_deps_CamerargbState[0m
[  0%] Built target _mower_msgs_generate_messages_check_deps_VehicleStatus
[  0%] Built target _mower_msgs_generate_messages_check_deps_PlaningOK
[  0%] Built target _mower_msgs_generate_messages_check_deps_CamerargbState
[  0%] Built target _mower_msgs_generate_messages_check_deps_ControlOk
[35m[1mScanning dependencies of target _mower_msgs_generate_messages_check_deps_Vslam[0m
[35m[1mScanning dependencies of target _mower_msgs_generate_messages_check_deps_PlanType[0m
[35m[1mScanning dependencies of target _mower_msgs_generate_messages_check_deps_GnssOK[0m
[  0%] Built target _mower_msgs_generate_messages_check_deps_Vslam
[35m[1mScanning dependencies of target _mower_msgs_generate_messages_check_deps_CameraState[0m
[  0%] Built target _mower_msgs_generate_messages_check_deps_PlanType
[35m[1mScanning dependencies of target _mower_msgs_generate_messages_check_deps_TimeAreaLeft[0m
[  0%] Built target _mower_msgs_generate_messages_check_deps_GnssOK
[  0%] Built target _mower_msgs_generate_messages_check_deps_TimeAreaLeft
[35m[1mScanning dependencies of target _mower_msgs_generate_messages_check_deps_Position[0m
[  0%] Built target _mower_msgs_generate_messages_check_deps_CameraState
[35m[1mScanning dependencies of target _mower_msgs_generate_messages_check_deps_VehicleInfo[0m
[  0%] Built target _mower_msgs_generate_messages_check_deps_Position
[35m[1mScanning dependencies of target std_msgs_generate_messages_lisp[0m
[  0%] Built target std_msgs_generate_messages_lisp
[35m[1mScanning dependencies of target std_msgs_generate_messages_cpp[0m
[35m[1mScanning dependencies of target std_msgs_generate_messages_eus[0m
[35m[1mScanning dependencies of target std_msgs_generate_messages_nodejs[0m
[  0%] Built target std_msgs_generate_messages_cpp
[  0%] Built target _mower_msgs_generate_messages_check_deps_VehicleInfo
[  0%] Built target std_msgs_generate_messages_nodejs
[  0%] Built target std_msgs_generate_messages_eus
[35m[1mScanning dependencies of target mower_msgs_generate_messages_py[0m
[35m[1mScanning dependencies of target mower_msgs_generate_messages_lisp[0m
[  0%] [34m[1mGenerating Python from MSG mower_msgs/LocalPath[0m
[  1%] [34m[1mGenerating Python from MSG mower_msgs/CheckResult[0m
[  1%] [34m[1mGenerating Lisp code from mower_msgs/LocalPath.msg[0m
[  2%] [34m[1mGenerating Python from MSG mower_msgs/TaskStatus[0m
[  3%] [34m[1mGenerating Lisp code from mower_msgs/CheckResult.msg[0m
[  4%] [34m[1mGenerating Lisp code from mower_msgs/TaskStatus.msg[0m
[  4%] [34m[1mGenerating Python from MSG mower_msgs/LidarSelfDtect[0m
[  5%] [34m[1mGenerating Python from MSG mower_msgs/PerceptionSelfDetect[0m
[  5%] [34m[1mGenerating Lisp code from mower_msgs/LidarSelfDtect.msg[0m
[  6%] [34m[1mGenerating Lisp code from mower_msgs/PerceptionSelfDetect.msg[0m
[  7%] [34m[1mGenerating Lisp code from mower_msgs/MultiMapSelfDetect.msg[0m
[  7%] [34m[1mGenerating Lisp code from mower_msgs/Manual_Set.msg[0m
[  8%] [34m[1mGenerating Lisp code from mower_msgs/Manual_Driving_Cmd.msg[0m
[  9%] [34m[1mGenerating Python from MSG mower_msgs/MultiMapSelfDetect[0m
[ 10%] [34m[1mGenerating Lisp code from mower_msgs/Fault_Code.msg[0m
[ 10%] [34m[1mGenerating Python from MSG mower_msgs/Manual_Set[0m
[ 11%] [34m[1mGenerating Lisp code from mower_msgs/Direct_Control.msg[0m
[ 11%] [34m[1mGenerating Lisp code from mower_msgs/VehicleCmd.msg[0m
[ 12%] [34m[1mGenerating Lisp code from mower_msgs/VehicleInfo.msg[0m
[ 13%] [34m[1mGenerating Lisp code from mower_msgs/VehicleStatus.msg[0m
[ 13%] [34m[1mGenerating Lisp code from mower_msgs/PlaningOK.msg[0m
[ 14%] [34m[1mGenerating Lisp code from mower_msgs/PlanType.msg[0m
[ 15%] [34m[1mGenerating Lisp code from mower_msgs/CamerargbState.msg[0m
[ 15%] [34m[1mGenerating Lisp code from mower_msgs/ControlOk.msg[0m
[ 16%] [34m[1mGenerating Python from MSG mower_msgs/Manual_Driving_Cmd[0m
[ 17%] [34m[1mGenerating Lisp code from mower_msgs/ControlState.msg[0m
[ 18%] [34m[1mGenerating Lisp code from mower_msgs/SegState.msg[0m
[ 18%] [34m[1mGenerating Lisp code from mower_msgs/GnssOK.msg[0m
[ 20%] [34m[1mGenerating Lisp code from mower_msgs/VslamState.msg[0m
[ 21%] [34m[1mGenerating Lisp code from mower_msgs/CameraState.msg[0m
[ 21%] [34m[1mGenerating Lisp code from mower_msgs/Vslam.msg[0m
[ 22%] [34m[1mGenerating Lisp code from mower_msgs/TimeAreaLeft.msg[0m
[ 23%] [34m[1mGenerating Lisp code from mower_msgs/Position.msg[0m
[ 23%] [34m[1mGenerating Lisp code from mower_msgs/Monitor.msg[0m
[ 24%] [34m[1mGenerating Python from MSG mower_msgs/Fault_Code[0m
[ 25%] [34m[1mGenerating Lisp code from mower_msgs/Intervene.srv[0m
[ 25%] Built target mower_msgs_generate_messages_lisp
[35m[1mScanning dependencies of target mower_msgs_generate_messages_nodejs[0m
[ 26%] [34m[1mGenerating Javascript code from mower_msgs/LocalPath.msg[0m
[ 26%] [34m[1mGenerating Python from MSG mower_msgs/Direct_Control[0m
[ 27%] [34m[1mGenerating Javascript code from mower_msgs/CheckResult.msg[0m
[ 27%] [34m[1mGenerating Javascript code from mower_msgs/TaskStatus.msg[0m
[ 28%] [34m[1mGenerating Python from MSG mower_msgs/VehicleCmd[0m
[ 29%] [34m[1mGenerating Python from MSG mower_msgs/VehicleInfo[0m
[ 30%] [34m[1mGenerating Python from MSG mower_msgs/VehicleStatus[0m
[ 30%] [34m[1mGenerating Python from MSG mower_msgs/PlaningOK[0m
[ 31%] [34m[1mGenerating Javascript code from mower_msgs/LidarSelfDtect.msg[0m
[ 32%] [34m[1mGenerating Javascript code from mower_msgs/PerceptionSelfDetect.msg[0m
[ 33%] [34m[1mGenerating Python from MSG mower_msgs/PlanType[0m
[ 34%] [34m[1mGenerating Python from MSG mower_msgs/CamerargbState[0m
[ 34%] [34m[1mGenerating Javascript code from mower_msgs/MultiMapSelfDetect.msg[0m
[ 35%] [34m[1mGenerating Javascript code from mower_msgs/Manual_Set.msg[0m
[ 36%] [34m[1mGenerating Javascript code from mower_msgs/Manual_Driving_Cmd.msg[0m
[ 36%] [34m[1mGenerating Javascript code from mower_msgs/Fault_Code.msg[0m
[ 36%] [34m[1mGenerating Python from MSG mower_msgs/ControlOk[0m
[ 37%] [34m[1mGenerating Python from MSG mower_msgs/ControlState[0m
[ 38%] [34m[1mGenerating Javascript code from mower_msgs/Direct_Control.msg[0m
[ 40%] [34m[1mGenerating Python from MSG mower_msgs/SegState[0m
[ 40%] [34m[1mGenerating Python from MSG mower_msgs/GnssOK[0m
[ 41%] [34m[1mGenerating Javascript code from mower_msgs/VehicleCmd.msg[0m
[ 41%] [34m[1mGenerating Javascript code from mower_msgs/VehicleInfo.msg[0m
[ 42%] [34m[1mGenerating Python from MSG mower_msgs/VslamState[0m
[ 43%] [34m[1mGenerating Javascript code from mower_msgs/VehicleStatus.msg[0m
[ 44%] [34m[1mGenerating Javascript code from mower_msgs/PlaningOK.msg[0m
[ 44%] [34m[1mGenerating Javascript code from mower_msgs/PlanType.msg[0m
[ 45%] [34m[1mGenerating Python from MSG mower_msgs/CameraState[0m
[35m[1mScanning dependencies of target mower_msgs_generate_messages_cpp[0m
[ 45%] [34m[1mGenerating Python from MSG mower_msgs/Vslam[0m
[ 46%] [34m[1mGenerating C++ code from mower_msgs/LocalPath.msg[0m
[ 47%] [34m[1mGenerating Python from MSG mower_msgs/TimeAreaLeft[0m
[ 48%] [34m[1mGenerating Javascript code from mower_msgs/CamerargbState.msg[0m
[ 49%] [34m[1mGenerating Python from MSG mower_msgs/Position[0m
[ 50%] [34m[1mGenerating Javascript code from mower_msgs/ControlOk.msg[0m
[ 50%] [34m[1mGenerating Javascript code from mower_msgs/ControlState.msg[0m
[ 51%] [34m[1mGenerating Javascript code from mower_msgs/SegState.msg[0m
[ 51%] [34m[1mGenerating C++ code from mower_msgs/CheckResult.msg[0m
[ 51%] [34m[1mGenerating Python from MSG mower_msgs/Monitor[0m
[ 52%] [34m[1mGenerating Python code from SRV mower_msgs/Intervene[0m
[35m[1mScanning dependencies of target mower_msgs_generate_messages_eus[0m
[ 53%] [34m[1mGenerating C++ code from mower_msgs/TaskStatus.msg[0m
[ 54%] [34m[1mGenerating EusLisp code from mower_msgs/LocalPath.msg[0m
[ 55%] [34m[1mGenerating Javascript code from mower_msgs/GnssOK.msg[0m
[ 56%] [34m[1mGenerating EusLisp code from mower_msgs/CheckResult.msg[0m
[ 57%] [34m[1mGenerating C++ code from mower_msgs/LidarSelfDtect.msg[0m
[ 58%] [34m[1mGenerating Javascript code from mower_msgs/VslamState.msg[0m
[ 58%] [34m[1mGenerating C++ code from mower_msgs/PerceptionSelfDetect.msg[0m
[ 60%] [34m[1mGenerating C++ code from mower_msgs/MultiMapSelfDetect.msg[0m
[ 61%] [34m[1mGenerating EusLisp code from mower_msgs/TaskStatus.msg[0m
[ 61%] [34m[1mGenerating EusLisp code from mower_msgs/LidarSelfDtect.msg[0m
[ 61%] [34m[1mGenerating Javascript code from mower_msgs/CameraState.msg[0m
[ 62%] [34m[1mGenerating Python msg __init__.py for mower_msgs[0m
[ 63%] [34m[1mGenerating EusLisp code from mower_msgs/PerceptionSelfDetect.msg[0m
[ 63%] [34m[1mGenerating C++ code from mower_msgs/Manual_Driving_Cmd.msg[0m
[ 64%] [34m[1mGenerating C++ code from mower_msgs/Manual_Set.msg[0m
[ 65%] [34m[1mGenerating C++ code from mower_msgs/Fault_Code.msg[0m
[ 66%] [34m[1mGenerating Javascript code from mower_msgs/Vslam.msg[0m
[ 67%] [34m[1mGenerating Javascript code from mower_msgs/TimeAreaLeft.msg[0m
[ 67%] [34m[1mGenerating Javascript code from mower_msgs/Position.msg[0m
[ 68%] [34m[1mGenerating EusLisp code from mower_msgs/MultiMapSelfDetect.msg[0m
[ 69%] [34m[1mGenerating Javascript code from mower_msgs/Monitor.msg[0m
[ 70%] [34m[1mGenerating Javascript code from mower_msgs/Intervene.srv[0m
[ 71%] [34m[1mGenerating C++ code from mower_msgs/Direct_Control.msg[0m
[ 72%] [34m[1mGenerating Python srv __init__.py for mower_msgs[0m
[ 72%] [34m[1mGenerating EusLisp code from mower_msgs/Manual_Set.msg[0m
[ 73%] [34m[1mGenerating EusLisp code from mower_msgs/Manual_Driving_Cmd.msg[0m
[ 74%] [34m[1mGenerating C++ code from mower_msgs/VehicleCmd.msg[0m
[ 74%] Built target mower_msgs_generate_messages_nodejs
[ 74%] [34m[1mGenerating C++ code from mower_msgs/VehicleInfo.msg[0m
[ 75%] [34m[1mGenerating EusLisp code from mower_msgs/Fault_Code.msg[0m
[ 75%] [34m[1mGenerating EusLisp code from mower_msgs/Direct_Control.msg[0m
[ 76%] [34m[1mGenerating EusLisp code from mower_msgs/VehicleCmd.msg[0m
[ 77%] [34m[1mGenerating EusLisp code from mower_msgs/VehicleInfo.msg[0m
[ 78%] [34m[1mGenerating C++ code from mower_msgs/VehicleStatus.msg[0m
[ 80%] [34m[1mGenerating C++ code from mower_msgs/PlaningOK.msg[0m
[ 80%] [34m[1mGenerating EusLisp code from mower_msgs/VehicleStatus.msg[0m
[ 81%] [34m[1mGenerating C++ code from mower_msgs/PlanType.msg[0m
[ 81%] [34m[1mGenerating EusLisp code from mower_msgs/PlaningOK.msg[0m
[ 82%] [34m[1mGenerating EusLisp code from mower_msgs/PlanType.msg[0m
[ 82%] Built target mower_msgs_generate_messages_py
[ 82%] [34m[1mGenerating EusLisp code from mower_msgs/CamerargbState.msg[0m
[ 83%] [34m[1mGenerating EusLisp code from mower_msgs/ControlOk.msg[0m
[ 84%] [34m[1mGenerating C++ code from mower_msgs/CamerargbState.msg[0m
[ 85%] [34m[1mGenerating C++ code from mower_msgs/ControlOk.msg[0m
[ 86%] [34m[1mGenerating EusLisp code from mower_msgs/ControlState.msg[0m
[ 86%] [34m[1mGenerating EusLisp code from mower_msgs/SegState.msg[0m
[ 86%] [34m[1mGenerating C++ code from mower_msgs/ControlState.msg[0m
[ 87%] [34m[1mGenerating EusLisp code from mower_msgs/GnssOK.msg[0m
[ 88%] [34m[1mGenerating EusLisp code from mower_msgs/VslamState.msg[0m
[ 89%] [34m[1mGenerating EusLisp code from mower_msgs/CameraState.msg[0m
[ 89%] [34m[1mGenerating EusLisp code from mower_msgs/Vslam.msg[0m
[ 90%] [34m[1mGenerating C++ code from mower_msgs/SegState.msg[0m
[ 91%] [34m[1mGenerating EusLisp code from mower_msgs/TimeAreaLeft.msg[0m
[ 92%] [34m[1mGenerating C++ code from mower_msgs/GnssOK.msg[0m
[ 93%] [34m[1mGenerating EusLisp code from mower_msgs/Position.msg[0m
[ 93%] [34m[1mGenerating EusLisp code from mower_msgs/Monitor.msg[0m
[ 93%] [34m[1mGenerating C++ code from mower_msgs/VslamState.msg[0m
[ 95%] [34m[1mGenerating EusLisp code from mower_msgs/Intervene.srv[0m
[ 95%] [34m[1mGenerating EusLisp manifest code for mower_msgs[0m
[ 96%] [34m[1mGenerating C++ code from mower_msgs/CameraState.msg[0m
[ 97%] [34m[1mGenerating C++ code from mower_msgs/Vslam.msg[0m
[ 97%] [34m[1mGenerating C++ code from mower_msgs/TimeAreaLeft.msg[0m
[ 98%] [34m[1mGenerating C++ code from mower_msgs/Position.msg[0m
[100%] [34m[1mGenerating C++ code from mower_msgs/Monitor.msg[0m
[100%] [34m[1mGenerating C++ code from mower_msgs/Intervene.srv[0m
[100%] Built target mower_msgs_generate_messages_cpp
[100%] Built target mower_msgs_generate_messages_eus
[35m[1mScanning dependencies of target mower_msgs_generate_messages[0m
[100%] Built target mower_msgs_generate_messages
