[  0%] Built target std_msgs_generate_messages_py
[  0%] Built target _mower_msgs_generate_messages_check_deps_PerceptionSelfDetect
[  0%] Built target _mower_msgs_generate_messages_check_deps_CheckResult
[  0%] Built target _mower_msgs_generate_messages_check_deps_ControlError
[  0%] Built target _mower_msgs_generate_messages_check_deps_LidarSelfDtect
[  0%] Built target _mower_msgs_generate_messages_check_deps_MultiMapSelfDetect
[  0%] Built target _mower_msgs_generate_messages_check_deps_VslamState
[  0%] Built target _mower_msgs_generate_messages_check_deps_TaskStatus
[  0%] Built target _mower_msgs_generate_messages_check_deps_Intervene
[  0%] Built target _mower_msgs_generate_messages_check_deps_Manual_Driving_Cmd
[  0%] Built target _mower_msgs_generate_messages_check_deps_ControlState
[  0%] Built target _mower_msgs_generate_messages_check_deps_Fault_Code
[  0%] Built target _mower_msgs_generate_messages_check_deps_LocalPath
[  0%] Built target _mower_msgs_generate_messages_check_deps_Manual_Set
[  0%] Built target _mower_msgs_generate_messages_check_deps_SegState
[  0%] Built target _mower_msgs_generate_messages_check_deps_VehicleCmd
[  0%] Built target _mower_msgs_generate_messages_check_deps_ControlOk
[  0%] Built target _mower_msgs_generate_messages_check_deps_VehicleStatus
[  0%] Built target _mower_msgs_generate_messages_check_deps_Direct_Control
[  0%] Built target _mower_msgs_generate_messages_check_deps_CamerargbState
[  0%] Built target _mower_msgs_generate_messages_check_deps_Vslam
[  0%] Built target _mower_msgs_generate_messages_check_deps_PlaningOK
[  0%] Built target _mower_msgs_generate_messages_check_deps_PlanType
[  0%] Built target _mower_msgs_generate_messages_check_deps_GnssOK
[  0%] Built target _mower_msgs_generate_messages_check_deps_CameraState
[  0%] Built target _mower_msgs_generate_messages_check_deps_TimeAreaLeft
[  0%] Built target _mower_msgs_generate_messages_check_deps_VehicleInfo
[  0%] Built target std_msgs_generate_messages_lisp
[  0%] Built target _mower_msgs_generate_messages_check_deps_Position
[  0%] Built target std_msgs_generate_messages_nodejs
[  0%] Built target _mower_msgs_generate_messages_check_deps_Monitor
[  0%] Built target std_msgs_generate_messages_cpp
[  0%] Built target std_msgs_generate_messages_eus
[ 20%] Built target mower_msgs_generate_messages_nodejs
[ 41%] Built target mower_msgs_generate_messages_py
[ 60%] Built target mower_msgs_generate_messages_cpp
[ 78%] Built target mower_msgs_generate_messages_lisp
[100%] Built target mower_msgs_generate_messages_eus
[100%] Built target mower_msgs_generate_messages
