Linked: (/home/nvidia/crawler_control/devel/.private/mower_msgs/lib/python3/dist-packages/mower_msgs/__init__.py, /home/nvidia/crawler_control/devel/lib/python3/dist-packages/mower_msgs/__init__.py)
Linked: (/home/nvidia/crawler_control/devel/.private/mower_msgs/lib/python3/dist-packages/mower_msgs/msg/__init__.py, /home/nvidia/crawler_control/devel/lib/python3/dist-packages/mower_msgs/msg/__init__.py)
Linked: (/home/nvidia/crawler_control/devel/.private/mower_msgs/lib/python3/dist-packages/mower_msgs/msg/_Manual_Driving_Cmd.py, /home/nvidia/crawler_control/devel/lib/python3/dist-packages/mower_msgs/msg/_Manual_Driving_Cmd.py)
Linked: (/home/nvidia/crawler_control/devel/.private/mower_msgs/lib/python3/dist-packages/mower_msgs/msg/_PlanType.py, /home/nvidia/crawler_control/devel/lib/python3/dist-packages/mower_msgs/msg/_PlanType.py)
Linked: (/home/nvidia/crawler_control/devel/.private/mower_msgs/lib/python3/dist-packages/mower_msgs/msg/_ControlState.py, /home/nvidia/crawler_control/devel/lib/python3/dist-packages/mower_msgs/msg/_ControlState.py)
Linked: (/home/nvidia/crawler_control/devel/.private/mower_msgs/lib/python3/dist-packages/mower_msgs/msg/_LocalPath.py, /home/nvidia/crawler_control/devel/lib/python3/dist-packages/mower_msgs/msg/_LocalPath.py)
Linked: (/home/nvidia/crawler_control/devel/.private/mower_msgs/lib/python3/dist-packages/mower_msgs/msg/_Vslam.py, /home/nvidia/crawler_control/devel/lib/python3/dist-packages/mower_msgs/msg/_Vslam.py)
Linked: (/home/nvidia/crawler_control/devel/.private/mower_msgs/lib/python3/dist-packages/mower_msgs/msg/_Position.py, /home/nvidia/crawler_control/devel/lib/python3/dist-packages/mower_msgs/msg/_Position.py)
Linked: (/home/nvidia/crawler_control/devel/.private/mower_msgs/lib/python3/dist-packages/mower_msgs/msg/_ControlError.py, /home/nvidia/crawler_control/devel/lib/python3/dist-packages/mower_msgs/msg/_ControlError.py)
Linked: (/home/nvidia/crawler_control/devel/.private/mower_msgs/lib/python3/dist-packages/mower_msgs/msg/_VehicleInfo.py, /home/nvidia/crawler_control/devel/lib/python3/dist-packages/mower_msgs/msg/_VehicleInfo.py)
Linked: (/home/nvidia/crawler_control/devel/.private/mower_msgs/lib/python3/dist-packages/mower_msgs/msg/_Manual_Set.py, /home/nvidia/crawler_control/devel/lib/python3/dist-packages/mower_msgs/msg/_Manual_Set.py)
Linked: (/home/nvidia/crawler_control/devel/.private/mower_msgs/lib/python3/dist-packages/mower_msgs/msg/_Monitor.py, /home/nvidia/crawler_control/devel/lib/python3/dist-packages/mower_msgs/msg/_Monitor.py)
Linked: (/home/nvidia/crawler_control/devel/.private/mower_msgs/lib/python3/dist-packages/mower_msgs/msg/_MultiMapSelfDetect.py, /home/nvidia/crawler_control/devel/lib/python3/dist-packages/mower_msgs/msg/_MultiMapSelfDetect.py)
Linked: (/home/nvidia/crawler_control/devel/.private/mower_msgs/lib/python3/dist-packages/mower_msgs/msg/_CheckResult.py, /home/nvidia/crawler_control/devel/lib/python3/dist-packages/mower_msgs/msg/_CheckResult.py)
Linked: (/home/nvidia/crawler_control/devel/.private/mower_msgs/lib/python3/dist-packages/mower_msgs/msg/_VslamState.py, /home/nvidia/crawler_control/devel/lib/python3/dist-packages/mower_msgs/msg/_VslamState.py)
Linked: (/home/nvidia/crawler_control/devel/.private/mower_msgs/lib/python3/dist-packages/mower_msgs/msg/_PlaningOK.py, /home/nvidia/crawler_control/devel/lib/python3/dist-packages/mower_msgs/msg/_PlaningOK.py)
Linked: (/home/nvidia/crawler_control/devel/.private/mower_msgs/lib/python3/dist-packages/mower_msgs/msg/_SegState.py, /home/nvidia/crawler_control/devel/lib/python3/dist-packages/mower_msgs/msg/_SegState.py)
Linked: (/home/nvidia/crawler_control/devel/.private/mower_msgs/lib/python3/dist-packages/mower_msgs/msg/_ControlOk.py, /home/nvidia/crawler_control/devel/lib/python3/dist-packages/mower_msgs/msg/_ControlOk.py)
Linked: (/home/nvidia/crawler_control/devel/.private/mower_msgs/lib/python3/dist-packages/mower_msgs/msg/_VehicleStatus.py, /home/nvidia/crawler_control/devel/lib/python3/dist-packages/mower_msgs/msg/_VehicleStatus.py)
Linked: (/home/nvidia/crawler_control/devel/.private/mower_msgs/lib/python3/dist-packages/mower_msgs/msg/_GnssOK.py, /home/nvidia/crawler_control/devel/lib/python3/dist-packages/mower_msgs/msg/_GnssOK.py)
Linked: (/home/nvidia/crawler_control/devel/.private/mower_msgs/lib/python3/dist-packages/mower_msgs/msg/_VehicleCmd.py, /home/nvidia/crawler_control/devel/lib/python3/dist-packages/mower_msgs/msg/_VehicleCmd.py)
Linked: (/home/nvidia/crawler_control/devel/.private/mower_msgs/lib/python3/dist-packages/mower_msgs/msg/_Direct_Control.py, /home/nvidia/crawler_control/devel/lib/python3/dist-packages/mower_msgs/msg/_Direct_Control.py)
Linked: (/home/nvidia/crawler_control/devel/.private/mower_msgs/lib/python3/dist-packages/mower_msgs/msg/_CameraState.py, /home/nvidia/crawler_control/devel/lib/python3/dist-packages/mower_msgs/msg/_CameraState.py)
Linked: (/home/nvidia/crawler_control/devel/.private/mower_msgs/lib/python3/dist-packages/mower_msgs/msg/_CamerargbState.py, /home/nvidia/crawler_control/devel/lib/python3/dist-packages/mower_msgs/msg/_CamerargbState.py)
Linked: (/home/nvidia/crawler_control/devel/.private/mower_msgs/lib/python3/dist-packages/mower_msgs/msg/_TaskStatus.py, /home/nvidia/crawler_control/devel/lib/python3/dist-packages/mower_msgs/msg/_TaskStatus.py)
Linked: (/home/nvidia/crawler_control/devel/.private/mower_msgs/lib/python3/dist-packages/mower_msgs/msg/_Fault_Code.py, /home/nvidia/crawler_control/devel/lib/python3/dist-packages/mower_msgs/msg/_Fault_Code.py)
Linked: (/home/nvidia/crawler_control/devel/.private/mower_msgs/lib/python3/dist-packages/mower_msgs/msg/_PerceptionSelfDetect.py, /home/nvidia/crawler_control/devel/lib/python3/dist-packages/mower_msgs/msg/_PerceptionSelfDetect.py)
Linked: (/home/nvidia/crawler_control/devel/.private/mower_msgs/lib/python3/dist-packages/mower_msgs/msg/_TimeAreaLeft.py, /home/nvidia/crawler_control/devel/lib/python3/dist-packages/mower_msgs/msg/_TimeAreaLeft.py)
Linked: (/home/nvidia/crawler_control/devel/.private/mower_msgs/lib/python3/dist-packages/mower_msgs/msg/_LidarSelfDtect.py, /home/nvidia/crawler_control/devel/lib/python3/dist-packages/mower_msgs/msg/_LidarSelfDtect.py)
Linked: (/home/nvidia/crawler_control/devel/.private/mower_msgs/lib/python3/dist-packages/mower_msgs/srv/__init__.py, /home/nvidia/crawler_control/devel/lib/python3/dist-packages/mower_msgs/srv/__init__.py)
Linked: (/home/nvidia/crawler_control/devel/.private/mower_msgs/lib/python3/dist-packages/mower_msgs/srv/_Intervene.py, /home/nvidia/crawler_control/devel/lib/python3/dist-packages/mower_msgs/srv/_Intervene.py)
Linked: (/home/nvidia/crawler_control/devel/.private/mower_msgs/lib/pkgconfig/mower_msgs.pc, /home/nvidia/crawler_control/devel/lib/pkgconfig/mower_msgs.pc)
Linked: (/home/nvidia/crawler_control/devel/.private/mower_msgs/include/mower_msgs/InterveneResponse.h, /home/nvidia/crawler_control/devel/include/mower_msgs/InterveneResponse.h)
Linked: (/home/nvidia/crawler_control/devel/.private/mower_msgs/include/mower_msgs/ControlError.h, /home/nvidia/crawler_control/devel/include/mower_msgs/ControlError.h)
Linked: (/home/nvidia/crawler_control/devel/.private/mower_msgs/include/mower_msgs/VehicleStatus.h, /home/nvidia/crawler_control/devel/include/mower_msgs/VehicleStatus.h)
Linked: (/home/nvidia/crawler_control/devel/.private/mower_msgs/include/mower_msgs/MultiMapSelfDetect.h, /home/nvidia/crawler_control/devel/include/mower_msgs/MultiMapSelfDetect.h)
Linked: (/home/nvidia/crawler_control/devel/.private/mower_msgs/include/mower_msgs/LocalPath.h, /home/nvidia/crawler_control/devel/include/mower_msgs/LocalPath.h)
Linked: (/home/nvidia/crawler_control/devel/.private/mower_msgs/include/mower_msgs/CamerargbState.h, /home/nvidia/crawler_control/devel/include/mower_msgs/CamerargbState.h)
Linked: (/home/nvidia/crawler_control/devel/.private/mower_msgs/include/mower_msgs/TaskStatus.h, /home/nvidia/crawler_control/devel/include/mower_msgs/TaskStatus.h)
Linked: (/home/nvidia/crawler_control/devel/.private/mower_msgs/include/mower_msgs/InterveneRequest.h, /home/nvidia/crawler_control/devel/include/mower_msgs/InterveneRequest.h)
Linked: (/home/nvidia/crawler_control/devel/.private/mower_msgs/include/mower_msgs/SegState.h, /home/nvidia/crawler_control/devel/include/mower_msgs/SegState.h)
Linked: (/home/nvidia/crawler_control/devel/.private/mower_msgs/include/mower_msgs/CameraState.h, /home/nvidia/crawler_control/devel/include/mower_msgs/CameraState.h)
Linked: (/home/nvidia/crawler_control/devel/.private/mower_msgs/include/mower_msgs/TimeAreaLeft.h, /home/nvidia/crawler_control/devel/include/mower_msgs/TimeAreaLeft.h)
Linked: (/home/nvidia/crawler_control/devel/.private/mower_msgs/include/mower_msgs/Direct_Control.h, /home/nvidia/crawler_control/devel/include/mower_msgs/Direct_Control.h)
Linked: (/home/nvidia/crawler_control/devel/.private/mower_msgs/include/mower_msgs/LidarSelfDtect.h, /home/nvidia/crawler_control/devel/include/mower_msgs/LidarSelfDtect.h)
Linked: (/home/nvidia/crawler_control/devel/.private/mower_msgs/include/mower_msgs/VehicleCmd.h, /home/nvidia/crawler_control/devel/include/mower_msgs/VehicleCmd.h)
Linked: (/home/nvidia/crawler_control/devel/.private/mower_msgs/include/mower_msgs/PerceptionSelfDetect.h, /home/nvidia/crawler_control/devel/include/mower_msgs/PerceptionSelfDetect.h)
Linked: (/home/nvidia/crawler_control/devel/.private/mower_msgs/include/mower_msgs/CheckResult.h, /home/nvidia/crawler_control/devel/include/mower_msgs/CheckResult.h)
Linked: (/home/nvidia/crawler_control/devel/.private/mower_msgs/include/mower_msgs/Intervene.h, /home/nvidia/crawler_control/devel/include/mower_msgs/Intervene.h)
Linked: (/home/nvidia/crawler_control/devel/.private/mower_msgs/include/mower_msgs/ControlOk.h, /home/nvidia/crawler_control/devel/include/mower_msgs/ControlOk.h)
Linked: (/home/nvidia/crawler_control/devel/.private/mower_msgs/include/mower_msgs/Manual_Driving_Cmd.h, /home/nvidia/crawler_control/devel/include/mower_msgs/Manual_Driving_Cmd.h)
Linked: (/home/nvidia/crawler_control/devel/.private/mower_msgs/include/mower_msgs/Vslam.h, /home/nvidia/crawler_control/devel/include/mower_msgs/Vslam.h)
Linked: (/home/nvidia/crawler_control/devel/.private/mower_msgs/include/mower_msgs/Position.h, /home/nvidia/crawler_control/devel/include/mower_msgs/Position.h)
Linked: (/home/nvidia/crawler_control/devel/.private/mower_msgs/include/mower_msgs/VehicleInfo.h, /home/nvidia/crawler_control/devel/include/mower_msgs/VehicleInfo.h)
Linked: (/home/nvidia/crawler_control/devel/.private/mower_msgs/include/mower_msgs/VslamState.h, /home/nvidia/crawler_control/devel/include/mower_msgs/VslamState.h)
Linked: (/home/nvidia/crawler_control/devel/.private/mower_msgs/include/mower_msgs/ControlState.h, /home/nvidia/crawler_control/devel/include/mower_msgs/ControlState.h)
Linked: (/home/nvidia/crawler_control/devel/.private/mower_msgs/include/mower_msgs/PlaningOK.h, /home/nvidia/crawler_control/devel/include/mower_msgs/PlaningOK.h)
Linked: (/home/nvidia/crawler_control/devel/.private/mower_msgs/include/mower_msgs/Manual_Set.h, /home/nvidia/crawler_control/devel/include/mower_msgs/Manual_Set.h)
Linked: (/home/nvidia/crawler_control/devel/.private/mower_msgs/include/mower_msgs/PlanType.h, /home/nvidia/crawler_control/devel/include/mower_msgs/PlanType.h)
Linked: (/home/nvidia/crawler_control/devel/.private/mower_msgs/include/mower_msgs/Fault_Code.h, /home/nvidia/crawler_control/devel/include/mower_msgs/Fault_Code.h)
Linked: (/home/nvidia/crawler_control/devel/.private/mower_msgs/include/mower_msgs/Monitor.h, /home/nvidia/crawler_control/devel/include/mower_msgs/Monitor.h)
Linked: (/home/nvidia/crawler_control/devel/.private/mower_msgs/include/mower_msgs/GnssOK.h, /home/nvidia/crawler_control/devel/include/mower_msgs/GnssOK.h)
Linked: (/home/nvidia/crawler_control/devel/.private/mower_msgs/share/common-lisp/ros/mower_msgs/msg/_package_CheckResult.lisp, /home/nvidia/crawler_control/devel/share/common-lisp/ros/mower_msgs/msg/_package_CheckResult.lisp)
Linked: (/home/nvidia/crawler_control/devel/.private/mower_msgs/share/common-lisp/ros/mower_msgs/msg/ControlOk.lisp, /home/nvidia/crawler_control/devel/share/common-lisp/ros/mower_msgs/msg/ControlOk.lisp)
Linked: (/home/nvidia/crawler_control/devel/.private/mower_msgs/share/common-lisp/ros/mower_msgs/msg/VslamState.lisp, /home/nvidia/crawler_control/devel/share/common-lisp/ros/mower_msgs/msg/VslamState.lisp)
Linked: (/home/nvidia/crawler_control/devel/.private/mower_msgs/share/common-lisp/ros/mower_msgs/msg/CamerargbState.lisp, /home/nvidia/crawler_control/devel/share/common-lisp/ros/mower_msgs/msg/CamerargbState.lisp)
Linked: (/home/nvidia/crawler_control/devel/.private/mower_msgs/share/common-lisp/ros/mower_msgs/msg/PerceptionSelfDetect.lisp, /home/nvidia/crawler_control/devel/share/common-lisp/ros/mower_msgs/msg/PerceptionSelfDetect.lisp)
Linked: (/home/nvidia/crawler_control/devel/.private/mower_msgs/share/common-lisp/ros/mower_msgs/msg/Position.lisp, /home/nvidia/crawler_control/devel/share/common-lisp/ros/mower_msgs/msg/Position.lisp)
Linked: (/home/nvidia/crawler_control/devel/.private/mower_msgs/share/common-lisp/ros/mower_msgs/msg/LocalPath.lisp, /home/nvidia/crawler_control/devel/share/common-lisp/ros/mower_msgs/msg/LocalPath.lisp)
Linked: (/home/nvidia/crawler_control/devel/.private/mower_msgs/share/common-lisp/ros/mower_msgs/msg/_package_VehicleCmd.lisp, /home/nvidia/crawler_control/devel/share/common-lisp/ros/mower_msgs/msg/_package_VehicleCmd.lisp)
Linked: (/home/nvidia/crawler_control/devel/.private/mower_msgs/share/common-lisp/ros/mower_msgs/msg/_package_VehicleStatus.lisp, /home/nvidia/crawler_control/devel/share/common-lisp/ros/mower_msgs/msg/_package_VehicleStatus.lisp)
Linked: (/home/nvidia/crawler_control/devel/.private/mower_msgs/share/common-lisp/ros/mower_msgs/msg/LidarSelfDtect.lisp, /home/nvidia/crawler_control/devel/share/common-lisp/ros/mower_msgs/msg/LidarSelfDtect.lisp)
Linked: (/home/nvidia/crawler_control/devel/.private/mower_msgs/share/common-lisp/ros/mower_msgs/msg/_package_PlanType.lisp, /home/nvidia/crawler_control/devel/share/common-lisp/ros/mower_msgs/msg/_package_PlanType.lisp)
Linked: (/home/nvidia/crawler_control/devel/.private/mower_msgs/share/common-lisp/ros/mower_msgs/msg/_package_SegState.lisp, /home/nvidia/crawler_control/devel/share/common-lisp/ros/mower_msgs/msg/_package_SegState.lisp)
Linked: (/home/nvidia/crawler_control/devel/.private/mower_msgs/share/common-lisp/ros/mower_msgs/msg/_package_ControlState.lisp, /home/nvidia/crawler_control/devel/share/common-lisp/ros/mower_msgs/msg/_package_ControlState.lisp)
Linked: (/home/nvidia/crawler_control/devel/.private/mower_msgs/share/common-lisp/ros/mower_msgs/msg/_package_VslamState.lisp, /home/nvidia/crawler_control/devel/share/common-lisp/ros/mower_msgs/msg/_package_VslamState.lisp)
Linked: (/home/nvidia/crawler_control/devel/.private/mower_msgs/share/common-lisp/ros/mower_msgs/msg/Manual_Driving_Cmd.lisp, /home/nvidia/crawler_control/devel/share/common-lisp/ros/mower_msgs/msg/Manual_Driving_Cmd.lisp)
Linked: (/home/nvidia/crawler_control/devel/.private/mower_msgs/share/common-lisp/ros/mower_msgs/msg/_package_Position.lisp, /home/nvidia/crawler_control/devel/share/common-lisp/ros/mower_msgs/msg/_package_Position.lisp)
Linked: (/home/nvidia/crawler_control/devel/.private/mower_msgs/share/common-lisp/ros/mower_msgs/msg/_package.lisp, /home/nvidia/crawler_control/devel/share/common-lisp/ros/mower_msgs/msg/_package.lisp)
Linked: (/home/nvidia/crawler_control/devel/.private/mower_msgs/share/common-lisp/ros/mower_msgs/msg/_package_MultiMapSelfDetect.lisp, /home/nvidia/crawler_control/devel/share/common-lisp/ros/mower_msgs/msg/_package_MultiMapSelfDetect.lisp)
Linked: (/home/nvidia/crawler_control/devel/.private/mower_msgs/share/common-lisp/ros/mower_msgs/msg/mower_msgs-msg.asd, /home/nvidia/crawler_control/devel/share/common-lisp/ros/mower_msgs/msg/mower_msgs-msg.asd)
Linked: (/home/nvidia/crawler_control/devel/.private/mower_msgs/share/common-lisp/ros/mower_msgs/msg/ControlState.lisp, /home/nvidia/crawler_control/devel/share/common-lisp/ros/mower_msgs/msg/ControlState.lisp)
Linked: (/home/nvidia/crawler_control/devel/.private/mower_msgs/share/common-lisp/ros/mower_msgs/msg/_package_ControlError.lisp, /home/nvidia/crawler_control/devel/share/common-lisp/ros/mower_msgs/msg/_package_ControlError.lisp)
Linked: (/home/nvidia/crawler_control/devel/.private/mower_msgs/share/common-lisp/ros/mower_msgs/msg/_package_CamerargbState.lisp, /home/nvidia/crawler_control/devel/share/common-lisp/ros/mower_msgs/msg/_package_CamerargbState.lisp)
Linked: (/home/nvidia/crawler_control/devel/.private/mower_msgs/share/common-lisp/ros/mower_msgs/msg/CheckResult.lisp, /home/nvidia/crawler_control/devel/share/common-lisp/ros/mower_msgs/msg/CheckResult.lisp)
Linked: (/home/nvidia/crawler_control/devel/.private/mower_msgs/share/common-lisp/ros/mower_msgs/msg/GnssOK.lisp, /home/nvidia/crawler_control/devel/share/common-lisp/ros/mower_msgs/msg/GnssOK.lisp)
Linked: (/home/nvidia/crawler_control/devel/.private/mower_msgs/share/common-lisp/ros/mower_msgs/msg/CameraState.lisp, /home/nvidia/crawler_control/devel/share/common-lisp/ros/mower_msgs/msg/CameraState.lisp)
Linked: (/home/nvidia/crawler_control/devel/.private/mower_msgs/share/common-lisp/ros/mower_msgs/msg/_package_ControlOk.lisp, /home/nvidia/crawler_control/devel/share/common-lisp/ros/mower_msgs/msg/_package_ControlOk.lisp)
Linked: (/home/nvidia/crawler_control/devel/.private/mower_msgs/share/common-lisp/ros/mower_msgs/msg/_package_LocalPath.lisp, /home/nvidia/crawler_control/devel/share/common-lisp/ros/mower_msgs/msg/_package_LocalPath.lisp)
Linked: (/home/nvidia/crawler_control/devel/.private/mower_msgs/share/common-lisp/ros/mower_msgs/msg/_package_GnssOK.lisp, /home/nvidia/crawler_control/devel/share/common-lisp/ros/mower_msgs/msg/_package_GnssOK.lisp)
Linked: (/home/nvidia/crawler_control/devel/.private/mower_msgs/share/common-lisp/ros/mower_msgs/msg/Direct_Control.lisp, /home/nvidia/crawler_control/devel/share/common-lisp/ros/mower_msgs/msg/Direct_Control.lisp)
Linked: (/home/nvidia/crawler_control/devel/.private/mower_msgs/share/common-lisp/ros/mower_msgs/msg/VehicleStatus.lisp, /home/nvidia/crawler_control/devel/share/common-lisp/ros/mower_msgs/msg/VehicleStatus.lisp)
Linked: (/home/nvidia/crawler_control/devel/.private/mower_msgs/share/common-lisp/ros/mower_msgs/msg/MultiMapSelfDetect.lisp, /home/nvidia/crawler_control/devel/share/common-lisp/ros/mower_msgs/msg/MultiMapSelfDetect.lisp)
Linked: (/home/nvidia/crawler_control/devel/.private/mower_msgs/share/common-lisp/ros/mower_msgs/msg/_package_Manual_Set.lisp, /home/nvidia/crawler_control/devel/share/common-lisp/ros/mower_msgs/msg/_package_Manual_Set.lisp)
Linked: (/home/nvidia/crawler_control/devel/.private/mower_msgs/share/common-lisp/ros/mower_msgs/msg/Manual_Set.lisp, /home/nvidia/crawler_control/devel/share/common-lisp/ros/mower_msgs/msg/Manual_Set.lisp)
Linked: (/home/nvidia/crawler_control/devel/.private/mower_msgs/share/common-lisp/ros/mower_msgs/msg/_package_TimeAreaLeft.lisp, /home/nvidia/crawler_control/devel/share/common-lisp/ros/mower_msgs/msg/_package_TimeAreaLeft.lisp)
Linked: (/home/nvidia/crawler_control/devel/.private/mower_msgs/share/common-lisp/ros/mower_msgs/msg/_package_Vslam.lisp, /home/nvidia/crawler_control/devel/share/common-lisp/ros/mower_msgs/msg/_package_Vslam.lisp)
Linked: (/home/nvidia/crawler_control/devel/.private/mower_msgs/share/common-lisp/ros/mower_msgs/msg/_package_Manual_Driving_Cmd.lisp, /home/nvidia/crawler_control/devel/share/common-lisp/ros/mower_msgs/msg/_package_Manual_Driving_Cmd.lisp)
Linked: (/home/nvidia/crawler_control/devel/.private/mower_msgs/share/common-lisp/ros/mower_msgs/msg/PlaningOK.lisp, /home/nvidia/crawler_control/devel/share/common-lisp/ros/mower_msgs/msg/PlaningOK.lisp)
Linked: (/home/nvidia/crawler_control/devel/.private/mower_msgs/share/common-lisp/ros/mower_msgs/msg/_package_Fault_Code.lisp, /home/nvidia/crawler_control/devel/share/common-lisp/ros/mower_msgs/msg/_package_Fault_Code.lisp)
Linked: (/home/nvidia/crawler_control/devel/.private/mower_msgs/share/common-lisp/ros/mower_msgs/msg/ControlError.lisp, /home/nvidia/crawler_control/devel/share/common-lisp/ros/mower_msgs/msg/ControlError.lisp)
Linked: (/home/nvidia/crawler_control/devel/.private/mower_msgs/share/common-lisp/ros/mower_msgs/msg/TimeAreaLeft.lisp, /home/nvidia/crawler_control/devel/share/common-lisp/ros/mower_msgs/msg/TimeAreaLeft.lisp)
Linked: (/home/nvidia/crawler_control/devel/.private/mower_msgs/share/common-lisp/ros/mower_msgs/msg/_package_TaskStatus.lisp, /home/nvidia/crawler_control/devel/share/common-lisp/ros/mower_msgs/msg/_package_TaskStatus.lisp)
Linked: (/home/nvidia/crawler_control/devel/.private/mower_msgs/share/common-lisp/ros/mower_msgs/msg/_package_LidarSelfDtect.lisp, /home/nvidia/crawler_control/devel/share/common-lisp/ros/mower_msgs/msg/_package_LidarSelfDtect.lisp)
Linked: (/home/nvidia/crawler_control/devel/.private/mower_msgs/share/common-lisp/ros/mower_msgs/msg/VehicleInfo.lisp, /home/nvidia/crawler_control/devel/share/common-lisp/ros/mower_msgs/msg/VehicleInfo.lisp)
Linked: (/home/nvidia/crawler_control/devel/.private/mower_msgs/share/common-lisp/ros/mower_msgs/msg/_package_Direct_Control.lisp, /home/nvidia/crawler_control/devel/share/common-lisp/ros/mower_msgs/msg/_package_Direct_Control.lisp)
Linked: (/home/nvidia/crawler_control/devel/.private/mower_msgs/share/common-lisp/ros/mower_msgs/msg/PlanType.lisp, /home/nvidia/crawler_control/devel/share/common-lisp/ros/mower_msgs/msg/PlanType.lisp)
Linked: (/home/nvidia/crawler_control/devel/.private/mower_msgs/share/common-lisp/ros/mower_msgs/msg/SegState.lisp, /home/nvidia/crawler_control/devel/share/common-lisp/ros/mower_msgs/msg/SegState.lisp)
Linked: (/home/nvidia/crawler_control/devel/.private/mower_msgs/share/common-lisp/ros/mower_msgs/msg/Vslam.lisp, /home/nvidia/crawler_control/devel/share/common-lisp/ros/mower_msgs/msg/Vslam.lisp)
Linked: (/home/nvidia/crawler_control/devel/.private/mower_msgs/share/common-lisp/ros/mower_msgs/msg/_package_PerceptionSelfDetect.lisp, /home/nvidia/crawler_control/devel/share/common-lisp/ros/mower_msgs/msg/_package_PerceptionSelfDetect.lisp)
Linked: (/home/nvidia/crawler_control/devel/.private/mower_msgs/share/common-lisp/ros/mower_msgs/msg/Monitor.lisp, /home/nvidia/crawler_control/devel/share/common-lisp/ros/mower_msgs/msg/Monitor.lisp)
Linked: (/home/nvidia/crawler_control/devel/.private/mower_msgs/share/common-lisp/ros/mower_msgs/msg/Fault_Code.lisp, /home/nvidia/crawler_control/devel/share/common-lisp/ros/mower_msgs/msg/Fault_Code.lisp)
Linked: (/home/nvidia/crawler_control/devel/.private/mower_msgs/share/common-lisp/ros/mower_msgs/msg/_package_PlaningOK.lisp, /home/nvidia/crawler_control/devel/share/common-lisp/ros/mower_msgs/msg/_package_PlaningOK.lisp)
Linked: (/home/nvidia/crawler_control/devel/.private/mower_msgs/share/common-lisp/ros/mower_msgs/msg/_package_VehicleInfo.lisp, /home/nvidia/crawler_control/devel/share/common-lisp/ros/mower_msgs/msg/_package_VehicleInfo.lisp)
Linked: (/home/nvidia/crawler_control/devel/.private/mower_msgs/share/common-lisp/ros/mower_msgs/msg/TaskStatus.lisp, /home/nvidia/crawler_control/devel/share/common-lisp/ros/mower_msgs/msg/TaskStatus.lisp)
Linked: (/home/nvidia/crawler_control/devel/.private/mower_msgs/share/common-lisp/ros/mower_msgs/msg/_package_CameraState.lisp, /home/nvidia/crawler_control/devel/share/common-lisp/ros/mower_msgs/msg/_package_CameraState.lisp)
Linked: (/home/nvidia/crawler_control/devel/.private/mower_msgs/share/common-lisp/ros/mower_msgs/msg/_package_Monitor.lisp, /home/nvidia/crawler_control/devel/share/common-lisp/ros/mower_msgs/msg/_package_Monitor.lisp)
Linked: (/home/nvidia/crawler_control/devel/.private/mower_msgs/share/common-lisp/ros/mower_msgs/msg/VehicleCmd.lisp, /home/nvidia/crawler_control/devel/share/common-lisp/ros/mower_msgs/msg/VehicleCmd.lisp)
Linked: (/home/nvidia/crawler_control/devel/.private/mower_msgs/share/common-lisp/ros/mower_msgs/srv/_package.lisp, /home/nvidia/crawler_control/devel/share/common-lisp/ros/mower_msgs/srv/_package.lisp)
Linked: (/home/nvidia/crawler_control/devel/.private/mower_msgs/share/common-lisp/ros/mower_msgs/srv/Intervene.lisp, /home/nvidia/crawler_control/devel/share/common-lisp/ros/mower_msgs/srv/Intervene.lisp)
Linked: (/home/nvidia/crawler_control/devel/.private/mower_msgs/share/common-lisp/ros/mower_msgs/srv/_package_Intervene.lisp, /home/nvidia/crawler_control/devel/share/common-lisp/ros/mower_msgs/srv/_package_Intervene.lisp)
Linked: (/home/nvidia/crawler_control/devel/.private/mower_msgs/share/common-lisp/ros/mower_msgs/srv/mower_msgs-srv.asd, /home/nvidia/crawler_control/devel/share/common-lisp/ros/mower_msgs/srv/mower_msgs-srv.asd)
Linked: (/home/nvidia/crawler_control/devel/.private/mower_msgs/share/roseus/ros/mower_msgs/manifest.l, /home/nvidia/crawler_control/devel/share/roseus/ros/mower_msgs/manifest.l)
Linked: (/home/nvidia/crawler_control/devel/.private/mower_msgs/share/roseus/ros/mower_msgs/msg/ControlState.l, /home/nvidia/crawler_control/devel/share/roseus/ros/mower_msgs/msg/ControlState.l)
Linked: (/home/nvidia/crawler_control/devel/.private/mower_msgs/share/roseus/ros/mower_msgs/msg/Position.l, /home/nvidia/crawler_control/devel/share/roseus/ros/mower_msgs/msg/Position.l)
Linked: (/home/nvidia/crawler_control/devel/.private/mower_msgs/share/roseus/ros/mower_msgs/msg/PlanType.l, /home/nvidia/crawler_control/devel/share/roseus/ros/mower_msgs/msg/PlanType.l)
Linked: (/home/nvidia/crawler_control/devel/.private/mower_msgs/share/roseus/ros/mower_msgs/msg/MultiMapSelfDetect.l, /home/nvidia/crawler_control/devel/share/roseus/ros/mower_msgs/msg/MultiMapSelfDetect.l)
Linked: (/home/nvidia/crawler_control/devel/.private/mower_msgs/share/roseus/ros/mower_msgs/msg/Manual_Driving_Cmd.l, /home/nvidia/crawler_control/devel/share/roseus/ros/mower_msgs/msg/Manual_Driving_Cmd.l)
Linked: (/home/nvidia/crawler_control/devel/.private/mower_msgs/share/roseus/ros/mower_msgs/msg/Fault_Code.l, /home/nvidia/crawler_control/devel/share/roseus/ros/mower_msgs/msg/Fault_Code.l)
Linked: (/home/nvidia/crawler_control/devel/.private/mower_msgs/share/roseus/ros/mower_msgs/msg/SegState.l, /home/nvidia/crawler_control/devel/share/roseus/ros/mower_msgs/msg/SegState.l)
Linked: (/home/nvidia/crawler_control/devel/.private/mower_msgs/share/roseus/ros/mower_msgs/msg/ControlError.l, /home/nvidia/crawler_control/devel/share/roseus/ros/mower_msgs/msg/ControlError.l)
Linked: (/home/nvidia/crawler_control/devel/.private/mower_msgs/share/roseus/ros/mower_msgs/msg/VehicleStatus.l, /home/nvidia/crawler_control/devel/share/roseus/ros/mower_msgs/msg/VehicleStatus.l)
Linked: (/home/nvidia/crawler_control/devel/.private/mower_msgs/share/roseus/ros/mower_msgs/msg/LocalPath.l, /home/nvidia/crawler_control/devel/share/roseus/ros/mower_msgs/msg/LocalPath.l)
Linked: (/home/nvidia/crawler_control/devel/.private/mower_msgs/share/roseus/ros/mower_msgs/msg/TimeAreaLeft.l, /home/nvidia/crawler_control/devel/share/roseus/ros/mower_msgs/msg/TimeAreaLeft.l)
Linked: (/home/nvidia/crawler_control/devel/.private/mower_msgs/share/roseus/ros/mower_msgs/msg/CameraState.l, /home/nvidia/crawler_control/devel/share/roseus/ros/mower_msgs/msg/CameraState.l)
Linked: (/home/nvidia/crawler_control/devel/.private/mower_msgs/share/roseus/ros/mower_msgs/msg/VehicleCmd.l, /home/nvidia/crawler_control/devel/share/roseus/ros/mower_msgs/msg/VehicleCmd.l)
Linked: (/home/nvidia/crawler_control/devel/.private/mower_msgs/share/roseus/ros/mower_msgs/msg/VslamState.l, /home/nvidia/crawler_control/devel/share/roseus/ros/mower_msgs/msg/VslamState.l)
Linked: (/home/nvidia/crawler_control/devel/.private/mower_msgs/share/roseus/ros/mower_msgs/msg/ControlOk.l, /home/nvidia/crawler_control/devel/share/roseus/ros/mower_msgs/msg/ControlOk.l)
Linked: (/home/nvidia/crawler_control/devel/.private/mower_msgs/share/roseus/ros/mower_msgs/msg/LidarSelfDtect.l, /home/nvidia/crawler_control/devel/share/roseus/ros/mower_msgs/msg/LidarSelfDtect.l)
Linked: (/home/nvidia/crawler_control/devel/.private/mower_msgs/share/roseus/ros/mower_msgs/msg/Manual_Set.l, /home/nvidia/crawler_control/devel/share/roseus/ros/mower_msgs/msg/Manual_Set.l)
Linked: (/home/nvidia/crawler_control/devel/.private/mower_msgs/share/roseus/ros/mower_msgs/msg/Monitor.l, /home/nvidia/crawler_control/devel/share/roseus/ros/mower_msgs/msg/Monitor.l)
Linked: (/home/nvidia/crawler_control/devel/.private/mower_msgs/share/roseus/ros/mower_msgs/msg/Direct_Control.l, /home/nvidia/crawler_control/devel/share/roseus/ros/mower_msgs/msg/Direct_Control.l)
Linked: (/home/nvidia/crawler_control/devel/.private/mower_msgs/share/roseus/ros/mower_msgs/msg/PlaningOK.l, /home/nvidia/crawler_control/devel/share/roseus/ros/mower_msgs/msg/PlaningOK.l)
Linked: (/home/nvidia/crawler_control/devel/.private/mower_msgs/share/roseus/ros/mower_msgs/msg/VehicleInfo.l, /home/nvidia/crawler_control/devel/share/roseus/ros/mower_msgs/msg/VehicleInfo.l)
Linked: (/home/nvidia/crawler_control/devel/.private/mower_msgs/share/roseus/ros/mower_msgs/msg/CheckResult.l, /home/nvidia/crawler_control/devel/share/roseus/ros/mower_msgs/msg/CheckResult.l)
Linked: (/home/nvidia/crawler_control/devel/.private/mower_msgs/share/roseus/ros/mower_msgs/msg/CamerargbState.l, /home/nvidia/crawler_control/devel/share/roseus/ros/mower_msgs/msg/CamerargbState.l)
Linked: (/home/nvidia/crawler_control/devel/.private/mower_msgs/share/roseus/ros/mower_msgs/msg/TaskStatus.l, /home/nvidia/crawler_control/devel/share/roseus/ros/mower_msgs/msg/TaskStatus.l)
Linked: (/home/nvidia/crawler_control/devel/.private/mower_msgs/share/roseus/ros/mower_msgs/msg/GnssOK.l, /home/nvidia/crawler_control/devel/share/roseus/ros/mower_msgs/msg/GnssOK.l)
Linked: (/home/nvidia/crawler_control/devel/.private/mower_msgs/share/roseus/ros/mower_msgs/msg/PerceptionSelfDetect.l, /home/nvidia/crawler_control/devel/share/roseus/ros/mower_msgs/msg/PerceptionSelfDetect.l)
Linked: (/home/nvidia/crawler_control/devel/.private/mower_msgs/share/roseus/ros/mower_msgs/msg/Vslam.l, /home/nvidia/crawler_control/devel/share/roseus/ros/mower_msgs/msg/Vslam.l)
Linked: (/home/nvidia/crawler_control/devel/.private/mower_msgs/share/roseus/ros/mower_msgs/srv/Intervene.l, /home/nvidia/crawler_control/devel/share/roseus/ros/mower_msgs/srv/Intervene.l)
Linked: (/home/nvidia/crawler_control/devel/.private/mower_msgs/share/mower_msgs/cmake/mower_msgsConfig-version.cmake, /home/nvidia/crawler_control/devel/share/mower_msgs/cmake/mower_msgsConfig-version.cmake)
Linked: (/home/nvidia/crawler_control/devel/.private/mower_msgs/share/mower_msgs/cmake/mower_msgs-msg-paths.cmake, /home/nvidia/crawler_control/devel/share/mower_msgs/cmake/mower_msgs-msg-paths.cmake)
Linked: (/home/nvidia/crawler_control/devel/.private/mower_msgs/share/mower_msgs/cmake/mower_msgs-msg-extras.cmake, /home/nvidia/crawler_control/devel/share/mower_msgs/cmake/mower_msgs-msg-extras.cmake)
Linked: (/home/nvidia/crawler_control/devel/.private/mower_msgs/share/mower_msgs/cmake/mower_msgsConfig.cmake, /home/nvidia/crawler_control/devel/share/mower_msgs/cmake/mower_msgsConfig.cmake)
Linked: (/home/nvidia/crawler_control/devel/.private/mower_msgs/share/gennodejs/ros/mower_msgs/_index.js, /home/nvidia/crawler_control/devel/share/gennodejs/ros/mower_msgs/_index.js)
Linked: (/home/nvidia/crawler_control/devel/.private/mower_msgs/share/gennodejs/ros/mower_msgs/msg/LidarSelfDtect.js, /home/nvidia/crawler_control/devel/share/gennodejs/ros/mower_msgs/msg/LidarSelfDtect.js)
Linked: (/home/nvidia/crawler_control/devel/.private/mower_msgs/share/gennodejs/ros/mower_msgs/msg/GnssOK.js, /home/nvidia/crawler_control/devel/share/gennodejs/ros/mower_msgs/msg/GnssOK.js)
Linked: (/home/nvidia/crawler_control/devel/.private/mower_msgs/share/gennodejs/ros/mower_msgs/msg/ControlState.js, /home/nvidia/crawler_control/devel/share/gennodejs/ros/mower_msgs/msg/ControlState.js)
Linked: (/home/nvidia/crawler_control/devel/.private/mower_msgs/share/gennodejs/ros/mower_msgs/msg/TimeAreaLeft.js, /home/nvidia/crawler_control/devel/share/gennodejs/ros/mower_msgs/msg/TimeAreaLeft.js)
Linked: (/home/nvidia/crawler_control/devel/.private/mower_msgs/share/gennodejs/ros/mower_msgs/msg/VehicleCmd.js, /home/nvidia/crawler_control/devel/share/gennodejs/ros/mower_msgs/msg/VehicleCmd.js)
Linked: (/home/nvidia/crawler_control/devel/.private/mower_msgs/share/gennodejs/ros/mower_msgs/msg/CameraState.js, /home/nvidia/crawler_control/devel/share/gennodejs/ros/mower_msgs/msg/CameraState.js)
Linked: (/home/nvidia/crawler_control/devel/.private/mower_msgs/share/gennodejs/ros/mower_msgs/msg/VehicleStatus.js, /home/nvidia/crawler_control/devel/share/gennodejs/ros/mower_msgs/msg/VehicleStatus.js)
Linked: (/home/nvidia/crawler_control/devel/.private/mower_msgs/share/gennodejs/ros/mower_msgs/msg/_index.js, /home/nvidia/crawler_control/devel/share/gennodejs/ros/mower_msgs/msg/_index.js)
Linked: (/home/nvidia/crawler_control/devel/.private/mower_msgs/share/gennodejs/ros/mower_msgs/msg/MultiMapSelfDetect.js, /home/nvidia/crawler_control/devel/share/gennodejs/ros/mower_msgs/msg/MultiMapSelfDetect.js)
Linked: (/home/nvidia/crawler_control/devel/.private/mower_msgs/share/gennodejs/ros/mower_msgs/msg/Monitor.js, /home/nvidia/crawler_control/devel/share/gennodejs/ros/mower_msgs/msg/Monitor.js)
Linked: (/home/nvidia/crawler_control/devel/.private/mower_msgs/share/gennodejs/ros/mower_msgs/msg/Vslam.js, /home/nvidia/crawler_control/devel/share/gennodejs/ros/mower_msgs/msg/Vslam.js)
Linked: (/home/nvidia/crawler_control/devel/.private/mower_msgs/share/gennodejs/ros/mower_msgs/msg/LocalPath.js, /home/nvidia/crawler_control/devel/share/gennodejs/ros/mower_msgs/msg/LocalPath.js)
Linked: (/home/nvidia/crawler_control/devel/.private/mower_msgs/share/gennodejs/ros/mower_msgs/msg/Manual_Set.js, /home/nvidia/crawler_control/devel/share/gennodejs/ros/mower_msgs/msg/Manual_Set.js)
Linked: (/home/nvidia/crawler_control/devel/.private/mower_msgs/share/gennodejs/ros/mower_msgs/msg/Position.js, /home/nvidia/crawler_control/devel/share/gennodejs/ros/mower_msgs/msg/Position.js)
Linked: (/home/nvidia/crawler_control/devel/.private/mower_msgs/share/gennodejs/ros/mower_msgs/msg/PlanType.js, /home/nvidia/crawler_control/devel/share/gennodejs/ros/mower_msgs/msg/PlanType.js)
Linked: (/home/nvidia/crawler_control/devel/.private/mower_msgs/share/gennodejs/ros/mower_msgs/msg/ControlError.js, /home/nvidia/crawler_control/devel/share/gennodejs/ros/mower_msgs/msg/ControlError.js)
Linked: (/home/nvidia/crawler_control/devel/.private/mower_msgs/share/gennodejs/ros/mower_msgs/msg/SegState.js, /home/nvidia/crawler_control/devel/share/gennodejs/ros/mower_msgs/msg/SegState.js)
Linked: (/home/nvidia/crawler_control/devel/.private/mower_msgs/share/gennodejs/ros/mower_msgs/msg/VehicleInfo.js, /home/nvidia/crawler_control/devel/share/gennodejs/ros/mower_msgs/msg/VehicleInfo.js)
Linked: (/home/nvidia/crawler_control/devel/.private/mower_msgs/share/gennodejs/ros/mower_msgs/msg/Fault_Code.js, /home/nvidia/crawler_control/devel/share/gennodejs/ros/mower_msgs/msg/Fault_Code.js)
Linked: (/home/nvidia/crawler_control/devel/.private/mower_msgs/share/gennodejs/ros/mower_msgs/msg/CamerargbState.js, /home/nvidia/crawler_control/devel/share/gennodejs/ros/mower_msgs/msg/CamerargbState.js)
Linked: (/home/nvidia/crawler_control/devel/.private/mower_msgs/share/gennodejs/ros/mower_msgs/msg/PlaningOK.js, /home/nvidia/crawler_control/devel/share/gennodejs/ros/mower_msgs/msg/PlaningOK.js)
Linked: (/home/nvidia/crawler_control/devel/.private/mower_msgs/share/gennodejs/ros/mower_msgs/msg/VslamState.js, /home/nvidia/crawler_control/devel/share/gennodejs/ros/mower_msgs/msg/VslamState.js)
Linked: (/home/nvidia/crawler_control/devel/.private/mower_msgs/share/gennodejs/ros/mower_msgs/msg/TaskStatus.js, /home/nvidia/crawler_control/devel/share/gennodejs/ros/mower_msgs/msg/TaskStatus.js)
Linked: (/home/nvidia/crawler_control/devel/.private/mower_msgs/share/gennodejs/ros/mower_msgs/msg/Direct_Control.js, /home/nvidia/crawler_control/devel/share/gennodejs/ros/mower_msgs/msg/Direct_Control.js)
Linked: (/home/nvidia/crawler_control/devel/.private/mower_msgs/share/gennodejs/ros/mower_msgs/msg/Manual_Driving_Cmd.js, /home/nvidia/crawler_control/devel/share/gennodejs/ros/mower_msgs/msg/Manual_Driving_Cmd.js)
Linked: (/home/nvidia/crawler_control/devel/.private/mower_msgs/share/gennodejs/ros/mower_msgs/msg/PerceptionSelfDetect.js, /home/nvidia/crawler_control/devel/share/gennodejs/ros/mower_msgs/msg/PerceptionSelfDetect.js)
Linked: (/home/nvidia/crawler_control/devel/.private/mower_msgs/share/gennodejs/ros/mower_msgs/msg/ControlOk.js, /home/nvidia/crawler_control/devel/share/gennodejs/ros/mower_msgs/msg/ControlOk.js)
Linked: (/home/nvidia/crawler_control/devel/.private/mower_msgs/share/gennodejs/ros/mower_msgs/msg/CheckResult.js, /home/nvidia/crawler_control/devel/share/gennodejs/ros/mower_msgs/msg/CheckResult.js)
Linked: (/home/nvidia/crawler_control/devel/.private/mower_msgs/share/gennodejs/ros/mower_msgs/srv/_index.js, /home/nvidia/crawler_control/devel/share/gennodejs/ros/mower_msgs/srv/_index.js)
Linked: (/home/nvidia/crawler_control/devel/.private/mower_msgs/share/gennodejs/ros/mower_msgs/srv/Intervene.js, /home/nvidia/crawler_control/devel/share/gennodejs/ros/mower_msgs/srv/Intervene.js)
