[  0%] Built target util_generate_messages_cpp
[  0%] Built target util_generate_messages_lisp
[  0%] Built target geometry_msgs_generate_messages_eus
[  0%] Built target mower_msgs_generate_messages_lisp
[  0%] Built target rosgraph_msgs_generate_messages_eus
[  0%] Built target mower_msgs_generate_messages_eus
[  0%] Built target roscpp_generate_messages_nodejs
[  0%] Built target rosgraph_msgs_generate_messages_cpp
[  0%] Built target geometry_msgs_generate_messages_lisp
[  0%] Built target geometry_msgs_generate_messages_py
[  0%] Built target std_msgs_generate_messages_eus
[  0%] Built target mower_msgs_generate_messages_py
[  0%] Built target geometry_msgs_generate_messages_cpp
[  0%] Built target sensor_msgs_generate_messages_lisp
[  0%] Built target sensor_msgs_generate_messages_py
[  0%] Built target geometry_msgs_generate_messages_nodejs
[  0%] Built target roscpp_generate_messages_eus
[  0%] Built target sensor_msgs_generate_messages_nodejs
[  0%] Built target roscpp_generate_messages_cpp
[  0%] Built target roscpp_generate_messages_py
[  0%] Built target sensor_msgs_generate_messages_eus
[  0%] Built target rosgraph_msgs_generate_messages_lisp
[  0%] Built target util_generate_messages_py
[  0%] Built target rosgraph_msgs_generate_messages_py
[  0%] Built target mower_msgs_generate_messages_cpp
[  0%] Built target std_msgs_generate_messages_lisp
[  0%] Built target roscpp_generate_messages_lisp
[  0%] Built target util_generate_messages_eus
[  0%] Built target std_msgs_generate_messages_cpp
[  0%] Built target rosgraph_msgs_generate_messages_nodejs
[  0%] Built target sensor_msgs_generate_messages_cpp
[  0%] Built target mower_msgs_generate_messages_nodejs
[  0%] Built target std_msgs_generate_messages_py
[  0%] Built target std_msgs_generate_messages_nodejs
[  0%] Built target util_generate_messages_nodejs
[ 33%] [32mBuilding CXX object CMakeFiles/cloud_bridge_node.dir/src/cloud_bridge_node.cpp.o[0m
[ 66%] [32mBuilding CXX object CMakeFiles/cloud_bridge_node.dir/src/mqtt_client.cpp.o[0m
[100%] [32m[1mLinking CXX executable /home/huilian/hc26_6_30/crawler_control/devel/lib/cloud_bridge/cloud_bridge_node[0m
/usr/bin/ld: CMakeFiles/cloud_bridge_node.dir/src/mqtt_client.cpp.o: undefined reference to symbol 'MQTTProperties_free'
/usr/bin/ld: /usr/local/lib/libpaho-mqtt3as.so.1: error adding symbols: DSO missing from command line
collect2: error: ld returned 1 exit status
make[2]: *** [CMakeFiles/cloud_bridge_node.dir/build.make:214：/home/huilian/hc26_6_30/crawler_control/devel/lib/cloud_bridge/cloud_bridge_node] 错误 1
make[1]: *** [CMakeFiles/Makefile2:371：CMakeFiles/cloud_bridge_node.dir/all] 错误 2
make: *** [Makefile:141：all] 错误 2
