[  0%] Built target roscpp_generate_messages_nodejs
[  0%] Built target util_generate_messages_nodejs
[  0%] Built target rosgraph_msgs_generate_messages_cpp
[  0%] Built target mower_msgs_generate_messages_lisp
[  0%] Built target rosgraph_msgs_generate_messages_eus
[  0%] Built target std_msgs_generate_messages_eus
[  0%] Built target mower_msgs_generate_messages_py
[  0%] Built target roscpp_generate_messages_eus
[  0%] Built target roscpp_generate_messages_py
[  0%] Built target rosgraph_msgs_generate_messages_py
[  0%] Built target util_generate_messages_py
[  0%] Built target roscpp_generate_messages_lisp
[  0%] Built target rosgraph_msgs_generate_messages_lisp
[  0%] Built target roscpp_generate_messages_cpp
[  0%] Built target mower_msgs_generate_messages_nodejs
[  0%] Built target rosgraph_msgs_generate_messages_nodejs
[  0%] Built target std_msgs_generate_messages_lisp
[  0%] Built target std_msgs_generate_messages_cpp
[  0%] Built target std_msgs_generate_messages_py
[  0%] Built target mower_msgs_generate_messages_eus
[  0%] Built target mower_msgs_generate_messages_cpp
[  0%] Built target util_generate_messages_eus
[  0%] Built target util_generate_messages_cpp
[  0%] Built target util_generate_messages_lisp
[  0%] Built target std_msgs_generate_messages_nodejs
[35m[1mScanning dependencies of target cloud_bridge_node[0m
[ 66%] [32mBuilding CXX object CMakeFiles/cloud_bridge_node.dir/src/cloud_bridge_node.cpp.o[0m
[ 66%] [32mBuilding CXX object CMakeFiles/cloud_bridge_node.dir/src/mqtt_client.cpp.o[0m
[100%] [32m[1mLinking CXX executable /home/huilian/hc26_6_30/crawler_control/devel/lib/cloud_bridge/cloud_bridge_node[0m
[100%] Built target cloud_bridge_node
