Linked: (/home/nvidia/crawler_control/devel/.private/can_msgs/include/can_msgs/CanState.h, /home/nvidia/crawler_control/devel/include/can_msgs/CanState.h)
Linked: (/home/nvidia/crawler_control/devel/.private/can_msgs/include/can_msgs/Frame.h, /home/nvidia/crawler_control/devel/include/can_msgs/Frame.h)
Linked: (/home/nvidia/crawler_control/devel/.private/can_msgs/share/can_msgs/cmake/can_msgs-msg-paths.cmake, /home/nvidia/crawler_control/devel/share/can_msgs/cmake/can_msgs-msg-paths.cmake)
Linked: (/home/nvidia/crawler_control/devel/.private/can_msgs/share/can_msgs/cmake/can_msgsConfig-version.cmake, /home/nvidia/crawler_control/devel/share/can_msgs/cmake/can_msgsConfig-version.cmake)
Linked: (/home/nvidia/crawler_control/devel/.private/can_msgs/share/can_msgs/cmake/can_msgs-msg-extras.cmake, /home/nvidia/crawler_control/devel/share/can_msgs/cmake/can_msgs-msg-extras.cmake)
Linked: (/home/nvidia/crawler_control/devel/.private/can_msgs/share/can_msgs/cmake/can_msgsConfig.cmake, /home/nvidia/crawler_control/devel/share/can_msgs/cmake/can_msgsConfig.cmake)
Linked: (/home/nvidia/crawler_control/devel/.private/can_msgs/share/common-lisp/ros/can_msgs/msg/Frame.lisp, /home/nvidia/crawler_control/devel/share/common-lisp/ros/can_msgs/msg/Frame.lisp)
Linked: (/home/nvidia/crawler_control/devel/.private/can_msgs/share/common-lisp/ros/can_msgs/msg/can_msgs-msg.asd, /home/nvidia/crawler_control/devel/share/common-lisp/ros/can_msgs/msg/can_msgs-msg.asd)
Linked: (/home/nvidia/crawler_control/devel/.private/can_msgs/share/common-lisp/ros/can_msgs/msg/_package_CanState.lisp, /home/nvidia/crawler_control/devel/share/common-lisp/ros/can_msgs/msg/_package_CanState.lisp)
Linked: (/home/nvidia/crawler_control/devel/.private/can_msgs/share/common-lisp/ros/can_msgs/msg/_package.lisp, /home/nvidia/crawler_control/devel/share/common-lisp/ros/can_msgs/msg/_package.lisp)
Linked: (/home/nvidia/crawler_control/devel/.private/can_msgs/share/common-lisp/ros/can_msgs/msg/_package_Frame.lisp, /home/nvidia/crawler_control/devel/share/common-lisp/ros/can_msgs/msg/_package_Frame.lisp)
Linked: (/home/nvidia/crawler_control/devel/.private/can_msgs/share/common-lisp/ros/can_msgs/msg/CanState.lisp, /home/nvidia/crawler_control/devel/share/common-lisp/ros/can_msgs/msg/CanState.lisp)
Linked: (/home/nvidia/crawler_control/devel/.private/can_msgs/share/roseus/ros/can_msgs/manifest.l, /home/nvidia/crawler_control/devel/share/roseus/ros/can_msgs/manifest.l)
Linked: (/home/nvidia/crawler_control/devel/.private/can_msgs/share/roseus/ros/can_msgs/msg/Frame.l, /home/nvidia/crawler_control/devel/share/roseus/ros/can_msgs/msg/Frame.l)
Linked: (/home/nvidia/crawler_control/devel/.private/can_msgs/share/roseus/ros/can_msgs/msg/CanState.l, /home/nvidia/crawler_control/devel/share/roseus/ros/can_msgs/msg/CanState.l)
Linked: (/home/nvidia/crawler_control/devel/.private/can_msgs/share/gennodejs/ros/can_msgs/_index.js, /home/nvidia/crawler_control/devel/share/gennodejs/ros/can_msgs/_index.js)
Linked: (/home/nvidia/crawler_control/devel/.private/can_msgs/share/gennodejs/ros/can_msgs/msg/Frame.js, /home/nvidia/crawler_control/devel/share/gennodejs/ros/can_msgs/msg/Frame.js)
Linked: (/home/nvidia/crawler_control/devel/.private/can_msgs/share/gennodejs/ros/can_msgs/msg/_index.js, /home/nvidia/crawler_control/devel/share/gennodejs/ros/can_msgs/msg/_index.js)
Linked: (/home/nvidia/crawler_control/devel/.private/can_msgs/share/gennodejs/ros/can_msgs/msg/CanState.js, /home/nvidia/crawler_control/devel/share/gennodejs/ros/can_msgs/msg/CanState.js)
Linked: (/home/nvidia/crawler_control/devel/.private/can_msgs/lib/pkgconfig/can_msgs.pc, /home/nvidia/crawler_control/devel/lib/pkgconfig/can_msgs.pc)
Linked: (/home/nvidia/crawler_control/devel/.private/can_msgs/lib/python3/dist-packages/can_msgs/__init__.py, /home/nvidia/crawler_control/devel/lib/python3/dist-packages/can_msgs/__init__.py)
Linked: (/home/nvidia/crawler_control/devel/.private/can_msgs/lib/python3/dist-packages/can_msgs/msg/__init__.py, /home/nvidia/crawler_control/devel/lib/python3/dist-packages/can_msgs/msg/__init__.py)
Linked: (/home/nvidia/crawler_control/devel/.private/can_msgs/lib/python3/dist-packages/can_msgs/msg/_Frame.py, /home/nvidia/crawler_control/devel/lib/python3/dist-packages/can_msgs/msg/_Frame.py)
Linked: (/home/nvidia/crawler_control/devel/.private/can_msgs/lib/python3/dist-packages/can_msgs/msg/_CanState.py, /home/nvidia/crawler_control/devel/lib/python3/dist-packages/can_msgs/msg/_CanState.py)
