[35m[1mScanning dependencies of target std_msgs_generate_messages_cpp[0m
[35m[1mScanning dependencies of target pure_pursuit[0m
[35m[1mScanning dependencies of target std_msgs_generate_messages_nodejs[0m
[35m[1mScanning dependencies of target _pure_pursuit_generate_messages_check_deps_TurnCompleted[0m
[35m[1mScanning dependencies of target std_msgs_generate_messages_py[0m
[  0%] Built target std_msgs_generate_messages_cpp
[  0%] Built target std_msgs_generate_messages_nodejs
[  0%] Built target std_msgs_generate_messages_py
[ 10%] [32mBuilding CXX object CMakeFiles/pure_pursuit.dir/src/main.cpp.o[0m
[35m[1mScanning dependencies of target std_msgs_generate_messages_lisp[0m
[ 10%] Built target std_msgs_generate_messages_lisp
[35m[1mScanning dependencies of target std_msgs_generate_messages_eus[0m
[ 10%] Built target std_msgs_generate_messages_eus
[ 20%] [32mBuilding CXX object CMakeFiles/pure_pursuit.dir/src/pure_pursuit.cpp.o[0m
[ 20%] Built target _pure_pursuit_generate_messages_check_deps_TurnCompleted
[35m[1mScanning dependencies of target pure_pursuit_generate_messages_cpp[0m
[35m[1mScanning dependencies of target pure_pursuit_generate_messages_py[0m
[35m[1mScanning dependencies of target pure_pursuit_generate_messages_nodejs[0m
[ 30%] [34m[1mGenerating C++ code from pure_pursuit/TurnCompleted.srv[0m
[ 40%] [34m[1mGenerating Javascript code from pure_pursuit/TurnCompleted.srv[0m
[ 50%] [34m[1mGenerating Python code from SRV pure_pursuit/TurnCompleted[0m
[ 50%] Built target pure_pursuit_generate_messages_nodejs
[35m[1mScanning dependencies of target pure_pursuit_generate_messages_lisp[0m
[ 60%] [34m[1mGenerating Lisp code from pure_pursuit/TurnCompleted.srv[0m
[ 60%] Built target pure_pursuit_generate_messages_cpp
[35m[1mScanning dependencies of target pure_pursuit_generate_messages_eus[0m
[ 70%] [34m[1mGenerating EusLisp code from pure_pursuit/TurnCompleted.srv[0m
[ 70%] Built target pure_pursuit_generate_messages_lisp
[ 80%] [34m[1mGenerating Python srv __init__.py for pure_pursuit[0m
[ 90%] [34m[1mGenerating EusLisp manifest code for pure_pursuit[0m
[ 90%] Built target pure_pursuit_generate_messages_py
[ 90%] Built target pure_pursuit_generate_messages_eus
[35m[1mScanning dependencies of target pure_pursuit_generate_messages[0m
[ 90%] Built target pure_pursuit_generate_messages
[100%] [32m[1mLinking CXX executable /home/huilian/hc26_6_30/crawler_control/devel/lib/pure_pursuit/pure_pursuit[0m
[100%] Built target pure_pursuit
