[01m[K/home/nvidia/crawler_control/src/pure_pursuit/src/pure_pursuit.cpp:387:12:[m[K [01;35m[Kwarning: [m[Kmissing terminating " character
  387 |   ROS_INFO([01;35m[K"[m[KD44#desire_speed_com %f,gear_flag %d,stop_tem %d,turn_flag
      |            [01;35m[K^[m[K
[01m[K/home/nvidia/crawler_control/src/pure_pursuit/src/pure_pursuit.cpp:388:19:[m[K [01;35m[Kwarning: [m[Kmissing terminating " character
  388 |   %d,turn_state %d[01;35m[K"[m[K, desire_speed_com, gear_flag, stop_tem_flag, turn_flag,
      |                   [01;35m[K^[m[K
In file included from [01m[K/opt/ros/noetic/include/ros/ros.h:40[m[K,
                 from [01m[K/home/nvidia/crawler_control/src/pure_pursuit/include/pure_pursuit/pure_pursuit.h:10[m[K,
                 from [01m[K/home/nvidia/crawler_control/src/pure_pursuit/src/pure_pursuit.cpp:3[m[K:
[01m[K/home/nvidia/crawler_control/src/pure_pursuit/src/pure_pursuit.cpp:387:12:[m[K [01;31m[Kerror: [m[Kmissing terminating " character
  387 |   ROS_INFO([01;31m[K"D44#desire_speed_com %f,gear_flag %d,stop_tem %d,turn_flag[m[K
      |            [01;31m[K^~~~~~~~~~~~~~~~~~~~~~~~~~~~~~~~~~~~~~~~~~~~~~~~~~~~~~~~~~~[m[K
[01m[K/opt/ros/noetic/include/ros/console.h:351:165:[m[K [01;36m[Knote: [m[Kin definition of macro ‘[01m[KROSCONSOLE_PRINT_AT_LOCATION_WITH_FILTER[m[K’
  351 |     ::ros::console::print(filter, __rosconsole_define_location__loc.logger_, __rosconsole_define_location__loc.level_, __FILE__, __LINE__, __ROSCONSOLE_FUNCTION__, [01;36m[K__VA_ARGS__[m[K)
      |                                                                                                                                                                     [01;36m[K^~~~~~~~~~~[m[K
[01m[K/opt/ros/noetic/include/ros/console.h:390:7:[m[K [01;36m[Knote: [m[Kin expansion of macro ‘[01m[KROSCONSOLE_PRINT_AT_LOCATION[m[K’
  390 |       [01;36m[KROSCONSOLE_PRINT_AT_LOCATION[m[K(__VA_ARGS__); \
      |       [01;36m[K^~~~~~~~~~~~~~~~~~~~~~~~~~~~[m[K
[01m[K/opt/ros/noetic/include/ros/console.h:575:35:[m[K [01;36m[Knote: [m[Kin expansion of macro ‘[01m[KROS_LOG_COND[m[K’
  575 | #define ROS_LOG(level, name, ...) [01;36m[KROS_LOG_COND[m[K(true, level, name, __VA_ARGS__)
      |                                   [01;36m[K^~~~~~~~~~~~[m[K
[01m[K/opt/ros/noetic/include/rosconsole/macros_generated.h:110:23:[m[K [01;36m[Knote: [m[Kin expansion of macro ‘[01m[KROS_LOG[m[K’
  110 | #define ROS_INFO(...) [01;36m[KROS_LOG[m[K(::ros::console::levels::Info, ROSCONSOLE_DEFAULT_NAME, __VA_ARGS__)
      |                       [01;36m[K^~~~~~~[m[K
[01m[K/home/nvidia/crawler_control/src/pure_pursuit/src/pure_pursuit.cpp:387:3:[m[K [01;36m[Knote: [m[Kin expansion of macro ‘[01m[KROS_INFO[m[K’
  387 |   [01;36m[KROS_INFO[m[K("D44#desire_speed_com %f,gear_flag %d,stop_tem %d,turn_flag
      |   [01;36m[K^~~~~~~~[m[K
[01m[K/home/nvidia/crawler_control/src/pure_pursuit/src/pure_pursuit.cpp:388:19:[m[K [01;31m[Kerror: [m[Kmissing terminating " character
  388 |   %d,turn_state %d[01;31m[K", desire_speed_com, gear_flag, stop_tem_flag, turn_flag,[m[K
      |                   [01;31m[K^~~~~~~~~~~~~~~~~~~~~~~~~~~~~~~~~~~~~~~~~~~~~~~~~~~~~~~~~[m[K
[01m[K/opt/ros/noetic/include/ros/console.h:351:165:[m[K [01;36m[Knote: [m[Kin definition of macro ‘[01m[KROSCONSOLE_PRINT_AT_LOCATION_WITH_FILTER[m[K’
  351 |     ::ros::console::print(filter, __rosconsole_define_location__loc.logger_, __rosconsole_define_location__loc.level_, __FILE__, __LINE__, __ROSCONSOLE_FUNCTION__, [01;36m[K__VA_ARGS__[m[K)
      |                                                                                                                                                                     [01;36m[K^~~~~~~~~~~[m[K
[01m[K/opt/ros/noetic/include/ros/console.h:390:7:[m[K [01;36m[Knote: [m[Kin expansion of macro ‘[01m[KROSCONSOLE_PRINT_AT_LOCATION[m[K’
  390 |       [01;36m[KROSCONSOLE_PRINT_AT_LOCATION[m[K(__VA_ARGS__); \
      |       [01;36m[K^~~~~~~~~~~~~~~~~~~~~~~~~~~~[m[K
[01m[K/opt/ros/noetic/include/ros/console.h:575:35:[m[K [01;36m[Knote: [m[Kin expansion of macro ‘[01m[KROS_LOG_COND[m[K’
  575 | #define ROS_LOG(level, name, ...) [01;36m[KROS_LOG_COND[m[K(true, level, name, __VA_ARGS__)
      |                                   [01;36m[K^~~~~~~~~~~~[m[K
[01m[K/opt/ros/noetic/include/rosconsole/macros_generated.h:110:23:[m[K [01;36m[Knote: [m[Kin expansion of macro ‘[01m[KROS_LOG[m[K’
  110 | #define ROS_INFO(...) [01;36m[KROS_LOG[m[K(::ros::console::levels::Info, ROSCONSOLE_DEFAULT_NAME, __VA_ARGS__)
      |                       [01;36m[K^~~~~~~[m[K
[01m[K/home/nvidia/crawler_control/src/pure_pursuit/src/pure_pursuit.cpp:387:3:[m[K [01;36m[Knote: [m[Kin expansion of macro ‘[01m[KROS_INFO[m[K’
  387 |   [01;36m[KROS_INFO[m[K("D44#desire_speed_com %f,gear_flag %d,stop_tem %d,turn_flag
      |   [01;36m[K^~~~~~~~[m[K
[01m[K/home/nvidia/crawler_control/src/pure_pursuit/src/pure_pursuit.cpp:[m[K In member function ‘[01m[Kvoid PurePursuit::setControl_main()[m[K’:
[01m[K/home/nvidia/crawler_control/src/pure_pursuit/src/pure_pursuit.cpp:388:3:[m[K [01;31m[Kerror: [m[Kexpected primary-expression before ‘[01m[K%[m[K’ token
  388 |   [01;31m[K%[m[Kd,turn_state %d", desire_speed_com, gear_flag, stop_tem_flag, turn_flag,
      |   [01;31m[K^[m[K
[01m[K/opt/ros/noetic/include/ros/console.h:351:165:[m[K [01;36m[Knote: [m[Kin definition of macro ‘[01m[KROSCONSOLE_PRINT_AT_LOCATION_WITH_FILTER[m[K’
  351 |     ::ros::console::print(filter, __rosconsole_define_location__loc.logger_, __rosconsole_define_location__loc.level_, __FILE__, __LINE__, __ROSCONSOLE_FUNCTION__, [01;36m[K__VA_ARGS__[m[K)
      |                                                                                                                                                                     [01;36m[K^~~~~~~~~~~[m[K
[01m[K/opt/ros/noetic/include/ros/console.h:390:7:[m[K [01;36m[Knote: [m[Kin expansion of macro ‘[01m[KROSCONSOLE_PRINT_AT_LOCATION[m[K’
  390 |       [01;36m[KROSCONSOLE_PRINT_AT_LOCATION[m[K(__VA_ARGS__); \
      |       [01;36m[K^~~~~~~~~~~~~~~~~~~~~~~~~~~~[m[K
[01m[K/opt/ros/noetic/include/ros/console.h:575:35:[m[K [01;36m[Knote: [m[Kin expansion of macro ‘[01m[KROS_LOG_COND[m[K’
  575 | #define ROS_LOG(level, name, ...) [01;36m[KROS_LOG_COND[m[K(true, level, name, __VA_ARGS__)
      |                                   [01;36m[K^~~~~~~~~~~~[m[K
[01m[K/opt/ros/noetic/include/rosconsole/macros_generated.h:110:23:[m[K [01;36m[Knote: [m[Kin expansion of macro ‘[01m[KROS_LOG[m[K’
  110 | #define ROS_INFO(...) [01;36m[KROS_LOG[m[K(::ros::console::levels::Info, ROSCONSOLE_DEFAULT_NAME, __VA_ARGS__)
      |                       [01;36m[K^~~~~~~[m[K
[01m[K/home/nvidia/crawler_control/src/pure_pursuit/src/pure_pursuit.cpp:387:3:[m[K [01;36m[Knote: [m[Kin expansion of macro ‘[01m[KROS_INFO[m[K’
  387 |   [01;36m[KROS_INFO[m[K("D44#desire_speed_com %f,gear_flag %d,stop_tem %d,turn_flag
      |   [01;36m[K^~~~~~~~[m[K
[01m[K/home/nvidia/crawler_control/src/pure_pursuit/src/pure_pursuit.cpp:388:4:[m[K [01;31m[Kerror: [m[K‘[01m[Kd[m[K’ was not declared in this scope
  388 |   %[01;31m[Kd[m[K,turn_state %d", desire_speed_com, gear_flag, stop_tem_flag, turn_flag,
      |    [01;31m[K^[m[K
[01m[K/opt/ros/noetic/include/ros/console.h:351:165:[m[K [01;36m[Knote: [m[Kin definition of macro ‘[01m[KROSCONSOLE_PRINT_AT_LOCATION_WITH_FILTER[m[K’
  351 |     ::ros::console::print(filter, __rosconsole_define_location__loc.logger_, __rosconsole_define_location__loc.level_, __FILE__, __LINE__, __ROSCONSOLE_FUNCTION__, [01;36m[K__VA_ARGS__[m[K)
      |                                                                                                                                                                     [01;36m[K^~~~~~~~~~~[m[K
[01m[K/opt/ros/noetic/include/ros/console.h:390:7:[m[K [01;36m[Knote: [m[Kin expansion of macro ‘[01m[KROSCONSOLE_PRINT_AT_LOCATION[m[K’
  390 |       [01;36m[KROSCONSOLE_PRINT_AT_LOCATION[m[K(__VA_ARGS__); \
      |       [01;36m[K^~~~~~~~~~~~~~~~~~~~~~~~~~~~[m[K
[01m[K/opt/ros/noetic/include/ros/console.h:575:35:[m[K [01;36m[Knote: [m[Kin expansion of macro ‘[01m[KROS_LOG_COND[m[K’
  575 | #define ROS_LOG(level, name, ...) [01;36m[KROS_LOG_COND[m[K(true, level, name, __VA_ARGS__)
      |                                   [01;36m[K^~~~~~~~~~~~[m[K
[01m[K/opt/ros/noetic/include/rosconsole/macros_generated.h:110:23:[m[K [01;36m[Knote: [m[Kin expansion of macro ‘[01m[KROS_LOG[m[K’
  110 | #define ROS_INFO(...) [01;36m[KROS_LOG[m[K(::ros::console::levels::Info, ROSCONSOLE_DEFAULT_NAME, __VA_ARGS__)
      |                       [01;36m[K^~~~~~~[m[K
[01m[K/home/nvidia/crawler_control/src/pure_pursuit/src/pure_pursuit.cpp:387:3:[m[K [01;36m[Knote: [m[Kin expansion of macro ‘[01m[KROS_INFO[m[K’
  387 |   [01;36m[KROS_INFO[m[K("D44#desire_speed_com %f,gear_flag %d,stop_tem %d,turn_flag
      |   [01;36m[K^~~~~~~~[m[K
make[2]: *** [CMakeFiles/pure_pursuit.dir/build.make:76: CMakeFiles/pure_pursuit.dir/src/pure_pursuit.cpp.o] Error 1
make[1]: *** [CMakeFiles/Makefile2:170: CMakeFiles/pure_pursuit.dir/all] Error 2
make: *** [Makefile:141: all] Error 2
