[35m[1mScanning dependencies of target _can_msgs_generate_messages_check_deps_Frame[0m
[35m[1mScanning dependencies of target std_msgs_generate_messages_cpp[0m
[35m[1mScanning dependencies of target std_msgs_generate_messages_lisp[0m
[35m[1mScanning dependencies of target std_msgs_generate_messages_eus[0m
[35m[1mScanning dependencies of target _can_msgs_generate_messages_check_deps_CanState[0m
[35m[1mScanning dependencies of target std_msgs_generate_messages_py[0m
[  0%] Built target std_msgs_generate_messages_cpp
[  0%] Built target std_msgs_generate_messages_eus
[  0%] Built target std_msgs_generate_messages_lisp
[  0%] Built target std_msgs_generate_messages_py
[35m[1mScanning dependencies of target std_msgs_generate_messages_nodejs[0m
[  0%] Built target std_msgs_generate_messages_nodejs
[  0%] Built target _can_msgs_generate_messages_check_deps_Frame
[  0%] Built target _can_msgs_generate_messages_check_deps_CanState
[35m[1mScanning dependencies of target can_msgs_generate_messages_cpp[0m
[  8%] [34m[1mGenerating C++ code from can_msgs/Frame.msg[0m
[ 16%] [34m[1mGenerating C++ code from can_msgs/CanState.msg[0m
[35m[1mScanning dependencies of target can_msgs_generate_messages_eus[0m
[ 16%] Built target can_msgs_generate_messages_cpp
[ 25%] [34m[1mGenerating EusLisp code from can_msgs/Frame.msg[0m
[35m[1mScanning dependencies of target can_msgs_generate_messages_lisp[0m
[35m[1mScanning dependencies of target can_msgs_generate_messages_py[0m
[ 33%] [34m[1mGenerating Python from MSG can_msgs/Frame[0m
[ 41%] [34m[1mGenerating Lisp code from can_msgs/Frame.msg[0m
[ 50%] [34m[1mGenerating EusLisp code from can_msgs/CanState.msg[0m
[ 58%] [34m[1mGenerating Lisp code from can_msgs/CanState.msg[0m
[ 66%] [34m[1mGenerating Python from MSG can_msgs/CanState[0m
[ 66%] Built target can_msgs_generate_messages_lisp
[ 75%] [34m[1mGenerating EusLisp manifest code for can_msgs[0m
[35m[1mScanning dependencies of target can_msgs_generate_messages_nodejs[0m
[ 83%] [34m[1mGenerating Javascript code from can_msgs/Frame.msg[0m
[ 91%] [34m[1mGenerating Javascript code from can_msgs/CanState.msg[0m
[ 91%] Built target can_msgs_generate_messages_nodejs
[100%] [34m[1mGenerating Python msg __init__.py for can_msgs[0m
[100%] Built target can_msgs_generate_messages_py
[100%] Built target can_msgs_generate_messages_eus
[35m[1mScanning dependencies of target can_msgs_generate_messages[0m
[100%] Built target can_msgs_generate_messages
